Archive member included to satisfy reference by file (symbol)

/Applications/STM32CubeIDE.app/Contents/Eclipse/plugins/com.st.stm32cube.ide.mcu.externaltools.gnu-tools-for-stm32.11.3.rel1.macos64_1.1.1.202309131626/tools/bin/../lib/gcc/arm-none-eabi/11.3.1/../../../../arm-none-eabi/lib/thumb/v7-m/nofp/libc_nano.a(libc_a-exit.o)
                              /Applications/STM32CubeIDE.app/Contents/Eclipse/plugins/com.st.stm32cube.ide.mcu.externaltools.gnu-tools-for-stm32.11.3.rel1.macos64_1.1.1.202309131626/tools/bin/../lib/gcc/arm-none-eabi/11.3.1/../../../../arm-none-eabi/lib/thumb/v7-m/nofp/crt0.o (exit)
/Applications/STM32CubeIDE.app/Contents/Eclipse/plugins/com.st.stm32cube.ide.mcu.externaltools.gnu-tools-for-stm32.11.3.rel1.macos64_1.1.1.202309131626/tools/bin/../lib/gcc/arm-none-eabi/11.3.1/../../../../arm-none-eabi/lib/thumb/v7-m/nofp/libc_nano.a(libc_a-findfp.o)
                              /Applications/STM32CubeIDE.app/Contents/Eclipse/plugins/com.st.stm32cube.ide.mcu.externaltools.gnu-tools-for-stm32.11.3.rel1.macos64_1.1.1.202309131626/tools/bin/../lib/gcc/arm-none-eabi/11.3.1/../../../../arm-none-eabi/lib/thumb/v7-m/nofp/libc_nano.a(libc_a-exit.o) (__stdio_exit_handler)
/Applications/STM32CubeIDE.app/Contents/Eclipse/plugins/com.st.stm32cube.ide.mcu.externaltools.gnu-tools-for-stm32.11.3.rel1.macos64_1.1.1.202309131626/tools/bin/../lib/gcc/arm-none-eabi/11.3.1/../../../../arm-none-eabi/lib/thumb/v7-m/nofp/libc_nano.a(libc_a-fwalk.o)
                              /Applications/STM32CubeIDE.app/Contents/Eclipse/plugins/com.st.stm32cube.ide.mcu.externaltools.gnu-tools-for-stm32.11.3.rel1.macos64_1.1.1.202309131626/tools/bin/../lib/gcc/arm-none-eabi/11.3.1/../../../../arm-none-eabi/lib/thumb/v7-m/nofp/libc_nano.a(libc_a-findfp.o) (_fwalk_sglue)
/Applications/STM32CubeIDE.app/Contents/Eclipse/plugins/com.st.stm32cube.ide.mcu.externaltools.gnu-tools-for-stm32.11.3.rel1.macos64_1.1.1.202309131626/tools/bin/../lib/gcc/arm-none-eabi/11.3.1/../../../../arm-none-eabi/lib/thumb/v7-m/nofp/libc_nano.a(libc_a-memset.o)
                              /Applications/STM32CubeIDE.app/Contents/Eclipse/plugins/com.st.stm32cube.ide.mcu.externaltools.gnu-tools-for-stm32.11.3.rel1.macos64_1.1.1.202309131626/tools/bin/../lib/gcc/arm-none-eabi/11.3.1/../../../../arm-none-eabi/lib/thumb/v7-m/nofp/crt0.o (memset)
/Applications/STM32CubeIDE.app/Contents/Eclipse/plugins/com.st.stm32cube.ide.mcu.externaltools.gnu-tools-for-stm32.11.3.rel1.macos64_1.1.1.202309131626/tools/bin/../lib/gcc/arm-none-eabi/11.3.1/../../../../arm-none-eabi/lib/thumb/v7-m/nofp/libc_nano.a(libc_a-impure.o)
                              /Applications/STM32CubeIDE.app/Contents/Eclipse/plugins/com.st.stm32cube.ide.mcu.externaltools.gnu-tools-for-stm32.11.3.rel1.macos64_1.1.1.202309131626/tools/bin/../lib/gcc/arm-none-eabi/11.3.1/../../../../arm-none-eabi/lib/thumb/v7-m/nofp/libc_nano.a(libc_a-findfp.o) (_impure_data)
/Applications/STM32CubeIDE.app/Contents/Eclipse/plugins/com.st.stm32cube.ide.mcu.externaltools.gnu-tools-for-stm32.11.3.rel1.macos64_1.1.1.202309131626/tools/bin/../lib/gcc/arm-none-eabi/11.3.1/../../../../arm-none-eabi/lib/thumb/v7-m/nofp/libc_nano.a(libc_a-errno.o)
                              ./Core/Src/syscalls.o (__errno)
/Applications/STM32CubeIDE.app/Contents/Eclipse/plugins/com.st.stm32cube.ide.mcu.externaltools.gnu-tools-for-stm32.11.3.rel1.macos64_1.1.1.202309131626/tools/bin/../lib/gcc/arm-none-eabi/11.3.1/../../../../arm-none-eabi/lib/thumb/v7-m/nofp/libc_nano.a(libc_a-init.o)
                              /Applications/STM32CubeIDE.app/Contents/Eclipse/plugins/com.st.stm32cube.ide.mcu.externaltools.gnu-tools-for-stm32.11.3.rel1.macos64_1.1.1.202309131626/tools/bin/../lib/gcc/arm-none-eabi/11.3.1/../../../../arm-none-eabi/lib/thumb/v7-m/nofp/crt0.o (__libc_init_array)
/Applications/STM32CubeIDE.app/Contents/Eclipse/plugins/com.st.stm32cube.ide.mcu.externaltools.gnu-tools-for-stm32.11.3.rel1.macos64_1.1.1.202309131626/tools/bin/../lib/gcc/arm-none-eabi/11.3.1/../../../../arm-none-eabi/lib/thumb/v7-m/nofp/libc_nano.a(libc_a-lock.o)
                              /Applications/STM32CubeIDE.app/Contents/Eclipse/plugins/com.st.stm32cube.ide.mcu.externaltools.gnu-tools-for-stm32.11.3.rel1.macos64_1.1.1.202309131626/tools/bin/../lib/gcc/arm-none-eabi/11.3.1/../../../../arm-none-eabi/lib/thumb/v7-m/nofp/libc_nano.a(libc_a-findfp.o) (__retarget_lock_init_recursive)
/Applications/STM32CubeIDE.app/Contents/Eclipse/plugins/com.st.stm32cube.ide.mcu.externaltools.gnu-tools-for-stm32.11.3.rel1.macos64_1.1.1.202309131626/tools/bin/../lib/gcc/arm-none-eabi/11.3.1/../../../../arm-none-eabi/lib/thumb/v7-m/nofp/libc_nano.a(libc_a-mallocr.o)
                              /Applications/STM32CubeIDE.app/Contents/Eclipse/plugins/com.st.stm32cube.ide.mcu.externaltools.gnu-tools-for-stm32.11.3.rel1.macos64_1.1.1.202309131626/tools/bin/../lib/gcc/arm-none-eabi/11.3.1/../../../../arm-none-eabi/lib/thumb/v7-m/nofp/libc_nano.a(libc_a-findfp.o) (_malloc_r)
[...]
Memory Configuration

Name             Origin             Length             Attributes
RAM              0x0000000020000000 0x0000000000005000 xrw
FLASH            0x0000000008000000 0x0000000000020000 xr
*default*        0x0000000000000000 0xffffffffffffffff

Linker script and memory map

LOAD /Applications/STM32CubeIDE.app/Contents/Eclipse/plugins/com.st.stm32cube.ide.mcu.externaltools.gnu-tools-for-stm32.11.3.rel1.macos64_1.1.1.202309131626/tools/bin/../lib/gcc/arm-none-eabi/11.3.1/thumb/v7-m/nofp/crti.o
LOAD /Applications/STM32CubeIDE.app/Contents/Eclipse/plugins/com.st.stm32cube.ide.mcu.externaltools.gnu-tools-for-stm32.11.3.rel1.macos64_1.1.1.202309131626/tools/bin/../lib/gcc/arm-none-eabi/11.3.1/thumb/v7-m/nofp/crtbegin.o
LOAD /Applications/STM32CubeIDE.app/Contents/Eclipse/plugins/com.st.stm32cube.ide.mcu.externaltools.gnu-tools-for-stm32.11.3.rel1.macos64_1.1.1.202309131626/tools/bin/../lib/gcc/arm-none-eabi/11.3.1/../../../../arm-none-eabi/lib/thumb/v7-m/nofp/crt0.o
LOAD ./Core/Src/button.o
LOAD ./Core/Src/fsm_clock.o
LOAD ./Core/Src/main.o
LOAD ./Core/Src/stm32f1xx_hal_msp.o
LOAD ./Core/Src/stm32f1xx_it.o
LOAD ./Core/Src/syscalls.o
LOAD ./Core/Src/sysmem.o
LOAD ./Core/Src/system_stm32f1xx.o
LOAD ./Core/Src/timer.o
LOAD ./Core/Startup/startup_stm32f103rbhx.o
LOAD ./Drivers/STM32F1xx_HAL_Driver/Src/stm32f1xx_hal.o
LOAD ./Drivers/STM32F1xx_HAL_Driver/Src/stm32f1xx_hal_cortex.o
LOAD ./Drivers/STM32F1xx_HAL_Driver/Src/stm32f1xx_hal_dma.o
LOAD ./Drivers/STM32F1xx_HAL_Driver/Src/stm32f1xx_hal_exti.o
LOAD ./Drivers/STM32F1xx_HAL_Driver/Src/stm32f1xx_hal_flash.o
LOAD ./Drivers/STM32F1xx_HAL_Driver/Src/stm32f1xx_hal_flash_ex.o
LOAD ./Drivers/STM32F1xx_HAL_Driver/Src/stm32f1xx_hal_gpio.o
LOAD ./Drivers/STM32F1xx_HAL_Driver/Src/stm32f1xx_hal_gpio_ex.o
LOAD ./Drivers/STM32F1xx_HAL_Driver/Src/stm32f1xx_hal_pwr.o
LOAD ./Drivers/STM32F1xx_HAL_Driver/Src/stm32f1xx_hal_rcc.o
LOAD ./Drivers/STM32F1xx_HAL_Driver/Src/stm32f1xx_hal_rcc_ex.o
LOAD ./Drivers/STM32F1xx_HAL_Driver/Src/stm32f1xx_hal_tim.o
LOAD ./Drivers/STM32F1xx_HAL_Driver/Src/stm32f1xx_hal_tim_ex.o
START GROUP
LOAD /Applications/STM32CubeIDE.app/Contents/Eclipse/plugins/com.st.stm32cube.ide.mcu.externaltools.gnu-tools-for-stm32.11.3.rel1.macos64_1.1.1.202309131626/tools/bin/../lib/gcc/arm-none-eabi/11.3.1/../../../../arm-none-eabi/lib/thumb/v7-m/nofp/libc_nano.a
LOAD /Applications/STM32CubeIDE.app/Contents/Eclipse/plugins/com.st.stm32cube.ide.mcu.externaltools.gnu-tools-for-stm32.11.3.rel1.macos64_1.1.1.202309131626/tools/bin/../lib/gcc/arm-none-eabi/11.3.1/../../../../arm-none-eabi/lib/thumb/v7-m/nofp/libm.a
END GROUP
START GROUP
LOAD /Applications/STM32CubeIDE.app/Contents/Eclipse/plugins/com.st.stm32cube.ide.mcu.externaltools.gnu-tools-for-stm32.11.3.rel1.macos64_1.1.1.202309131626/tools/bin/../lib/gcc/arm-none-eabi/11.3.1/thumb/v7-m/nofp/libgcc.a
LOAD /Applications/STM32CubeIDE.app/Contents/Eclipse/plugins/com.st.stm32cube.ide.mcu.externaltools.gnu-tools-for-stm32.11.3.rel1.macos64_1.1.1.202309131626/tools/bin/../lib/gcc/arm-none-eabi/11.3.1/../../../../arm-none-eabi/lib/thumb/v7-m/nofp/libc_nano.a
END GROUP
START GROUP
LOAD /Applications/STM32CubeIDE.app/Contents/Eclipse/plugins/com.st.stm32cube.ide.mcu.externaltools.gnu-tools-for-stm32.11.3.rel1.macos64_1.1.1.202309131626/tools/bin/../lib/gcc/arm-none-eabi/11.3.1/thumb/v7-m/nofp/libgcc.a
LOAD /Applications/STM32CubeIDE.app/Contents/Eclipse/plugins/com.st.stm32cube.ide.mcu.externaltools.gnu-tools-for-stm32.11.3.rel1.macos64_1.1.1.202309131626/tools/bin/../lib/gcc/arm-none-eabi/11.3.1/../../../../arm-none-eabi/lib/thumb/v7-m/nofp/libc_nano.a
LOAD /Applications/STM32CubeIDE.app/Contents/Eclipse/plugins/com.st.stm32cube.ide.mcu.externaltools.gnu-tools-for-stm32.11.3.rel1.macos64_1.1.1.202309131626/tools/bin/../lib/gcc/arm-none-eabi/11.3.1/../../../../arm-none-eabi/lib/thumb/v7-m/nofp/libnosys.a
END GROUP
START GROUP
LOAD /Applications/STM32CubeIDE.app/Contents/Eclipse/plugins/com.st.stm32cube.ide.mcu.externaltools.gnu-tools-for-stm32.11.3.rel1.macos64_1.1.1.202309131626/tools/bin/../lib/gcc/arm-none-eabi/11.3.1/thumb/v7-m/nofp/libgcc.a
LOAD /Applications/STM32CubeIDE.app/Contents/Eclipse/plugins/com.st.stm32cube.ide.mcu.externaltools.gnu-tools-for-stm32.11.3.rel1.macos64_1.1.1.202309131626/tools/bin/../lib/gcc/arm-none-eabi/11.3.1/../../../../arm-none-eabi/lib/thumb/v7-m/nofp/libc_nano.a
LOAD /Applications/STM32CubeIDE.app/Contents/Eclipse/plugins/com.st.stm32cube.ide.mcu.externaltools.gnu-tools-for-stm32.11.3.rel1.macos64_1.1.1.202309131626/tools/bin/../lib/gcc/arm-none-eabi/11.3.1/../../../../arm-none-eabi/lib/thumb/v7-m/nofp/libnosys.a
END GROUP
LOAD /Applications/STM32CubeIDE.app/Contents/Eclipse/plugins/com.st.stm32cube.ide.mcu.externaltools.gnu-tools-for-stm32.11.3.rel1.macos64_1.1.1.202309131626/tools/bin/../lib/gcc/arm-none-eabi/11.3.1/thumb/v7-m/nofp/crtend.o
LOAD /Applications/STM32CubeIDE.app/Contents/Eclipse/plugins/com.st.stm32cube.ide.mcu.externaltools.gnu-tools-for-stm32.11.3.rel1.macos64_1.1.1.202309131626/tools/bin/../lib/gcc/arm-none-eabi/11.3.1/thumb/v7-m/nofp/crtn.o
                0x0000000020005000                _estack = (ORIGIN (RAM) + LENGTH (RAM))
                0x0000000000000200                _Min_Heap_Size = 0x200
                0x0000000000000400                _Min_Stack_Size = 0x400

.isr_vector     0x0000000008000000      0x10c
                0x0000000008000000                . = ALIGN (0x4)
 *(.isr_vector)
 .isr_vector    0x0000000008000000      0x10c ./Core/Startup/startup_stm32f103rbhx.o
                0x0000000008000000                g_pfnVectors
                0x000000000800010c                . = ALIGN (0x4)

.text           0x000000000800010c     0x2458
                0x000000000800010c                . = ALIGN (0x4)
 *(.text)
 .text          0x000000000800010c       0x40 /Applications/STM32CubeIDE.app/Contents/Eclipse/plugins/com.st.stm32cube.ide.mcu.externaltools.gnu-tools-for-stm32.11.3.rel1.macos64_1.1.1.202309131626/tools/bin/../lib/gcc/arm-none-eabi/11.3.1/thumb/v7-m/nofp/crtbegin.o
 *(.text*)
 .text.isButtonPress
                0x000000000800014c       0x34 ./Core/Src/button.o
                0x000000000800014c                isButtonPress
 .text.isButtonLongPress
                0x0000000008000180       0x34 ./Core/Src/button.o
                0x0000000008000180                isButtonLongPress
 .text.button_reading
                0x00000000080001b4      0x1ec ./Core/Src/button.o
                0x00000000080001b4                button_reading
 .text.offAllLedMode
                0x00000000080003a0       0x30 ./Core/Src/fsm_clock.o
                0x00000000080003a0                offAllLedMode
 .text.changeLedMode
                0x00000000080003d0       0x70 ./Core/Src/fsm_clock.o
                0x00000000080003d0                changeLedMode
 .text.clearAllCLock
                0x0000000008000440       0xd0 ./Core/Src/fsm_clock.o
                0x0000000008000440                clearAllCLock
 .text.setNumberOnClock
                0x0000000008000510       0x30 ./Core/Src/fsm_clock.o
                0x0000000008000510                setNumberOnClock
 .text.clearNumberOnClock
                0x0000000008000540       0x30 ./Core/Src/fsm_clock.o
                0x0000000008000540                clearNumberOnClock
 .text.init_clock
                0x0000000008000570       0x94 ./Core/Src/fsm_clock.o
                0x0000000008000570                init_clock
 .text.setupClock
                0x0000000008000604      0x208 ./Core/Src/fsm_clock.o
                0x0000000008000604                setupClock
 .text.checkButtonClock
                0x000000000800080c       0xb0 ./Core/Src/fsm_clock.o
                0x000000000800080c                checkButtonClock
 .text.fsm_clock
                0x00000000080008bc      0x138 ./Core/Src/fsm_clock.o
                0x00000000080008bc                fsm_clock
 .text.main     0x00000000080009f4       0x50 ./Core/Src/main.o
                0x00000000080009f4                main
 .text.SystemClock_Config
                0x0000000008000a44       0x76 ./Core/Src/main.o
                0x0000000008000a44                SystemClock_Config
 *fill*         0x0000000008000aba        0x2 
 .text.MX_TIM2_Init
                0x0000000008000abc       0x98 ./Core/Src/main.o
 .text.MX_GPIO_Init
                0x0000000008000b54      0x120 ./Core/Src/main.o
 .text.HAL_TIM_PeriodElapsedCallback
                0x0000000008000c74       0x18 ./Core/Src/main.o
                0x0000000008000c74                HAL_TIM_PeriodElapsedCallback
 .text.Error_Handler
                0x0000000008000c8c        0xa ./Core/Src/main.o
                0x0000000008000c8c                Error_Handler
 *fill*         0x0000000008000c96        0x2 
 .text.HAL_MspInit
                0x0000000008000c98       0x64 ./Core/Src/stm32f1xx_hal_msp.o
                0x0000000008000c98                HAL_MspInit
 .text.HAL_TIM_Base_MspInit
                0x0000000008000cfc       0x48 ./Core/Src/stm32f1xx_hal_msp.o
                0x0000000008000cfc                HAL_TIM_Base_MspInit
 .text.NMI_Handler
                0x0000000008000d44        0x6 ./Core/Src/stm32f1xx_it.o
                0x0000000008000d44                NMI_Handler
 .text.HardFault_Handler
                0x0000000008000d4a        0x6 ./Core/Src/stm32f1xx_it.o
                0x0000000008000d4a                HardFault_Handler
 .text.MemManage_Handler
                0x0000000008000d50        0x6 ./Core/Src/stm32f1xx_it.o
                0x0000000008000d50                MemManage_Handler
 .text.BusFault_Handler
                0x0000000008000d56        0x6 ./Core/Src/stm32f1xx_it.o
                0x0000000008000d56                BusFault_Handler
 .text.UsageFault_Handler
                0x0000000008000d5c        0x6 ./Core/Src/stm32f1xx_it.o
                0x0000000008000d5c                UsageFault_Handler
 .text.SVC_Handler
                0x0000000008000d62        0xc ./Core/Src/stm32f1xx_it.o
                0x0000000008000d62                SVC_Handler
 .text.DebugMon_Handler
                0x0000000008000d6e        0xc ./Core/Src/stm32f1xx_it.o
                0x0000000008000d6e                DebugMon_Handler
 .text.PendSV_Handler
                0x0000000008000d7a        0xc ./Core/Src/stm32f1xx_it.o
                0x0000000008000d7a                PendSV_Handler
 .text.SysTick_Handler
                0x0000000008000d86        0xc ./Core/Src/stm32f1xx_it.o
                0x0000000008000d86                SysTick_Handler
 *fill*         0x0000000008000d92        0x2 
 .text.TIM2_IRQHandler
                0x0000000008000d94       0x14 ./Core/Src/stm32f1xx_it.o
                0x0000000008000d94                TIM2_IRQHandler
 .text.SystemInit
                0x0000000008000da8        0xc ./Core/Src/system_stm32f1xx.o
                0x0000000008000da8                SystemInit
 .text.setTimer1
                0x0000000008000db4       0x38 ./Core/Src/timer.o
                0x0000000008000db4                setTimer1
 .text.setTimer2
                0x0000000008000dec       0x38 ./Core/Src/timer.o
                0x0000000008000dec                setTimer2
 .text.timerRun
                0x0000000008000e24       0x84 ./Core/Src/timer.o
                0x0000000008000e24                timerRun
 .text.Reset_Handler
                0x0000000008000ea8       0x48 ./Core/Startup/startup_stm32f103rbhx.o
                0x0000000008000ea8                Reset_Handler
 .text.Default_Handler
                0x0000000008000ef0        0x2 ./Core/Startup/startup_stm32f103rbhx.o
                0x0000000008000ef0                USBWakeUp_IRQHandler
                0x0000000008000ef0                EXTI2_IRQHandler
                0x0000000008000ef0                TIM1_CC_IRQHandler
                0x0000000008000ef0                PVD_IRQHandler
                0x0000000008000ef0                EXTI3_IRQHandler
                0x0000000008000ef0                EXTI0_IRQHandler
                0x0000000008000ef0                I2C2_EV_IRQHandler
                0x0000000008000ef0                ADC1_2_IRQHandler
                0x0000000008000ef0                SPI1_IRQHandler
                0x0000000008000ef0                TAMPER_IRQHandler
                0x0000000008000ef0                DMA1_Channel4_IRQHandler
                0x0000000008000ef0                USART3_IRQHandler
                0x0000000008000ef0                RTC_IRQHandler
                0x0000000008000ef0                DMA1_Channel7_IRQHandler
                0x0000000008000ef0                CAN1_RX1_IRQHandler
                0x0000000008000ef0                TIM4_IRQHandler
                0x0000000008000ef0                I2C1_EV_IRQHandler
                0x0000000008000ef0                DMA1_Channel6_IRQHandler
                0x0000000008000ef0                TIM3_IRQHandler
                0x0000000008000ef0                RCC_IRQHandler
                0x0000000008000ef0                TIM1_TRG_COM_IRQHandler
                0x0000000008000ef0                DMA1_Channel1_IRQHandler
                0x0000000008000ef0                Default_Handler
                0x0000000008000ef0                EXTI15_10_IRQHandler
                0x0000000008000ef0                EXTI9_5_IRQHandler
                0x0000000008000ef0                SPI2_IRQHandler
                0x0000000008000ef0                DMA1_Channel5_IRQHandler
                0x0000000008000ef0                EXTI4_IRQHandler
                0x0000000008000ef0                USB_LP_CAN1_RX0_IRQHandler
                0x0000000008000ef0                USB_HP_CAN1_TX_IRQHandler
                0x0000000008000ef0                DMA1_Channel3_IRQHandler
                0x0000000008000ef0                TIM1_UP_IRQHandler
                0x0000000008000ef0                WWDG_IRQHandler
                0x0000000008000ef0                TIM1_BRK_IRQHandler
                0x0000000008000ef0                EXTI1_IRQHandler
                0x0000000008000ef0                USART2_IRQHandler
                0x0000000008000ef0                I2C2_ER_IRQHandler
                0x0000000008000ef0                DMA1_Channel2_IRQHandler
                0x0000000008000ef0                CAN1_SCE_IRQHandler
                0x0000000008000ef0                FLASH_IRQHandler
                0x0000000008000ef0                USART1_IRQHandler
                0x0000000008000ef0                I2C1_ER_IRQHandler
                0x0000000008000ef0                RTC_Alarm_IRQHandler
 *fill*         0x0000000008000ef2        0x2 
 .text.HAL_Init
                0x0000000008000ef4       0x2c ./Drivers/STM32F1xx_HAL_Driver/Src/stm32f1xx_hal.o
                0x0000000008000ef4                HAL_Init
 .text.HAL_InitTick
                0x0000000008000f20       0x60 ./Drivers/STM32F1xx_HAL_Driver/Src/stm32f1xx_hal.o
                0x0000000008000f20                HAL_InitTick
 .text.HAL_IncTick
                0x0000000008000f80       0x24 ./Drivers/STM32F1xx_HAL_Driver/Src/stm32f1xx_hal.o
                0x0000000008000f80                HAL_IncTick
 .text.HAL_GetTick
                0x0000000008000fa4       0x14 ./Drivers/STM32F1xx_HAL_Driver/Src/stm32f1xx_hal.o
                0x0000000008000fa4                HAL_GetTick
 .text.__NVIC_SetPriorityGrouping
                0x0000000008000fb8       0x48 ./Drivers/STM32F1xx_HAL_Driver/Src/stm32f1xx_hal_cortex.o
 .text.__NVIC_GetPriorityGrouping
                0x0000000008001000       0x1c ./Drivers/STM32F1xx_HAL_Driver/Src/stm32f1xx_hal_cortex.o
 .text.__NVIC_EnableIRQ
                0x000000000800101c       0x38 ./Drivers/STM32F1xx_HAL_Driver/Src/stm32f1xx_hal_cortex.o
 .text.__NVIC_SetPriority
                0x0000000008001054       0x54 ./Drivers/STM32F1xx_HAL_Driver/Src/stm32f1xx_hal_cortex.o
 .text.NVIC_EncodePriority
                0x00000000080010a8       0x64 ./Drivers/STM32F1xx_HAL_Driver/Src/stm32f1xx_hal_cortex.o
 .text.SysTick_Config
                0x000000000800110c       0x44 ./Drivers/STM32F1xx_HAL_Driver/Src/stm32f1xx_hal_cortex.o
 .text.HAL_NVIC_SetPriorityGrouping
                0x0000000008001150       0x16 ./Drivers/STM32F1xx_HAL_Driver/Src/stm32f1xx_hal_cortex.o
                0x0000000008001150                HAL_NVIC_SetPriorityGrouping
 .text.HAL_NVIC_SetPriority
                0x0000000008001166       0x38 ./Drivers/STM32F1xx_HAL_Driver/Src/stm32f1xx_hal_cortex.o
                0x0000000008001166                HAL_NVIC_SetPriority
 .text.HAL_NVIC_EnableIRQ
                0x000000000800119e       0x1c ./Drivers/STM32F1xx_HAL_Driver/Src/stm32f1xx_hal_cortex.o
                0x000000000800119e                HAL_NVIC_EnableIRQ
 .text.HAL_SYSTICK_Config
                0x00000000080011ba       0x18 ./Drivers/STM32F1xx_HAL_Driver/Src/stm32f1xx_hal_cortex.o
                0x00000000080011ba                HAL_SYSTICK_Config
 *fill*         0x00000000080011d2        0x2 
 .text.HAL_GPIO_Init
                0x00000000080011d4      0x308 ./Drivers/STM32F1xx_HAL_Driver/Src/stm32f1xx_hal_gpio.o
                0x00000000080011d4                HAL_GPIO_Init
 .text.HAL_GPIO_ReadPin
                0x00000000080014dc       0x2e ./Drivers/STM32F1xx_HAL_Driver/Src/stm32f1xx_hal_gpio.o
                0x00000000080014dc                HAL_GPIO_ReadPin
 .text.HAL_GPIO_WritePin
                0x000000000800150a       0x30 ./Drivers/STM32F1xx_HAL_Driver/Src/stm32f1xx_hal_gpio.o
                0x000000000800150a                HAL_GPIO_WritePin
 *fill*         0x000000000800153a        0x2 
 .text.HAL_RCC_OscConfig
                0x000000000800153c      0x504 ./Drivers/STM32F1xx_HAL_Driver/Src/stm32f1xx_hal_rcc.o
                0x000000000800153c                HAL_RCC_OscConfig
 .text.HAL_RCC_ClockConfig
                0x0000000008001a40      0x1d4 ./Drivers/STM32F1xx_HAL_Driver/Src/stm32f1xx_hal_rcc.o
                0x0000000008001a40                HAL_RCC_ClockConfig
 .text.HAL_RCC_GetSysClockFreq
                0x0000000008001c14       0xa8 ./Drivers/STM32F1xx_HAL_Driver/Src/stm32f1xx_hal_rcc.o
                0x0000000008001c14                HAL_RCC_GetSysClockFreq
 .text.RCC_Delay
                0x0000000008001cbc       0x3c ./Drivers/STM32F1xx_HAL_Driver/Src/stm32f1xx_hal_rcc.o
 .text.HAL_TIM_Base_Init
                0x0000000008001cf8       0x9e ./Drivers/STM32F1xx_HAL_Driver/Src/stm32f1xx_hal_tim.o
                0x0000000008001cf8                HAL_TIM_Base_Init
 *fill*         0x0000000008001d96        0x2 
 .text.HAL_TIM_Base_Start_IT
                0x0000000008001d98       0xa4 ./Drivers/STM32F1xx_HAL_Driver/Src/stm32f1xx_hal_tim.o
                0x0000000008001d98                HAL_TIM_Base_Start_IT
 .text.HAL_TIM_IRQHandler
                0x0000000008001e3c      0x210 ./Drivers/STM32F1xx_HAL_Driver/Src/stm32f1xx_hal_tim.o
                0x0000000008001e3c                HAL_TIM_IRQHandler
 .text.HAL_TIM_ConfigClockSource
                0x000000000800204c      0x18e ./Drivers/STM32F1xx_HAL_Driver/Src/stm32f1xx_hal_tim.o
                0x000000000800204c                HAL_TIM_ConfigClockSource
 .text.HAL_TIM_OC_DelayElapsedCallback
                0x00000000080021da       0x12 ./Drivers/STM32F1xx_HAL_Driver/Src/stm32f1xx_hal_tim.o
                0x00000000080021da                HAL_TIM_OC_DelayElapsedCallback
 .text.HAL_TIM_IC_CaptureCallback
                0x00000000080021ec       0x12 ./Drivers/STM32F1xx_HAL_Driver/Src/stm32f1xx_hal_tim.o
                0x00000000080021ec                HAL_TIM_IC_CaptureCallback
 .text.HAL_TIM_PWM_PulseFinishedCallback
                0x00000000080021fe       0x12 ./Drivers/STM32F1xx_HAL_Driver/Src/stm32f1xx_hal_tim.o
                0x00000000080021fe                HAL_TIM_PWM_PulseFinishedCallback
 .text.HAL_TIM_TriggerCallback
                0x0000000008002210       0x12 ./Drivers/STM32F1xx_HAL_Driver/Src/stm32f1xx_hal_tim.o
                0x0000000008002210                HAL_TIM_TriggerCallback
 *fill*         0x0000000008002222        0x2 
 .text.TIM_Base_SetConfig
                0x0000000008002224       0xc4 ./Drivers/STM32F1xx_HAL_Driver/Src/stm32f1xx_hal_tim.o
                0x0000000008002224                TIM_Base_SetConfig
 .text.TIM_TI1_ConfigInputStage
                0x00000000080022e8       0x5c ./Drivers/STM32F1xx_HAL_Driver/Src/stm32f1xx_hal_tim.o
 .text.TIM_TI2_ConfigInputStage
                0x0000000008002344       0x5e ./Drivers/STM32F1xx_HAL_Driver/Src/stm32f1xx_hal_tim.o
 .text.TIM_ITRx_SetConfig
                0x00000000080023a2       0x34 ./Drivers/STM32F1xx_HAL_Driver/Src/stm32f1xx_hal_tim.o
 .text.TIM_ETR_SetConfig
                0x00000000080023d6       0x3e ./Drivers/STM32F1xx_HAL_Driver/Src/stm32f1xx_hal_tim.o
                0x00000000080023d6                TIM_ETR_SetConfig
 .text.HAL_TIMEx_MasterConfigSynchronization
                0x0000000008002414       0xbc ./Drivers/STM32F1xx_HAL_Driver/Src/stm32f1xx_hal_tim_ex.o
                0x0000000008002414                HAL_TIMEx_MasterConfigSynchronization
 .text.HAL_TIMEx_CommutCallback
                0x00000000080024d0       0x12 ./Drivers/STM32F1xx_HAL_Driver/Src/stm32f1xx_hal_tim_ex.o
                0x00000000080024d0                HAL_TIMEx_CommutCallback
 .text.HAL_TIMEx_BreakCallback
                0x00000000080024e2       0x12 ./Drivers/STM32F1xx_HAL_Driver/Src/stm32f1xx_hal_tim_ex.o
                0x00000000080024e2                HAL_TIMEx_BreakCallback
 .text.memset   0x00000000080024f4       0x10 /Applications/STM32CubeIDE.app/Contents/Eclipse/plugins/com.st.stm32cube.ide.mcu.externaltools.gnu-tools-for-stm32.11.3.rel1.macos64_1.1.1.202309131626/tools/bin/../lib/gcc/arm-none-eabi/11.3.1/../../../../arm-none-eabi/lib/thumb/v7-m/nofp/libc_nano.a(libc_a-memset.o)
                0x00000000080024f4                memset
 .text.__libc_init_array
                0x0000000008002504       0x48 /Applications/STM32CubeIDE.app/Contents/Eclipse/plugins/com.st.stm32cube.ide.mcu.externaltools.gnu-tools-for-stm32.11.3.rel1.macos64_1.1.1.202309131626/tools/bin/../lib/gcc/arm-none-eabi/11.3.1/../../../../arm-none-eabi/lib/thumb/v7-m/nofp/libc_nano.a(libc_a-init.o)
                0x0000000008002504                __libc_init_array
 *(.glue_7)
 .glue_7        0x000000000800254c        0x0 linker stubs
 *(.glue_7t)
 .glue_7t       0x000000000800254c        0x0 linker stubs
 *(.eh_frame)
 .eh_frame      0x000000000800254c        0x0 /Applications/STM32CubeIDE.app/Contents/Eclipse/plugins/com.st.stm32cube.ide.mcu.externaltools.gnu-tools-for-stm32.11.3.rel1.macos64_1.1.1.202309131626/tools/bin/../lib/gcc/arm-none-eabi/11.3.1/thumb/v7-m/nofp/crtbegin.o
 *(.init)
 .init          0x000000000800254c        0x4 /Applications/STM32CubeIDE.app/Contents/Eclipse/plugins/com.st.stm32cube.ide.mcu.externaltools.gnu-tools-for-stm32.11.3.rel1.macos64_1.1.1.202309131626/tools/bin/../lib/gcc/arm-none-eabi/11.3.1/thumb/v7-m/nofp/crti.o
                0x000000000800254c                _init
 .init          0x0000000008002550        0x8 /Applications/STM32CubeIDE.app/Contents/Eclipse/plugins/com.st.stm32cube.ide.mcu.externaltools.gnu-tools-for-stm32.11.3.rel1.macos64_1.1.1.202309131626/tools/bin/../lib/gcc/arm-none-eabi/11.3.1/thumb/v7-m/nofp/crtn.o
 *(.fini)
 .fini          0x0000000008002558        0x4 /Applications/STM32CubeIDE.app/Contents/Eclipse/plugins/com.st.stm32cube.ide.mcu.externaltools.gnu-tools-for-stm32.11.3.rel1.macos64_1.1.1.202309131626/tools/bin/../lib/gcc/arm-none-eabi/11.3.1/thumb/v7-m/nofp/crti.o
                0x0000000008002558                _fini
 .fini          0x000000000800255c        0x8 /Applications/STM32CubeIDE.app/Contents/Eclipse/plugins/com.st.stm32cube.ide.mcu.externaltools.gnu-tools-for-stm32.11.3.rel1.macos64_1.1.1.202309131626/tools/bin/../lib/gcc/arm-none-eabi/11.3.1/thumb/v7-m/nofp/crtn.o
                0x0000000008002564                . = ALIGN (0x4)
                0x0000000008002564                _etext = .

.vfp11_veneer   0x0000000008002564        0x0
 .vfp11_veneer  0x0000000008002564        0x0 linker stubs

.v4_bx          0x0000000008002564        0x0
 .v4_bx         0x0000000008002564        0x0 linker stubs

.iplt           0x0000000008002564        0x0
 .iplt          0x0000000008002564        0x0 /Applications/STM32CubeIDE.app/Contents/Eclipse/plugins/com.st.stm32cube.ide.mcu.externaltools.gnu-tools-for-stm32.11.3.rel1.macos64_1.1.1.202309131626/tools/bin/../lib/gcc/arm-none-eabi/11.3.1/thumb/v7-m/nofp/crtbegin.o

.rodata         0x0000000008002564       0x24
                0x0000000008002564                . = ALIGN (0x4)
 *(.rodata)
 *(.rodata*)
 .rodata.AHBPrescTable
                0x0000000008002564       0x10 ./Core/Src/system_stm32f1xx.o
                0x0000000008002564                AHBPrescTable
 .rodata.aPLLMULFactorTable.1
                0x0000000008002574       0x10 ./Drivers/STM32F1xx_HAL_Driver/Src/stm32f1xx_hal_rcc.o
 .rodata.aPredivFactorTable.0
                0x0000000008002584        0x2 ./Drivers/STM32F1xx_HAL_Driver/Src/stm32f1xx_hal_rcc.o
                0x0000000008002588                . = ALIGN (0x4)
 *fill*         0x0000000008002586        0x2 

.rel.dyn        0x0000000008002588        0x0
 .rel.iplt      0x0000000008002588        0x0 /Applications/STM32CubeIDE.app/Contents/Eclipse/plugins/com.st.stm32cube.ide.mcu.externaltools.gnu-tools-for-stm32.11.3.rel1.macos64_1.1.1.202309131626/tools/bin/../lib/gcc/arm-none-eabi/11.3.1/thumb/v7-m/nofp/crtbegin.o

.ARM.extab      0x0000000008002588        0x0
                0x0000000008002588                . = ALIGN (0x4)
 *(.ARM.extab* .gnu.linkonce.armextab.*)
                0x0000000008002588                . = ALIGN (0x4)

.ARM            0x0000000008002588        0x0
                0x0000000008002588                . = ALIGN (0x4)
                0x0000000008002588                __exidx_start = .
 *(.ARM.exidx*)
                0x0000000008002588                __exidx_end = .
                0x0000000008002588                . = ALIGN (0x4)

.preinit_array  0x0000000008002588        0x0
                0x0000000008002588                . = ALIGN (0x4)
                0x0000000008002588                PROVIDE (__preinit_array_start = .)
 *(.preinit_array*)
                0x0000000008002588                PROVIDE (__preinit_array_end = .)
                0x0000000008002588                . = ALIGN (0x4)

.init_array     0x0000000008002588        0x4
                0x0000000008002588                . = ALIGN (0x4)
                0x0000000008002588                PROVIDE (__init_array_start = .)
 *(SORT_BY_NAME(.init_array.*))
 *(.init_array*)
 .init_array    0x0000000008002588        0x4 /Applications/STM32CubeIDE.app/Contents/Eclipse/plugins/com.st.stm32cube.ide.mcu.externaltools.gnu-tools-for-stm32.11.3.rel1.macos64_1.1.1.202309131626/tools/bin/../lib/gcc/arm-none-eabi/11.3.1/thumb/v7-m/nofp/crtbegin.o
                0x000000000800258c                PROVIDE (__init_array_end = .)
                0x000000000800258c                . = ALIGN (0x4)

.fini_array     0x000000000800258c        0x4
                0x000000000800258c                . = ALIGN (0x4)
                [!provide]                        PROVIDE (__fini_array_start = .)
 *(SORT_BY_NAME(.fini_array.*))
 *(.fini_array*)
 .fini_array    0x000000000800258c        0x4 /Applications/STM32CubeIDE.app/Contents/Eclipse/plugins/com.st.stm32cube.ide.mcu.externaltools.gnu-tools-for-stm32.11.3.rel1.macos64_1.1.1.202309131626/tools/bin/../lib/gcc/arm-none-eabi/11.3.1/thumb/v7-m/nofp/crtbegin.o
                [!provide]                        PROVIDE (__fini_array_end = .)
                0x0000000008002590                . = ALIGN (0x4)
                0x0000000008002590                _sidata = LOADADDR (.data)

.data           0x0000000020000000       0x64 load address 0x0000000008002590
                0x0000000020000000                . = ALIGN (0x4)
                0x0000000020000000                _sdata = .
 *(.data)
 *(.data*)
 .data.button_state_save
                0x0000000020000000        0xc ./Core/Src/button.o
 .data.pinArr   0x000000002000000c       0x18 ./Core/Src/fsm_clock.o
                0x000000002000000c                pinArr
 .data.portArr  0x0000000020000024       0x30 ./Core/Src/fsm_clock.o
                0x0000000020000024                portArr
 .data._step    0x0000000020000054        0x4 ./Core/Src/fsm_clock.o
                0x0000000020000054                _step
 .data.SystemCoreClock
                0x0000000020000058        0x4 ./Core/Src/system_stm32f1xx.o
                0x0000000020000058                SystemCoreClock
 .data.uwTickPrio
                0x000000002000005c        0x4 ./Drivers/STM32F1xx_HAL_Driver/Src/stm32f1xx_hal.o
                0x000000002000005c                uwTickPrio
 .data.uwTickFreq
                0x0000000020000060        0x1 ./Drivers/STM32F1xx_HAL_Driver/Src/stm32f1xx_hal.o
                0x0000000020000060                uwTickFreq
 *(.RamFunc)
 *(.RamFunc*)
                0x0000000020000064                . = ALIGN (0x4)
 *fill*         0x0000000020000061        0x3 
                0x0000000020000064                _edata = .

.igot.plt       0x0000000020000064        0x0 load address 0x00000000080025f4
 .igot.plt      0x0000000020000064        0x0 /Applications/STM32CubeIDE.app/Contents/Eclipse/plugins/com.st.stm32cube.ide.mcu.externaltools.gnu-tools-for-stm32.11.3.rel1.macos64_1.1.1.202309131626/tools/bin/../lib/gcc/arm-none-eabi/11.3.1/thumb/v7-m/nofp/crtbegin.o
                0x0000000020000064                . = ALIGN (0x4)

.bss            0x0000000020000064       0xe4 load address 0x00000000080025f4
                0x0000000020000064                _sbss = .
                0x0000000020000064                __bss_start__ = _sbss
 *(.bss)
 .bss           0x0000000020000064       0x1c /Applications/STM32CubeIDE.app/Contents/Eclipse/plugins/com.st.stm32cube.ide.mcu.externaltools.gnu-tools-for-stm32.11.3.rel1.macos64_1.1.1.202309131626/tools/bin/../lib/gcc/arm-none-eabi/11.3.1/thumb/v7-m/nofp/crtbegin.o
 *(.bss*)
 .bss.current_button_state
                0x0000000020000080        0xc ./Core/Src/button.o
 .bss.debounce_1
                0x000000002000008c        0xc ./Core/Src/button.o
 .bss.debounce_2
                0x0000000020000098        0xc ./Core/Src/button.o
 .bss.debounce_3
                0x00000000200000a4        0xc ./Core/Src/button.o
 .bss.counter_for_button_pressed
                0x00000000200000b0        0xc ./Core/Src/button.o
 .bss.button_flag
                0x00000000200000bc        0xc ./Core/Src/button.o
 .bss.button_flag_long
                0x00000000200000c8        0xc ./Core/Src/button.o
 .bss.second    0x00000000200000d4        0x4 ./Core/Src/fsm_clock.o
                0x00000000200000d4                second
 .bss.minute    0x00000000200000d8        0x4 ./Core/Src/fsm_clock.o
                0x00000000200000d8                minute
 .bss.hour      0x00000000200000dc        0x4 ./Core/Src/fsm_clock.o
                0x00000000200000dc                hour
 .bss.currentState
                0x00000000200000e0        0x1 ./Core/Src/fsm_clock.o
                0x00000000200000e0                currentState
 .bss.currentMode
                0x00000000200000e1        0x1 ./Core/Src/fsm_clock.o
                0x00000000200000e1                currentMode
 *fill*         0x00000000200000e2        0x2 
 .bss.htim2     0x00000000200000e4       0x48 ./Core/Src/main.o
                0x00000000200000e4                htim2
 .bss.timer1_flag
                0x000000002000012c        0x4 ./Core/Src/timer.o
                0x000000002000012c                timer1_flag
 .bss.timer1_duration
                0x0000000020000130        0x4 ./Core/Src/timer.o
                0x0000000020000130                timer1_duration
 .bss.timer2_flag
                0x0000000020000134        0x4 ./Core/Src/timer.o
                0x0000000020000134                timer2_flag
 .bss.timer2_duration
                0x0000000020000138        0x4 ./Core/Src/timer.o
                0x0000000020000138                timer2_duration
 .bss.timer3_flag
                0x000000002000013c        0x4 ./Core/Src/timer.o
                0x000000002000013c                timer3_flag
 .bss.timer3_duration
                0x0000000020000140        0x4 ./Core/Src/timer.o
                0x0000000020000140                timer3_duration
 .bss.uwTick    0x0000000020000144        0x4 ./Drivers/STM32F1xx_HAL_Driver/Src/stm32f1xx_hal.o
                0x0000000020000144                uwTick
 *(COMMON)
                0x0000000020000148                . = ALIGN (0x4)
                0x0000000020000148                _ebss = .
                0x0000000020000148                __bss_end__ = _ebss

._user_heap_stack
                0x0000000020000148      0x600 load address 0x00000000080025f4
                0x0000000020000148                . = ALIGN (0x8)
                [!provide]                        PROVIDE (end = .)
                0x0000000020000148                PROVIDE (_end = .)
                0x0000000020000348                . = (. + _Min_Heap_Size)
 *fill*         0x0000000020000148      0x200 
                0x0000000020000748                . = (. + _Min_Stack_Size)
 *fill*         0x0000000020000348      0x400 
                0x0000000020000748                . = ALIGN (0x8)

/DISCARD/
 libc.a(*)
 libm.a(*)
 libgcc.a(*)

.ARM.attributes
                0x0000000000000000       0x29
 *(.ARM.attributes)
 .ARM.attributes
                0x0000000000000000       0x1d /Applications/STM32CubeIDE.app/Contents/Eclipse/plugins/com.st.stm32cube.ide.mcu.externaltools.gnu-tools-for-stm32.11.3.rel1.macos64_1.1.1.202309131626/tools/bin/../lib/gcc/arm-none-eabi/11.3.1/thumb/v7-m/nofp/crti.o
 .ARM.attributes
                0x000000000000001d       0x2d /Applications/STM32CubeIDE.app/Contents/Eclipse/plugins/com.st.stm32cube.ide.mcu.externaltools.gnu-tools-for-stm32.11.3.rel1.macos64_1.1.1.202309131626/tools/bin/../lib/gcc/arm-none-eabi/11.3.1/thumb/v7-m/nofp/crtbegin.o
 .ARM.attributes
                0x000000000000004a       0x2d ./Core/Src/button.o
 .ARM.attributes
                0x0000000000000077       0x2d ./Core/Src/fsm_clock.o
 .ARM.attributes
                0x00000000000000a4       0x2d ./Core/Src/main.o
 .ARM.attributes
                0x00000000000000d1       0x2d ./Core/Src/stm32f1xx_hal_msp.o
 .ARM.attributes
                0x00000000000000fe       0x2d ./Core/Src/stm32f1xx_it.o
 .ARM.attributes
                0x000000000000012b       0x2d ./Core/Src/system_stm32f1xx.o
 .ARM.attributes
                0x0000000000000158       0x2d ./Core/Src/timer.o
 .ARM.attributes
                0x0000000000000185       0x21 ./Core/Startup/startup_stm32f103rbhx.o
 .ARM.attributes
                0x00000000000001a6       0x2d ./Drivers/STM32F1xx_HAL_Driver/Src/stm32f1xx_hal.o
 .ARM.attributes
                0x00000000000001d3       0x2d ./Drivers/STM32F1xx_HAL_Driver/Src/stm32f1xx_hal_cortex.o
 .ARM.attributes
                0x0000000000000200       0x2d ./Drivers/STM32F1xx_HAL_Driver/Src/stm32f1xx_hal_gpio.o
 .ARM.attributes
                0x000000000000022d       0x2d ./Drivers/STM32F1xx_HAL_Driver/Src/stm32f1xx_hal_rcc.o
 .ARM.attributes
                0x000000000000025a       0x2d ./Drivers/STM32F1xx_HAL_Driver/Src/stm32f1xx_hal_tim.o
 .ARM.attributes
                0x0000000000000287       0x2d ./Drivers/STM32F1xx_HAL_Driver/Src/stm32f1xx_hal_tim_ex.o
 .ARM.attributes
                0x00000000000002b4       0x2d /Applications/STM32CubeIDE.app/Contents/Eclipse/plugins/com.st.stm32cube.ide.mcu.externaltools.gnu-tools-for-stm32.11.3.rel1.macos64_1.1.1.202309131626/tools/bin/../lib/gcc/arm-none-eabi/11.3.1/../../../../arm-none-eabi/lib/thumb/v7-m/nofp/libc_nano.a(libc_a-memset.o)
 .ARM.attributes
                0x00000000000002e1       0x2d /Applications/STM32CubeIDE.app/Contents/Eclipse/plugins/com.st.stm32cube.ide.mcu.externaltools.gnu-tools-for-stm32.11.3.rel1.macos64_1.1.1.202309131626/tools/bin/../lib/gcc/arm-none-eabi/11.3.1/../../../../arm-none-eabi/lib/thumb/v7-m/nofp/libc_nano.a(libc_a-init.o)
 .ARM.attributes
                0x000000000000030e       0x1d /Applications/STM32CubeIDE.app/Contents/Eclipse/plugins/com.st.stm32cube.ide.mcu.externaltools.gnu-tools-for-stm32.11.3.rel1.macos64_1.1.1.202309131626/tools/bin/../lib/gcc/arm-none-eabi/11.3.1/thumb/v7-m/nofp/crtn.o
OUTPUT(DA_MCU_NEW.elf elf32-littlearm)
LOAD linker stubs
LOAD /Applications/STM32CubeIDE.app/Contents/Eclipse/plugins/com.st.stm32cube.ide.mcu.externaltools.gnu-tools-for-stm32.11.3.rel1.macos64_1.1.1.202309131626/tools/bin/../lib/gcc/arm-none-eabi/11.3.1/../../../../arm-none-eabi/lib/thumb/v7-m/nofp/libc.a
LOAD /Applications/STM32CubeIDE.app/Contents/Eclipse/plugins/com.st.stm32cube.ide.mcu.externaltools.gnu-tools-for-stm32.11.3.rel1.macos64_1.1.1.202309131626/tools/bin/../lib/gcc/arm-none-eabi/11.3.1/../../../../arm-none-eabi/lib/thumb/v7-m/nofp/libm.a
LOAD /Applications/STM32CubeIDE.app/Contents/Eclipse/plugins/com.st.stm32cube.ide.mcu.externaltools.gnu-tools-for-stm32.11.3.rel1.macos64_1.1.1.202309131626/tools/bin/../lib/gcc/arm-none-eabi/11.3.1/thumb/v7-m/nofp/libgcc.a

.comment        0x0000000000000000       0x43
 .comment       0x0000000000000000       0x43 /Applications/STM32CubeIDE.app/Contents/Eclipse/plugins/com.st.stm32cube.ide.mcu.externaltools.gnu-tools-for-stm32.11.3.rel1.macos64_1.1.1.202309131626/tools/bin/../lib/gcc/arm-none-eabi/11.3.1/thumb/v7-m/nofp/crtbegin.o
                                         0x44 (size before relaxing)
 .comment       0x0000000000000043       0x44 ./Core/Src/button.o
 .comment       0x0000000000000043       0x44 ./Core/Src/fsm_clock.o
 .comment       0x0000000000000043       0x44 ./Core/Src/main.o
 .comment       0x0000000000000043       0x44 ./Core/Src/stm32f1xx_hal_msp.o
 .comment       0x0000000000000043       0x44 ./Core/Src/stm32f1xx_it.o
 .comment       0x0000000000000043       0x44 ./Core/Src/system_stm32f1xx.o
 .comment       0x0000000000000043       0x44 ./Core/Src/timer.o
 .comment       0x0000000000000043       0x44 ./Drivers/STM32F1xx_HAL_Driver/Src/stm32f1xx_hal.o
 .comment       0x0000000000000043       0x44 ./Drivers/STM32F1xx_HAL_Driver/Src/stm32f1xx_hal_cortex.o
 .comment       0x0000000000000043       0x44 ./Drivers/STM32F1xx_HAL_Driver/Src/stm32f1xx_hal_gpio.o
 .comment       0x0000000000000043       0x44 ./Drivers/STM32F1xx_HAL_Driver/Src/stm32f1xx_hal_rcc.o
 .comment       0x0000000000000043       0x44 ./Drivers/STM32F1xx_HAL_Driver/Src/stm32f1xx_hal_tim.o
 .comment       0x0000000000000043       0x44 ./Drivers/STM32F1xx_HAL_Driver/Src/stm32f1xx_hal_tim_ex.o

.debug_info     0x0000000000000000     0x8246
 .debug_info    0x0000000000000000      0x292 ./Core/Src/button.o
 .debug_info    0x0000000000000292      0x364 ./Core/Src/fsm_clock.o
 .debug_info    0x00000000000005f6      0xbf1 ./Core/Src/main.o
 .debug_info    0x00000000000011e7      0x938 ./Core/Src/stm32f1xx_hal_msp.o
 .debug_info    0x0000000000001b1f      0x6a1 ./Core/Src/stm32f1xx_it.o
 .debug_info    0x00000000000021c0      0x222 ./Core/Src/system_stm32f1xx.o
 .debug_info    0x00000000000023e2      0x160 ./Core/Src/timer.o
 .debug_info    0x0000000000002542       0x23 ./Core/Startup/startup_stm32f103rbhx.o
 .debug_info    0x0000000000002565      0x704 ./Drivers/STM32F1xx_HAL_Driver/Src/stm32f1xx_hal.o
 .debug_info    0x0000000000002c69      0xa87 ./Drivers/STM32F1xx_HAL_Driver/Src/stm32f1xx_hal_cortex.o
 .debug_info    0x00000000000036f0      0x5ab ./Drivers/STM32F1xx_HAL_Driver/Src/stm32f1xx_hal_gpio.o
 .debug_info    0x0000000000003c9b      0x7d5 ./Drivers/STM32F1xx_HAL_Driver/Src/stm32f1xx_hal_rcc.o
 .debug_info    0x0000000000004470     0x293b ./Drivers/STM32F1xx_HAL_Driver/Src/stm32f1xx_hal_tim.o
 .debug_info    0x0000000000006dab     0x149b ./Drivers/STM32F1xx_HAL_Driver/Src/stm32f1xx_hal_tim_ex.o

.debug_abbrev   0x0000000000000000     0x198a
 .debug_abbrev  0x0000000000000000      0x186 ./Core/Src/button.o
 .debug_abbrev  0x0000000000000186      0x17a ./Core/Src/fsm_clock.o
 .debug_abbrev  0x0000000000000300      0x2c3 ./Core/Src/main.o
 .debug_abbrev  0x00000000000005c3      0x1ad ./Core/Src/stm32f1xx_hal_msp.o
 .debug_abbrev  0x0000000000000770      0x191 ./Core/Src/stm32f1xx_it.o
 .debug_abbrev  0x0000000000000901      0x13f ./Core/Src/system_stm32f1xx.o
 .debug_abbrev  0x0000000000000a40       0xc9 ./Core/Src/timer.o
 .debug_abbrev  0x0000000000000b09       0x12 ./Core/Startup/startup_stm32f103rbhx.o
 .debug_abbrev  0x0000000000000b1b      0x201 ./Drivers/STM32F1xx_HAL_Driver/Src/stm32f1xx_hal.o
 .debug_abbrev  0x0000000000000d1c      0x2f8 ./Drivers/STM32F1xx_HAL_Driver/Src/stm32f1xx_hal_cortex.o
 .debug_abbrev  0x0000000000001014      0x1ca ./Drivers/STM32F1xx_HAL_Driver/Src/stm32f1xx_hal_gpio.o
 .debug_abbrev  0x00000000000011de      0x2b3 ./Drivers/STM32F1xx_HAL_Driver/Src/stm32f1xx_hal_rcc.o
 .debug_abbrev  0x0000000000001491      0x277 ./Drivers/STM32F1xx_HAL_Driver/Src/stm32f1xx_hal_tim.o
 .debug_abbrev  0x0000000000001708      0x282 ./Drivers/STM32F1xx_HAL_Driver/Src/stm32f1xx_hal_tim_ex.o

.debug_aranges  0x0000000000000000      0xa00
 .debug_aranges
                0x0000000000000000       0x38 ./Core/Src/button.o
 .debug_aranges
                0x0000000000000038       0x60 ./Core/Src/fsm_clock.o
 .debug_aranges
                0x0000000000000098       0x48 ./Core/Src/main.o
 .debug_aranges
                0x00000000000000e0       0x30 ./Core/Src/stm32f1xx_hal_msp.o
 .debug_aranges
                0x0000000000000110       0x68 ./Core/Src/stm32f1xx_it.o
 .debug_aranges
                0x0000000000000178       0x28 ./Core/Src/system_stm32f1xx.o
 .debug_aranges
                0x00000000000001a0       0x38 ./Core/Src/timer.o
 .debug_aranges
                0x00000000000001d8       0x28 ./Core/Startup/startup_stm32f103rbhx.o
 .debug_aranges
                0x0000000000000200       0xe0 ./Drivers/STM32F1xx_HAL_Driver/Src/stm32f1xx_hal.o
 .debug_aranges
                0x00000000000002e0      0x100 ./Drivers/STM32F1xx_HAL_Driver/Src/stm32f1xx_hal_cortex.o
 .debug_aranges
                0x00000000000003e0       0x58 ./Drivers/STM32F1xx_HAL_Driver/Src/stm32f1xx_hal_gpio.o
 .debug_aranges
                0x0000000000000438       0x90 ./Drivers/STM32F1xx_HAL_Driver/Src/stm32f1xx_hal_rcc.o
 .debug_aranges
                0x00000000000004c8      0x3d0 ./Drivers/STM32F1xx_HAL_Driver/Src/stm32f1xx_hal_tim.o
 .debug_aranges
                0x0000000000000898      0x168 ./Drivers/STM32F1xx_HAL_Driver/Src/stm32f1xx_hal_tim_ex.o

.debug_rnglists
                0x0000000000000000      0x7aa
 .debug_rnglists
                0x0000000000000000       0x26 ./Core/Src/button.o
 .debug_rnglists
                0x0000000000000026       0x48 ./Core/Src/fsm_clock.o
 .debug_rnglists
                0x000000000000006e       0x33 ./Core/Src/main.o
 .debug_rnglists
                0x00000000000000a1       0x1f ./Core/Src/stm32f1xx_hal_msp.o
 .debug_rnglists
                0x00000000000000c0       0x49 ./Core/Src/stm32f1xx_it.o
 .debug_rnglists
                0x0000000000000109       0x1a ./Core/Src/system_stm32f1xx.o
 .debug_rnglists
                0x0000000000000123       0x26 ./Core/Src/timer.o
 .debug_rnglists
                0x0000000000000149       0x19 ./Core/Startup/startup_stm32f103rbhx.o
 .debug_rnglists
                0x0000000000000162       0xa3 ./Drivers/STM32F1xx_HAL_Driver/Src/stm32f1xx_hal.o
 .debug_rnglists
                0x0000000000000205       0xbb ./Drivers/STM32F1xx_HAL_Driver/Src/stm32f1xx_hal_cortex.o
 .debug_rnglists
                0x00000000000002c0       0x3f ./Drivers/STM32F1xx_HAL_Driver/Src/stm32f1xx_hal_gpio.o
 .debug_rnglists
                0x00000000000002ff       0x6c ./Drivers/STM32F1xx_HAL_Driver/Src/stm32f1xx_hal_rcc.o
 .debug_rnglists
                0x000000000000036b      0x31a ./Drivers/STM32F1xx_HAL_Driver/Src/stm32f1xx_hal_tim.o
 .debug_rnglists
                0x0000000000000685      0x125 ./Drivers/STM32F1xx_HAL_Driver/Src/stm32f1xx_hal_tim_ex.o

.debug_macro    0x0000000000000000    0x16cb7
 .debug_macro   0x0000000000000000      0x1b7 ./Core/Src/button.o
 .debug_macro   0x00000000000001b7      0xa9c ./Core/Src/button.o
 .debug_macro   0x0000000000000c53      0x215 ./Core/Src/button.o
 .debug_macro   0x0000000000000e68       0x2e ./Core/Src/button.o
 .debug_macro   0x0000000000000e96       0x22 ./Core/Src/button.o
 .debug_macro   0x0000000000000eb8       0x22 ./Core/Src/button.o
 .debug_macro   0x0000000000000eda       0x8e ./Core/Src/button.o
 .debug_macro   0x0000000000000f68       0x51 ./Core/Src/button.o
 .debug_macro   0x0000000000000fb9      0x103 ./Core/Src/button.o
 .debug_macro   0x00000000000010bc       0x6a ./Core/Src/button.o
 .debug_macro   0x0000000000001126      0x1df ./Core/Src/button.o
 .debug_macro   0x0000000000001305       0x1c ./Core/Src/button.o
 .debug_macro   0x0000000000001321       0x22 ./Core/Src/button.o
 .debug_macro   0x0000000000001343       0xbd ./Core/Src/button.o
 .debug_macro   0x0000000000001400      0xd23 ./Core/Src/button.o
 .debug_macro   0x0000000000002123     0xe09e ./Core/Src/button.o
 .debug_macro   0x00000000000101c1       0x6d ./Core/Src/button.o
 .debug_macro   0x000000000001022e     0x348d ./Core/Src/button.o
 .debug_macro   0x00000000000136bb      0x174 ./Core/Src/button.o
 .debug_macro   0x000000000001382f       0x5c ./Core/Src/button.o
 .debug_macro   0x000000000001388b      0x5bc ./Core/Src/button.o
 .debug_macro   0x0000000000013e47      0x289 ./Core/Src/button.o
 .debug_macro   0x00000000000140d0      0x1cb ./Core/Src/button.o
 .debug_macro   0x000000000001429b      0x114 ./Core/Src/button.o
 .debug_macro   0x00000000000143af      0x1b2 ./Core/Src/button.o
 .debug_macro   0x0000000000014561       0x27 ./Core/Src/button.o
 .debug_macro   0x0000000000014588      0x136 ./Core/Src/button.o
 .debug_macro   0x00000000000146be      0x1bc ./Core/Src/button.o
 .debug_macro   0x000000000001487a       0x34 ./Core/Src/button.o
 .debug_macro   0x00000000000148ae       0x3c ./Core/Src/button.o
 .debug_macro   0x00000000000148ea       0x57 ./Core/Src/button.o
 .debug_macro   0x0000000000014941       0x87 ./Core/Src/button.o
 .debug_macro   0x00000000000149c8      0x240 ./Core/Src/button.o
 .debug_macro   0x0000000000014c08      0x140 ./Core/Src/button.o
 .debug_macro   0x0000000000014d48      0x8ed ./Core/Src/button.o
 .debug_macro   0x0000000000015635       0x83 ./Core/Src/button.o
 .debug_macro   0x00000000000156b8       0xdc ./Core/Src/button.o
 .debug_macro   0x0000000000015794       0x40 ./Core/Src/button.o
 .debug_macro   0x00000000000157d4      0x1ca ./Core/Src/fsm_clock.o
 .debug_macro   0x000000000001599e       0x10 ./Core/Src/fsm_clock.o
 .debug_macro   0x00000000000159ae      0x1d7 ./Core/Src/main.o
 .debug_macro   0x0000000000015b85       0x46 ./Core/Src/main.o
 .debug_macro   0x0000000000015bcb      0x1a8 ./Core/Src/stm32f1xx_hal_msp.o
 .debug_macro   0x0000000000015d73      0x1b2 ./Core/Src/stm32f1xx_it.o
 .debug_macro   0x0000000000015f25      0x199 ./Core/Src/system_stm32f1xx.o
 .debug_macro   0x00000000000160be      0x1c1 ./Core/Src/timer.o
 .debug_macro   0x000000000001627f      0x1bd ./Drivers/STM32F1xx_HAL_Driver/Src/stm32f1xx_hal.o
 .debug_macro   0x000000000001643c      0x199 ./Drivers/STM32F1xx_HAL_Driver/Src/stm32f1xx_hal_cortex.o
 .debug_macro   0x00000000000165d5      0x204 ./Drivers/STM32F1xx_HAL_Driver/Src/stm32f1xx_hal_gpio.o
 .debug_macro   0x00000000000167d9      0x1ab ./Drivers/STM32F1xx_HAL_Driver/Src/stm32f1xx_hal_rcc.o
 .debug_macro   0x0000000000016984      0x19a ./Drivers/STM32F1xx_HAL_Driver/Src/stm32f1xx_hal_tim.o
 .debug_macro   0x0000000000016b1e      0x199 ./Drivers/STM32F1xx_HAL_Driver/Src/stm32f1xx_hal_tim_ex.o

.debug_line     0x0000000000000000     0xacca
 .debug_line    0x0000000000000000      0x7ae ./Core/Src/button.o
 .debug_line    0x00000000000007ae      0x90c ./Core/Src/fsm_clock.o
 .debug_line    0x00000000000010ba      0x7d8 ./Core/Src/main.o
 .debug_line    0x0000000000001892      0x6b6 ./Core/Src/stm32f1xx_hal_msp.o
 .debug_line    0x0000000000001f48      0x754 ./Core/Src/stm32f1xx_it.o
 .debug_line    0x000000000000269c      0x6f8 ./Core/Src/system_stm32f1xx.o
 .debug_line    0x0000000000002d94      0x70b ./Core/Src/timer.o
 .debug_line    0x000000000000349f       0x78 ./Core/Startup/startup_stm32f103rbhx.o
 .debug_line    0x0000000000003517      0x925 ./Drivers/STM32F1xx_HAL_Driver/Src/stm32f1xx_hal.o
 .debug_line    0x0000000000003e3c      0xb0d ./Drivers/STM32F1xx_HAL_Driver/Src/stm32f1xx_hal_cortex.o
 .debug_line    0x0000000000004949      0x9be ./Drivers/STM32F1xx_HAL_Driver/Src/stm32f1xx_hal_gpio.o
 .debug_line    0x0000000000005307      0xd2e ./Drivers/STM32F1xx_HAL_Driver/Src/stm32f1xx_hal_rcc.o
 .debug_line    0x0000000000006035     0x3411 ./Drivers/STM32F1xx_HAL_Driver/Src/stm32f1xx_hal_tim.o
 .debug_line    0x0000000000009446     0x1884 ./Drivers/STM32F1xx_HAL_Driver/Src/stm32f1xx_hal_tim_ex.o

.debug_str      0x0000000000000000    0x846ed
 .debug_str     0x0000000000000000    0x81af0 ./Core/Src/button.o
                                      0x81e1c (size before relaxing)
 .debug_str     0x0000000000081af0      0x163 ./Core/Src/fsm_clock.o
                                      0x81ecd (size before relaxing)
 .debug_str     0x0000000000081c53      0x7bf ./Core/Src/main.o
                                      0x82607 (size before relaxing)
 .debug_str     0x0000000000082412      0x33a ./Core/Src/stm32f1xx_hal_msp.o
                                      0x824b5 (size before relaxing)
 .debug_str     0x000000000008274c       0xec ./Core/Src/stm32f1xx_it.o
                                      0x821b6 (size before relaxing)
 .debug_str     0x0000000000082838       0x88 ./Core/Src/system_stm32f1xx.o
                                      0x819d3 (size before relaxing)
 .debug_str     0x00000000000828c0       0x66 ./Core/Src/timer.o
                                      0x81d6e (size before relaxing)
 .debug_str     0x0000000000082926       0x34 ./Core/Startup/startup_stm32f103rbhx.o
                                         0x7e (size before relaxing)
 .debug_str     0x000000000008295a      0x38e ./Drivers/STM32F1xx_HAL_Driver/Src/stm32f1xx_hal.o
                                      0x82106 (size before relaxing)
 .debug_str     0x0000000000082ce8      0x294 ./Drivers/STM32F1xx_HAL_Driver/Src/stm32f1xx_hal_cortex.o
                                      0x82052 (size before relaxing)
 .debug_str     0x0000000000082f7c      0x2e5 ./Drivers/STM32F1xx_HAL_Driver/Src/stm32f1xx_hal_gpio.o
                                      0x81d59 (size before relaxing)
 .debug_str     0x0000000000083261      0x229 ./Drivers/STM32F1xx_HAL_Driver/Src/stm32f1xx_hal_rcc.o
                                      0x81e02 (size before relaxing)
 .debug_str     0x000000000008348a      0xdd0 ./Drivers/STM32F1xx_HAL_Driver/Src/stm32f1xx_hal_tim.o
                                      0x82df4 (size before relaxing)
 .debug_str     0x000000000008425a      0x493 ./Drivers/STM32F1xx_HAL_Driver/Src/stm32f1xx_hal_tim_ex.o
                                      0x82610 (size before relaxing)

.debug_frame    0x0000000000000000     0x284c
 .debug_frame   0x0000000000000000       0xac ./Core/Src/button.o
 .debug_frame   0x00000000000000ac      0x12c ./Core/Src/fsm_clock.o
 .debug_frame   0x00000000000001d8       0xd4 ./Core/Src/main.o
 .debug_frame   0x00000000000002ac       0x80 ./Core/Src/stm32f1xx_hal_msp.o
 .debug_frame   0x000000000000032c      0x120 ./Core/Src/stm32f1xx_it.o
 .debug_frame   0x000000000000044c       0x58 ./Core/Src/system_stm32f1xx.o
 .debug_frame   0x00000000000004a4       0xa8 ./Core/Src/timer.o
 .debug_frame   0x000000000000054c      0x334 ./Drivers/STM32F1xx_HAL_Driver/Src/stm32f1xx_hal.o
 .debug_frame   0x0000000000000880      0x428 ./Drivers/STM32F1xx_HAL_Driver/Src/stm32f1xx_hal_cortex.o
 .debug_frame   0x0000000000000ca8      0x14c ./Drivers/STM32F1xx_HAL_Driver/Src/stm32f1xx_hal_gpio.o
 .debug_frame   0x0000000000000df4      0x218 ./Drivers/STM32F1xx_HAL_Driver/Src/stm32f1xx_hal_rcc.o
 .debug_frame   0x000000000000100c     0x11bc ./Drivers/STM32F1xx_HAL_Driver/Src/stm32f1xx_hal_tim.o
 .debug_frame   0x00000000000021c8      0x638 ./Drivers/STM32F1xx_HAL_Driver/Src/stm32f1xx_hal_tim_ex.o
 .debug_frame   0x0000000000002800       0x20 /Applications/STM32CubeIDE.app/Contents/Eclipse/plugins/com.st.stm32cube.ide.mcu.externaltools.gnu-tools-for-stm32.11.3.rel1.macos64_1.1.1.202309131626/tools/bin/../lib/gcc/arm-none-eabi/11.3.1/../../../../arm-none-eabi/lib/thumb/v7-m/nofp/libc_nano.a(libc_a-memset.o)
 .debug_frame   0x0000000000002820       0x2c /Applications/STM32CubeIDE.app/Contents/Eclipse/plugins/com.st.stm32cube.ide.mcu.externaltools.gnu-tools-for-stm32.11.3.rel1.macos64_1.1.1.202309131626/tools/bin/../lib/gcc/arm-none-eabi/11.3.1/../../../../arm-none-eabi/lib/thumb/v7-m/nofp/libc_nano.a(libc_a-init.o)

.debug_line_str
                0x0000000000000000       0x72
 .debug_line_str
                0x0000000000000000       0x72 ./Core/Startup/startup_stm32f103rbhx.o
                                         0x8a (size before relaxing)
