Archive member included to satisfy reference by file (symbol)

c:/st/stm32cubeide_1.7.0/stm32cubeide/plugins/com.st.stm32cube.ide.mcu.externaltools.gnu-tools-for-stm32.9-2020-q2-update.win32_2.0.0.202105311346/tools/bin/../lib/gcc/arm-none-eabi/9.3.1/../../../../arm-none-eabi/lib/thumb/v7-m/nofp\libc_nano.a(lib_a-errno.o)
                              ./Core/Src/syscalls.o (__errno)
c:/st/stm32cubeide_1.7.0/stm32cubeide/plugins/com.st.stm32cube.ide.mcu.externaltools.gnu-tools-for-stm32.9-2020-q2-update.win32_2.0.0.202105311346/tools/bin/../lib/gcc/arm-none-eabi/9.3.1/../../../../arm-none-eabi/lib/thumb/v7-m/nofp\libc_nano.a(lib_a-exit.o)
                              c:/st/stm32cubeide_1.7.0/stm32cubeide/plugins/com.st.stm32cube.ide.mcu.externaltools.gnu-tools-for-stm32.9-2020-q2-update.win32_2.0.0.202105311346/tools/bin/../lib/gcc/arm-none-eabi/9.3.1/../../../../arm-none-eabi/lib/thumb/v7-m/nofp/crt0.o (exit)
c:/st/stm32cubeide_1.7.0/stm32cubeide/plugins/com.st.stm32cube.ide.mcu.externaltools.gnu-tools-for-stm32.9-2020-q2-update.win32_2.0.0.202105311346/tools/bin/../lib/gcc/arm-none-eabi/9.3.1/../../../../arm-none-eabi/lib/thumb/v7-m/nofp\libc_nano.a(lib_a-impure.o)
                              c:/st/stm32cubeide_1.7.0/stm32cubeide/plugins/com.st.stm32cube.ide.mcu.externaltools.gnu-tools-for-stm32.9-2020-q2-update.win32_2.0.0.202105311346/tools/bin/../lib/gcc/arm-none-eabi/9.3.1/../../../../arm-none-eabi/lib/thumb/v7-m/nofp\libc_nano.a(lib_a-exit.o) (_global_impure_ptr)
c:/st/stm32cubeide_1.7.0/stm32cubeide/plugins/com.st.stm32cube.ide.mcu.externaltools.gnu-tools-for-stm32.9-2020-q2-update.win32_2.0.0.202105311346/tools/bin/../lib/gcc/arm-none-eabi/9.3.1/../../../../arm-none-eabi/lib/thumb/v7-m/nofp\libc_nano.a(lib_a-init.o)
                              c:/st/stm32cubeide_1.7.0/stm32cubeide/plugins/com.st.stm32cube.ide.mcu.externaltools.gnu-tools-for-stm32.9-2020-q2-update.win32_2.0.0.202105311346/tools/bin/../lib/gcc/arm-none-eabi/9.3.1/../../../../arm-none-eabi/lib/thumb/v7-m/nofp/crt0.o (__libc_init_array)
c:/st/stm32cubeide_1.7.0/stm32cubeide/plugins/com.st.stm32cube.ide.mcu.externaltools.gnu-tools-for-stm32.9-2020-q2-update.win32_2.0.0.202105311346/tools/bin/../lib/gcc/arm-none-eabi/9.3.1/../../../../arm-none-eabi/lib/thumb/v7-m/nofp\libc_nano.a(lib_a-memset.o)
                              c:/st/stm32cubeide_1.7.0/stm32cubeide/plugins/com.st.stm32cube.ide.mcu.externaltools.gnu-tools-for-stm32.9-2020-q2-update.win32_2.0.0.202105311346/tools/bin/../lib/gcc/arm-none-eabi/9.3.1/../../../../arm-none-eabi/lib/thumb/v7-m/nofp/crt0.o (memset)

Allocating common symbols
Common symbol       size              file

uwTick              0x4               ./Drivers/STM32F1xx_HAL_Driver/Src/stm32f1xx_hal.o
pFlash              0x20              ./Drivers/STM32F1xx_HAL_Driver/Src/stm32f1xx_hal_flash.o
htim2               0x48              ./Core/Src/main.o

Discarded input sections

 .text          0x0000000000000000        0x0 c:/st/stm32cubeide_1.7.0/stm32cubeide/plugins/com.st.stm32cube.ide.mcu.externaltools.gnu-tools-for-stm32.9-2020-q2-update.win32_2.0.0.202105311346/tools/bin/../lib/gcc/arm-none-eabi/9.3.1/thumb/v7-m/nofp/crti.o
 .data          0x0000000000000000        0x0 c:/st/stm32cubeide_1.7.0/stm32cubeide/plugins/com.st.stm32cube.ide.mcu.externaltools.gnu-tools-for-stm32.9-2020-q2-update.win32_2.0.0.202105311346/tools/bin/../lib/gcc/arm-none-eabi/9.3.1/thumb/v7-m/nofp/crti.o
 .bss           0x0000000000000000        0x0 c:/st/stm32cubeide_1.7.0/stm32cubeide/plugins/com.st.stm32cube.ide.mcu.externaltools.gnu-tools-for-stm32.9-2020-q2-update.win32_2.0.0.202105311346/tools/bin/../lib/gcc/arm-none-eabi/9.3.1/thumb/v7-m/nofp/crti.o
 .data          0x0000000000000000        0x4 c:/st/stm32cubeide_1.7.0/stm32cubeide/plugins/com.st.stm32cube.ide.mcu.externaltools.gnu-tools-for-stm32.9-2020-q2-update.win32_2.0.0.202105311346/tools/bin/../lib/gcc/arm-none-eabi/9.3.1/thumb/v7-m/nofp/crtbegin.o
 .text          0x0000000000000000       0x7c c:/st/stm32cubeide_1.7.0/stm32cubeide/plugins/com.st.stm32cube.ide.mcu.externaltools.gnu-tools-for-stm32.9-2020-q2-update.win32_2.0.0.202105311346/tools/bin/../lib/gcc/arm-none-eabi/9.3.1/../../../../arm-none-eabi/lib/thumb/v7-m/nofp/crt0.o
 .data          0x0000000000000000        0x0 c:/st/stm32cubeide_1.7.0/stm32cubeide/plugins/com.st.stm32cube.ide.mcu.externaltools.gnu-tools-for-stm32.9-2020-q2-update.win32_2.0.0.202105311346/tools/bin/../lib/gcc/arm-none-eabi/9.3.1/../../../../arm-none-eabi/lib/thumb/v7-m/nofp/crt0.o
 .bss           0x0000000000000000        0x0 c:/st/stm32cubeide_1.7.0/stm32cubeide/plugins/com.st.stm32cube.ide.mcu.externaltools.gnu-tools-for-stm32.9-2020-q2-update.win32_2.0.0.202105311346/tools/bin/../lib/gcc/arm-none-eabi/9.3.1/../../../../arm-none-eabi/lib/thumb/v7-m/nofp/crt0.o
[...]
Memory Configuration

Name             Origin             Length             Attributes
RAM              0x0000000020000000 0x0000000000005000 xrw
FLASH            0x0000000008000000 0x0000000000020000 xr
*default*        0x0000000000000000 0xffffffffffffffff

Linker script and memory map

LOAD c:/st/stm32cubeide_1.7.0/stm32cubeide/plugins/com.st.stm32cube.ide.mcu.externaltools.gnu-tools-for-stm32.9-2020-q2-update.win32_2.0.0.202105311346/tools/bin/../lib/gcc/arm-none-eabi/9.3.1/thumb/v7-m/nofp/crti.o
LOAD c:/st/stm32cubeide_1.7.0/stm32cubeide/plugins/com.st.stm32cube.ide.mcu.externaltools.gnu-tools-for-stm32.9-2020-q2-update.win32_2.0.0.202105311346/tools/bin/../lib/gcc/arm-none-eabi/9.3.1/thumb/v7-m/nofp/crtbegin.o
LOAD c:/st/stm32cubeide_1.7.0/stm32cubeide/plugins/com.st.stm32cube.ide.mcu.externaltools.gnu-tools-for-stm32.9-2020-q2-update.win32_2.0.0.202105311346/tools/bin/../lib/gcc/arm-none-eabi/9.3.1/../../../../arm-none-eabi/lib/thumb/v7-m/nofp/crt0.o
LOAD ./Core/Src/blink_led_mode.o
LOAD ./Core/Src/button.o
LOAD ./Core/Src/control_led_matrix.o
LOAD ./Core/Src/display_led_matrix.o
LOAD ./Core/Src/global.o
LOAD ./Core/Src/led_matrix_driver.o
LOAD ./Core/Src/main.o
LOAD ./Core/Src/software_timer.o
LOAD ./Core/Src/stm32f1xx_hal_msp.o
LOAD ./Core/Src/stm32f1xx_it.o
LOAD ./Core/Src/syscalls.o
LOAD ./Core/Src/sysmem.o
LOAD ./Core/Src/system_stm32f1xx.o
LOAD ./Core/Startup/startup_stm32f103rbtx.o
LOAD ./Drivers/STM32F1xx_HAL_Driver/Src/stm32f1xx_hal.o
LOAD ./Drivers/STM32F1xx_HAL_Driver/Src/stm32f1xx_hal_cortex.o
LOAD ./Drivers/STM32F1xx_HAL_Driver/Src/stm32f1xx_hal_dma.o
LOAD ./Drivers/STM32F1xx_HAL_Driver/Src/stm32f1xx_hal_exti.o
LOAD ./Drivers/STM32F1xx_HAL_Driver/Src/stm32f1xx_hal_flash.o
LOAD ./Drivers/STM32F1xx_HAL_Driver/Src/stm32f1xx_hal_flash_ex.o
LOAD ./Drivers/STM32F1xx_HAL_Driver/Src/stm32f1xx_hal_gpio.o
LOAD ./Drivers/STM32F1xx_HAL_Driver/Src/stm32f1xx_hal_gpio_ex.o
LOAD ./Drivers/STM32F1xx_HAL_Driver/Src/stm32f1xx_hal_pwr.o
LOAD ./Drivers/STM32F1xx_HAL_Driver/Src/stm32f1xx_hal_rcc.o
LOAD ./Drivers/STM32F1xx_HAL_Driver/Src/stm32f1xx_hal_rcc_ex.o
LOAD ./Drivers/STM32F1xx_HAL_Driver/Src/stm32f1xx_hal_tim.o
LOAD ./Drivers/STM32F1xx_HAL_Driver/Src/stm32f1xx_hal_tim_ex.o
START GROUP
LOAD c:/st/stm32cubeide_1.7.0/stm32cubeide/plugins/com.st.stm32cube.ide.mcu.externaltools.gnu-tools-for-stm32.9-2020-q2-update.win32_2.0.0.202105311346/tools/bin/../lib/gcc/arm-none-eabi/9.3.1/../../../../arm-none-eabi/lib/thumb/v7-m/nofp\libc_nano.a
LOAD c:/st/stm32cubeide_1.7.0/stm32cubeide/plugins/com.st.stm32cube.ide.mcu.externaltools.gnu-tools-for-stm32.9-2020-q2-update.win32_2.0.0.202105311346/tools/bin/../lib/gcc/arm-none-eabi/9.3.1/../../../../arm-none-eabi/lib/thumb/v7-m/nofp\libm.a
END GROUP
START GROUP
LOAD c:/st/stm32cubeide_1.7.0/stm32cubeide/plugins/com.st.stm32cube.ide.mcu.externaltools.gnu-tools-for-stm32.9-2020-q2-update.win32_2.0.0.202105311346/tools/bin/../lib/gcc/arm-none-eabi/9.3.1/thumb/v7-m/nofp\libgcc.a
LOAD c:/st/stm32cubeide_1.7.0/stm32cubeide/plugins/com.st.stm32cube.ide.mcu.externaltools.gnu-tools-for-stm32.9-2020-q2-update.win32_2.0.0.202105311346/tools/bin/../lib/gcc/arm-none-eabi/9.3.1/../../../../arm-none-eabi/lib/thumb/v7-m/nofp\libc_nano.a
END GROUP
START GROUP
LOAD c:/st/stm32cubeide_1.7.0/stm32cubeide/plugins/com.st.stm32cube.ide.mcu.externaltools.gnu-tools-for-stm32.9-2020-q2-update.win32_2.0.0.202105311346/tools/bin/../lib/gcc/arm-none-eabi/9.3.1/thumb/v7-m/nofp\libgcc.a
LOAD c:/st/stm32cubeide_1.7.0/stm32cubeide/plugins/com.st.stm32cube.ide.mcu.externaltools.gnu-tools-for-stm32.9-2020-q2-update.win32_2.0.0.202105311346/tools/bin/../lib/gcc/arm-none-eabi/9.3.1/../../../../arm-none-eabi/lib/thumb/v7-m/nofp\libc_nano.a
LOAD c:/st/stm32cubeide_1.7.0/stm32cubeide/plugins/com.st.stm32cube.ide.mcu.externaltools.gnu-tools-for-stm32.9-2020-q2-update.win32_2.0.0.202105311346/tools/bin/../lib/gcc/arm-none-eabi/9.3.1/../../../../arm-none-eabi/lib/thumb/v7-m/nofp\libnosys.a
END GROUP
START GROUP
LOAD c:/st/stm32cubeide_1.7.0/stm32cubeide/plugins/com.st.stm32cube.ide.mcu.externaltools.gnu-tools-for-stm32.9-2020-q2-update.win32_2.0.0.202105311346/tools/bin/../lib/gcc/arm-none-eabi/9.3.1/thumb/v7-m/nofp\libgcc.a
LOAD c:/st/stm32cubeide_1.7.0/stm32cubeide/plugins/com.st.stm32cube.ide.mcu.externaltools.gnu-tools-for-stm32.9-2020-q2-update.win32_2.0.0.202105311346/tools/bin/../lib/gcc/arm-none-eabi/9.3.1/../../../../arm-none-eabi/lib/thumb/v7-m/nofp\libc_nano.a
LOAD c:/st/stm32cubeide_1.7.0/stm32cubeide/plugins/com.st.stm32cube.ide.mcu.externaltools.gnu-tools-for-stm32.9-2020-q2-update.win32_2.0.0.202105311346/tools/bin/../lib/gcc/arm-none-eabi/9.3.1/../../../../arm-none-eabi/lib/thumb/v7-m/nofp\libnosys.a
END GROUP
LOAD c:/st/stm32cubeide_1.7.0/stm32cubeide/plugins/com.st.stm32cube.ide.mcu.externaltools.gnu-tools-for-stm32.9-2020-q2-update.win32_2.0.0.202105311346/tools/bin/../lib/gcc/arm-none-eabi/9.3.1/thumb/v7-m/nofp/crtend.o
LOAD c:/st/stm32cubeide_1.7.0/stm32cubeide/plugins/com.st.stm32cube.ide.mcu.externaltools.gnu-tools-for-stm32.9-2020-q2-update.win32_2.0.0.202105311346/tools/bin/../lib/gcc/arm-none-eabi/9.3.1/thumb/v7-m/nofp/crtn.o
                0x0000000020005000                _estack = (ORIGIN (RAM) + LENGTH (RAM))
                0x0000000000000200                _Min_Heap_Size = 0x200
                0x0000000000000400                _Min_Stack_Size = 0x400

.isr_vector     0x0000000008000000      0x10c
                0x0000000008000000                . = ALIGN (0x4)
 *(.isr_vector)
 .isr_vector    0x0000000008000000      0x10c ./Core/Startup/startup_stm32f103rbtx.o
                0x0000000008000000                g_pfnVectors
                0x000000000800010c                . = ALIGN (0x4)

.text           0x000000000800010c     0x26c8
                0x000000000800010c                . = ALIGN (0x4)
 *(.text)
 .text          0x000000000800010c       0x40 c:/st/stm32cubeide_1.7.0/stm32cubeide/plugins/com.st.stm32cube.ide.mcu.externaltools.gnu-tools-for-stm32.9-2020-q2-update.win32_2.0.0.202105311346/tools/bin/../lib/gcc/arm-none-eabi/9.3.1/thumb/v7-m/nofp/crtbegin.o
 *(.text*)
 .text.blink_led_mode
                0x000000000800014c       0xf4 ./Core/Src/blink_led_mode.o
                0x000000000800014c                blink_led_mode
 .text.reset_all_button
                0x0000000008000240       0x40 ./Core/Src/button.o
                0x0000000008000240                reset_all_button
 .text.key_n_process_pressed_once
                0x0000000008000280       0x20 ./Core/Src/button.o
                0x0000000008000280                key_n_process_pressed_once
 .text.key_n_process_pressed_hold
                0x00000000080002a0       0x20 ./Core/Src/button.o
                0x00000000080002a0                key_n_process_pressed_hold
 .text.is_button_pressed_once
                0x00000000080002c0       0x34 ./Core/Src/button.o
                0x00000000080002c0                is_button_pressed_once
 .text.is_button_pressed_hold
                0x00000000080002f4       0x34 ./Core/Src/button.o
                0x00000000080002f4                is_button_pressed_hold
 .text.get_key_input
                0x0000000008000328      0x178 ./Core/Src/button.o
                0x0000000008000328                get_key_input
 .text.get_key_input_all
                0x00000000080004a0       0x28 ./Core/Src/button.o
                0x00000000080004a0                get_key_input_all
 .text.scan_matrix
                0x00000000080004c8       0x78 ./Core/Src/control_led_matrix.o
                0x00000000080004c8                scan_matrix
 .text.set_state
                0x0000000008000540       0x2c ./Core/Src/control_led_matrix.o
                0x0000000008000540                set_state
 .text.controlLedMatrix
                0x000000000800056c      0x170 ./Core/Src/control_led_matrix.o
                0x000000000800056c                controlLedMatrix
 .text.set_state_matrix
                0x00000000080006dc       0x70 ./Core/Src/display_led_matrix.o
                0x00000000080006dc                set_state_matrix
 .text.displayLedMatrix
                0x000000000800074c       0xd0 ./Core/Src/display_led_matrix.o
                0x000000000800074c                displayLedMatrix
 .text.display_col
                0x000000000800081c      0x310 ./Core/Src/led_matrix_driver.o
                0x000000000800081c                display_col
 .text.display_row
                0x0000000008000b2c      0x124 ./Core/Src/led_matrix_driver.o
                0x0000000008000b2c                display_row
 .text.main     0x0000000008000c50       0x24 ./Core/Src/main.o
                0x0000000008000c50                main
 .text.SystemClock_Config
                0x0000000008000c74       0x76 ./Core/Src/main.o
                0x0000000008000c74                SystemClock_Config
 *fill*         0x0000000008000cea        0x2 
 .text.MX_TIM2_Init
                0x0000000008000cec       0x98 ./Core/Src/main.o
 .text.MX_GPIO_Init
                0x0000000008000d84      0x108 ./Core/Src/main.o
 .text.HAL_TIM_PeriodElapsedCallback
                0x0000000008000e8c       0x18 ./Core/Src/main.o
                0x0000000008000e8c                HAL_TIM_PeriodElapsedCallback
 .text.Error_Handler
                0x0000000008000ea4        0xa ./Core/Src/main.o
                0x0000000008000ea4                Error_Handler
 *fill*         0x0000000008000eae        0x2 
 .text.setTimer1
                0x0000000008000eb0       0x34 ./Core/Src/software_timer.o
                0x0000000008000eb0                setTimer1
 .text.setTimer2
                0x0000000008000ee4       0x34 ./Core/Src/software_timer.o
                0x0000000008000ee4                setTimer2
 .text.setTimer3
                0x0000000008000f18       0x34 ./Core/Src/software_timer.o
                0x0000000008000f18                setTimer3
 .text.timerRun
                0x0000000008000f4c       0x84 ./Core/Src/software_timer.o
                0x0000000008000f4c                timerRun
 .text.HAL_MspInit
                0x0000000008000fd0       0x64 ./Core/Src/stm32f1xx_hal_msp.o
                0x0000000008000fd0                HAL_MspInit
 .text.HAL_TIM_Base_MspInit
                0x0000000008001034       0x48 ./Core/Src/stm32f1xx_hal_msp.o
                0x0000000008001034                HAL_TIM_Base_MspInit
 .text.NMI_Handler
                0x000000000800107c        0x6 ./Core/Src/stm32f1xx_it.o
                0x000000000800107c                NMI_Handler
 .text.HardFault_Handler
                0x0000000008001082        0x6 ./Core/Src/stm32f1xx_it.o
                0x0000000008001082                HardFault_Handler
 .text.MemManage_Handler
                0x0000000008001088        0x6 ./Core/Src/stm32f1xx_it.o
                0x0000000008001088                MemManage_Handler
 .text.BusFault_Handler
                0x000000000800108e        0x6 ./Core/Src/stm32f1xx_it.o
                0x000000000800108e                BusFault_Handler
 .text.UsageFault_Handler
                0x0000000008001094        0x6 ./Core/Src/stm32f1xx_it.o
                0x0000000008001094                UsageFault_Handler
 .text.SVC_Handler
                0x000000000800109a        0xc ./Core/Src/stm32f1xx_it.o
                0x000000000800109a                SVC_Handler
 .text.DebugMon_Handler
                0x00000000080010a6        0xc ./Core/Src/stm32f1xx_it.o
                0x00000000080010a6                DebugMon_Handler
 .text.PendSV_Handler
                0x00000000080010b2        0xc ./Core/Src/stm32f1xx_it.o
                0x00000000080010b2                PendSV_Handler
 .text.SysTick_Handler
                0x00000000080010be        0xc ./Core/Src/stm32f1xx_it.o
                0x00000000080010be                SysTick_Handler
 *fill*         0x00000000080010ca        0x2 
 .text.TIM2_IRQHandler
                0x00000000080010cc       0x14 ./Core/Src/stm32f1xx_it.o
                0x00000000080010cc                TIM2_IRQHandler
 .text.SystemInit
                0x00000000080010e0        0xc ./Core/Src/system_stm32f1xx.o
                0x00000000080010e0                SystemInit
 .text.Reset_Handler
                0x00000000080010ec       0x48 ./Core/Startup/startup_stm32f103rbtx.o
                0x00000000080010ec                Reset_Handler
 .text.Default_Handler
                0x0000000008001134        0x2 ./Core/Startup/startup_stm32f103rbtx.o
                0x0000000008001134                RTC_Alarm_IRQHandler
                0x0000000008001134                EXTI2_IRQHandler
                0x0000000008001134                TIM1_CC_IRQHandler
                0x0000000008001134                PVD_IRQHandler
                0x0000000008001134                EXTI3_IRQHandler
                0x0000000008001134                EXTI0_IRQHandler
                0x0000000008001134                I2C2_EV_IRQHandler
                0x0000000008001134                ADC1_2_IRQHandler
                0x0000000008001134                SPI1_IRQHandler
                0x0000000008001134                TAMPER_IRQHandler
                0x0000000008001134                DMA1_Channel4_IRQHandler
                0x0000000008001134                USART3_IRQHandler
                0x0000000008001134                RTC_IRQHandler
                0x0000000008001134                DMA1_Channel7_IRQHandler
                0x0000000008001134                CAN1_RX1_IRQHandler
                0x0000000008001134                TIM4_IRQHandler
                0x0000000008001134                I2C1_EV_IRQHandler
                0x0000000008001134                DMA1_Channel6_IRQHandler
                0x0000000008001134                TIM3_IRQHandler
                0x0000000008001134                RCC_IRQHandler
                0x0000000008001134                TIM1_TRG_COM_IRQHandler
                0x0000000008001134                DMA1_Channel1_IRQHandler
                0x0000000008001134                Default_Handler
                0x0000000008001134                EXTI15_10_IRQHandler
                0x0000000008001134                EXTI9_5_IRQHandler
                0x0000000008001134                SPI2_IRQHandler
                0x0000000008001134                DMA1_Channel5_IRQHandler
                0x0000000008001134                EXTI4_IRQHandler
                0x0000000008001134                USB_LP_CAN1_RX0_IRQHandler
                0x0000000008001134                USB_HP_CAN1_TX_IRQHandler
                0x0000000008001134                DMA1_Channel3_IRQHandler
                0x0000000008001134                TIM1_UP_IRQHandler
                0x0000000008001134                WWDG_IRQHandler
                0x0000000008001134                TIM1_BRK_IRQHandler
                0x0000000008001134                EXTI1_IRQHandler
                0x0000000008001134                USART2_IRQHandler
                0x0000000008001134                I2C2_ER_IRQHandler
                0x0000000008001134                DMA1_Channel2_IRQHandler
                0x0000000008001134                CAN1_SCE_IRQHandler
                0x0000000008001134                FLASH_IRQHandler
                0x0000000008001134                USART1_IRQHandler
                0x0000000008001134                I2C1_ER_IRQHandler
                0x0000000008001134                USBWakeUp_IRQHandler
 *fill*         0x0000000008001136        0x2 
 .text.HAL_Init
                0x0000000008001138       0x2c ./Drivers/STM32F1xx_HAL_Driver/Src/stm32f1xx_hal.o
                0x0000000008001138                HAL_Init
 .text.HAL_InitTick
                0x0000000008001164       0x60 ./Drivers/STM32F1xx_HAL_Driver/Src/stm32f1xx_hal.o
                0x0000000008001164                HAL_InitTick
 .text.HAL_IncTick
                0x00000000080011c4       0x24 ./Drivers/STM32F1xx_HAL_Driver/Src/stm32f1xx_hal.o
                0x00000000080011c4                HAL_IncTick
 .text.HAL_GetTick
                0x00000000080011e8       0x14 ./Drivers/STM32F1xx_HAL_Driver/Src/stm32f1xx_hal.o
                0x00000000080011e8                HAL_GetTick
 .text.__NVIC_SetPriorityGrouping
                0x00000000080011fc       0x48 ./Drivers/STM32F1xx_HAL_Driver/Src/stm32f1xx_hal_cortex.o
 .text.__NVIC_GetPriorityGrouping
                0x0000000008001244       0x1c ./Drivers/STM32F1xx_HAL_Driver/Src/stm32f1xx_hal_cortex.o
 .text.__NVIC_EnableIRQ
                0x0000000008001260       0x38 ./Drivers/STM32F1xx_HAL_Driver/Src/stm32f1xx_hal_cortex.o
 .text.__NVIC_SetPriority
                0x0000000008001298       0x54 ./Drivers/STM32F1xx_HAL_Driver/Src/stm32f1xx_hal_cortex.o
 .text.NVIC_EncodePriority
                0x00000000080012ec       0x64 ./Drivers/STM32F1xx_HAL_Driver/Src/stm32f1xx_hal_cortex.o
 .text.SysTick_Config
                0x0000000008001350       0x44 ./Drivers/STM32F1xx_HAL_Driver/Src/stm32f1xx_hal_cortex.o
 .text.HAL_NVIC_SetPriorityGrouping
                0x0000000008001394       0x16 ./Drivers/STM32F1xx_HAL_Driver/Src/stm32f1xx_hal_cortex.o
                0x0000000008001394                HAL_NVIC_SetPriorityGrouping
 .text.HAL_NVIC_SetPriority
                0x00000000080013aa       0x38 ./Drivers/STM32F1xx_HAL_Driver/Src/stm32f1xx_hal_cortex.o
                0x00000000080013aa                HAL_NVIC_SetPriority
 .text.HAL_NVIC_EnableIRQ
                0x00000000080013e2       0x1c ./Drivers/STM32F1xx_HAL_Driver/Src/stm32f1xx_hal_cortex.o
                0x00000000080013e2                HAL_NVIC_EnableIRQ
 .text.HAL_SYSTICK_Config
                0x00000000080013fe       0x18 ./Drivers/STM32F1xx_HAL_Driver/Src/stm32f1xx_hal_cortex.o
                0x00000000080013fe                HAL_SYSTICK_Config
 *fill*         0x0000000008001416        0x2 
 .text.HAL_GPIO_Init
                0x0000000008001418      0x308 ./Drivers/STM32F1xx_HAL_Driver/Src/stm32f1xx_hal_gpio.o
                0x0000000008001418                HAL_GPIO_Init
 .text.HAL_GPIO_ReadPin
                0x0000000008001720       0x2e ./Drivers/STM32F1xx_HAL_Driver/Src/stm32f1xx_hal_gpio.o
                0x0000000008001720                HAL_GPIO_ReadPin
 .text.HAL_GPIO_WritePin
                0x000000000800174e       0x30 ./Drivers/STM32F1xx_HAL_Driver/Src/stm32f1xx_hal_gpio.o
                0x000000000800174e                HAL_GPIO_WritePin
 .text.HAL_GPIO_TogglePin
                0x000000000800177e       0x32 ./Drivers/STM32F1xx_HAL_Driver/Src/stm32f1xx_hal_gpio.o
                0x000000000800177e                HAL_GPIO_TogglePin
 .text.HAL_RCC_OscConfig
                0x00000000080017b0      0x500 ./Drivers/STM32F1xx_HAL_Driver/Src/stm32f1xx_hal_rcc.o
                0x00000000080017b0                HAL_RCC_OscConfig
 .text.HAL_RCC_ClockConfig
                0x0000000008001cb0      0x1d4 ./Drivers/STM32F1xx_HAL_Driver/Src/stm32f1xx_hal_rcc.o
                0x0000000008001cb0                HAL_RCC_ClockConfig
 .text.HAL_RCC_GetSysClockFreq
                0x0000000008001e84       0xa8 ./Drivers/STM32F1xx_HAL_Driver/Src/stm32f1xx_hal_rcc.o
                0x0000000008001e84                HAL_RCC_GetSysClockFreq
 .text.RCC_Delay
                0x0000000008001f2c       0x3c ./Drivers/STM32F1xx_HAL_Driver/Src/stm32f1xx_hal_rcc.o
 .text.HAL_TIM_Base_Init
                0x0000000008001f68       0x9e ./Drivers/STM32F1xx_HAL_Driver/Src/stm32f1xx_hal_tim.o
                0x0000000008001f68                HAL_TIM_Base_Init
 *fill*         0x0000000008002006        0x2 
 .text.HAL_TIM_Base_Start_IT
                0x0000000008002008       0xa4 ./Drivers/STM32F1xx_HAL_Driver/Src/stm32f1xx_hal_tim.o
                0x0000000008002008                HAL_TIM_Base_Start_IT
 .text.HAL_TIM_IRQHandler
                0x00000000080020ac      0x210 ./Drivers/STM32F1xx_HAL_Driver/Src/stm32f1xx_hal_tim.o
                0x00000000080020ac                HAL_TIM_IRQHandler
 .text.HAL_TIM_ConfigClockSource
                0x00000000080022bc      0x18e ./Drivers/STM32F1xx_HAL_Driver/Src/stm32f1xx_hal_tim.o
                0x00000000080022bc                HAL_TIM_ConfigClockSource
 .text.HAL_TIM_OC_DelayElapsedCallback
                0x000000000800244a       0x12 ./Drivers/STM32F1xx_HAL_Driver/Src/stm32f1xx_hal_tim.o
                0x000000000800244a                HAL_TIM_OC_DelayElapsedCallback
 .text.HAL_TIM_IC_CaptureCallback
                0x000000000800245c       0x12 ./Drivers/STM32F1xx_HAL_Driver/Src/stm32f1xx_hal_tim.o
                0x000000000800245c                HAL_TIM_IC_CaptureCallback
 .text.HAL_TIM_PWM_PulseFinishedCallback
                0x000000000800246e       0x12 ./Drivers/STM32F1xx_HAL_Driver/Src/stm32f1xx_hal_tim.o
                0x000000000800246e                HAL_TIM_PWM_PulseFinishedCallback
 .text.HAL_TIM_TriggerCallback
                0x0000000008002480       0x12 ./Drivers/STM32F1xx_HAL_Driver/Src/stm32f1xx_hal_tim.o
                0x0000000008002480                HAL_TIM_TriggerCallback
 *fill*         0x0000000008002492        0x2 
 .text.TIM_Base_SetConfig
                0x0000000008002494       0xc4 ./Drivers/STM32F1xx_HAL_Driver/Src/stm32f1xx_hal_tim.o
                0x0000000008002494                TIM_Base_SetConfig
 .text.TIM_TI1_ConfigInputStage
                0x0000000008002558       0x5c ./Drivers/STM32F1xx_HAL_Driver/Src/stm32f1xx_hal_tim.o
 .text.TIM_TI2_ConfigInputStage
                0x00000000080025b4       0x5e ./Drivers/STM32F1xx_HAL_Driver/Src/stm32f1xx_hal_tim.o
 .text.TIM_ITRx_SetConfig
                0x0000000008002612       0x34 ./Drivers/STM32F1xx_HAL_Driver/Src/stm32f1xx_hal_tim.o
 .text.TIM_ETR_SetConfig
                0x0000000008002646       0x3e ./Drivers/STM32F1xx_HAL_Driver/Src/stm32f1xx_hal_tim.o
                0x0000000008002646                TIM_ETR_SetConfig
 .text.HAL_TIMEx_MasterConfigSynchronization
                0x0000000008002684       0xbc ./Drivers/STM32F1xx_HAL_Driver/Src/stm32f1xx_hal_tim_ex.o
                0x0000000008002684                HAL_TIMEx_MasterConfigSynchronization
 .text.HAL_TIMEx_CommutCallback
                0x0000000008002740       0x12 ./Drivers/STM32F1xx_HAL_Driver/Src/stm32f1xx_hal_tim_ex.o
                0x0000000008002740                HAL_TIMEx_CommutCallback
 .text.HAL_TIMEx_BreakCallback
                0x0000000008002752       0x12 ./Drivers/STM32F1xx_HAL_Driver/Src/stm32f1xx_hal_tim_ex.o
                0x0000000008002752                HAL_TIMEx_BreakCallback
 .text.__libc_init_array
                0x0000000008002764       0x48 c:/st/stm32cubeide_1.7.0/stm32cubeide/plugins/com.st.stm32cube.ide.mcu.externaltools.gnu-tools-for-stm32.9-2020-q2-update.win32_2.0.0.202105311346/tools/bin/../lib/gcc/arm-none-eabi/9.3.1/../../../../arm-none-eabi/lib/thumb/v7-m/nofp\libc_nano.a(lib_a-init.o)
                0x0000000008002764                __libc_init_array
 .text.memset   0x00000000080027ac       0x10 c:/st/stm32cubeide_1.7.0/stm32cubeide/plugins/com.st.stm32cube.ide.mcu.externaltools.gnu-tools-for-stm32.9-2020-q2-update.win32_2.0.0.202105311346/tools/bin/../lib/gcc/arm-none-eabi/9.3.1/../../../../arm-none-eabi/lib/thumb/v7-m/nofp\libc_nano.a(lib_a-memset.o)
                0x00000000080027ac                memset
 *(.glue_7)
 .glue_7        0x00000000080027bc        0x0 linker stubs
 *(.glue_7t)
 .glue_7t       0x00000000080027bc        0x0 linker stubs
 *(.eh_frame)
 .eh_frame      0x00000000080027bc        0x0 c:/st/stm32cubeide_1.7.0/stm32cubeide/plugins/com.st.stm32cube.ide.mcu.externaltools.gnu-tools-for-stm32.9-2020-q2-update.win32_2.0.0.202105311346/tools/bin/../lib/gcc/arm-none-eabi/9.3.1/thumb/v7-m/nofp/crtbegin.o
 *(.init)
 .init          0x00000000080027bc        0x4 c:/st/stm32cubeide_1.7.0/stm32cubeide/plugins/com.st.stm32cube.ide.mcu.externaltools.gnu-tools-for-stm32.9-2020-q2-update.win32_2.0.0.202105311346/tools/bin/../lib/gcc/arm-none-eabi/9.3.1/thumb/v7-m/nofp/crti.o
                0x00000000080027bc                _init
 .init          0x00000000080027c0        0x8 c:/st/stm32cubeide_1.7.0/stm32cubeide/plugins/com.st.stm32cube.ide.mcu.externaltools.gnu-tools-for-stm32.9-2020-q2-update.win32_2.0.0.202105311346/tools/bin/../lib/gcc/arm-none-eabi/9.3.1/thumb/v7-m/nofp/crtn.o
 *(.fini)
 .fini          0x00000000080027c8        0x4 c:/st/stm32cubeide_1.7.0/stm32cubeide/plugins/com.st.stm32cube.ide.mcu.externaltools.gnu-tools-for-stm32.9-2020-q2-update.win32_2.0.0.202105311346/tools/bin/../lib/gcc/arm-none-eabi/9.3.1/thumb/v7-m/nofp/crti.o
                0x00000000080027c8                _fini
 .fini          0x00000000080027cc        0x8 c:/st/stm32cubeide_1.7.0/stm32cubeide/plugins/com.st.stm32cube.ide.mcu.externaltools.gnu-tools-for-stm32.9-2020-q2-update.win32_2.0.0.202105311346/tools/bin/../lib/gcc/arm-none-eabi/9.3.1/thumb/v7-m/nofp/crtn.o
                0x00000000080027d4                . = ALIGN (0x4)
                0x00000000080027d4                _etext = .

.vfp11_veneer   0x00000000080027d4        0x0
 .vfp11_veneer  0x00000000080027d4        0x0 linker stubs

.v4_bx          0x00000000080027d4        0x0
 .v4_bx         0x00000000080027d4        0x0 linker stubs

.iplt           0x00000000080027d4        0x0
 .iplt          0x00000000080027d4        0x0 c:/st/stm32cubeide_1.7.0/stm32cubeide/plugins/com.st.stm32cube.ide.mcu.externaltools.gnu-tools-for-stm32.9-2020-q2-update.win32_2.0.0.202105311346/tools/bin/../lib/gcc/arm-none-eabi/9.3.1/thumb/v7-m/nofp/crtbegin.o

.rodata         0x00000000080027d4       0x24
                0x00000000080027d4                . = ALIGN (0x4)
 *(.rodata)
 *(.rodata*)
 .rodata.AHBPrescTable
                0x00000000080027d4       0x10 ./Core/Src/system_stm32f1xx.o
                0x00000000080027d4                AHBPrescTable
 .rodata.aPLLMULFactorTable.6037
                0x00000000080027e4       0x10 ./Drivers/STM32F1xx_HAL_Driver/Src/stm32f1xx_hal_rcc.o
 .rodata.aPredivFactorTable.6038
                0x00000000080027f4        0x2 ./Drivers/STM32F1xx_HAL_Driver/Src/stm32f1xx_hal_rcc.o
                0x00000000080027f8                . = ALIGN (0x4)
 *fill*         0x00000000080027f6        0x2 

.rel.dyn        0x00000000080027f8        0x0
 .rel.iplt      0x00000000080027f8        0x0 c:/st/stm32cubeide_1.7.0/stm32cubeide/plugins/com.st.stm32cube.ide.mcu.externaltools.gnu-tools-for-stm32.9-2020-q2-update.win32_2.0.0.202105311346/tools/bin/../lib/gcc/arm-none-eabi/9.3.1/thumb/v7-m/nofp/crtbegin.o

.ARM.extab      0x00000000080027f8        0x0
                0x00000000080027f8                . = ALIGN (0x4)
 *(.ARM.extab* .gnu.linkonce.armextab.*)
                0x00000000080027f8                . = ALIGN (0x4)

.ARM            0x00000000080027f8        0x0
                0x00000000080027f8                . = ALIGN (0x4)
                0x00000000080027f8                __exidx_start = .
 *(.ARM.exidx*)
                0x00000000080027f8                __exidx_end = .
                0x00000000080027f8                . = ALIGN (0x4)

.preinit_array  0x00000000080027f8        0x0
                0x00000000080027f8                . = ALIGN (0x4)
                0x00000000080027f8                PROVIDE (__preinit_array_start = .)
 *(.preinit_array*)
                0x00000000080027f8                PROVIDE (__preinit_array_end = .)
                0x00000000080027f8                . = ALIGN (0x4)

.init_array     0x00000000080027f8        0x4
                0x00000000080027f8                . = ALIGN (0x4)
                0x00000000080027f8                PROVIDE (__init_array_start = .)
 *(SORT_BY_NAME(.init_array.*))
 *(.init_array*)
 .init_array    0x00000000080027f8        0x4 c:/st/stm32cubeide_1.7.0/stm32cubeide/plugins/com.st.stm32cube.ide.mcu.externaltools.gnu-tools-for-stm32.9-2020-q2-update.win32_2.0.0.202105311346/tools/bin/../lib/gcc/arm-none-eabi/9.3.1/thumb/v7-m/nofp/crtbegin.o
                0x00000000080027fc                PROVIDE (__init_array_end = .)
                0x00000000080027fc                . = ALIGN (0x4)

.fini_array     0x00000000080027fc        0x4
                0x00000000080027fc                . = ALIGN (0x4)
                [!provide]                        PROVIDE (__fini_array_start = .)
 *(SORT_BY_NAME(.fini_array.*))
 *(.fini_array*)
 .fini_array    0x00000000080027fc        0x4 c:/st/stm32cubeide_1.7.0/stm32cubeide/plugins/com.st.stm32cube.ide.mcu.externaltools.gnu-tools-for-stm32.9-2020-q2-update.win32_2.0.0.202105311346/tools/bin/../lib/gcc/arm-none-eabi/9.3.1/thumb/v7-m/nofp/crtbegin.o
                [!provide]                        PROVIDE (__fini_array_end = .)
                0x0000000008002800                . = ALIGN (0x4)
                0x0000000008002800                _sidata = LOADADDR (.data)

.data           0x0000000020000000      0x140 load address 0x0000000008002800
                0x0000000020000000                . = ALIGN (0x4)
                0x0000000020000000                _sdata = .
 *(.data)
 *(.data*)
 .data.keyReg0  0x0000000020000000        0xc ./Core/Src/button.o
                0x0000000020000000                keyReg0
 .data.keyReg1  0x000000002000000c        0xc ./Core/Src/button.o
                0x000000002000000c                keyReg1
 .data.keyReg2  0x0000000020000018        0xc ./Core/Src/button.o
                0x0000000020000018                keyReg2
 .data.keyReg3  0x0000000020000024        0xc ./Core/Src/button.o
                0x0000000020000024                keyReg3
 .data.time_for_key_press
                0x0000000020000030        0xc ./Core/Src/button.o
                0x0000000020000030                time_for_key_press
 .data.index_led
                0x000000002000003c        0x4 ./Core/Src/control_led_matrix.o
                0x000000002000003c                index_led
 .data.a_stay   0x0000000020000040        0x8 ./Core/Src/display_led_matrix.o
                0x0000000020000040                a_stay
 .data.a_run    0x0000000020000048       0x70 ./Core/Src/display_led_matrix.o
                0x0000000020000048                a_run
 .data.b_stay   0x00000000200000b8        0x8 ./Core/Src/display_led_matrix.o
                0x00000000200000b8                b_stay
 .data.b_run    0x00000000200000c0       0x70 ./Core/Src/display_led_matrix.o
                0x00000000200000c0                b_run
 .data.DURATION_DIVIDE
                0x0000000020000130        0x4 ./Core/Src/software_timer.o
                0x0000000020000130                DURATION_DIVIDE
 .data.SystemCoreClock
                0x0000000020000134        0x4 ./Core/Src/system_stm32f1xx.o
                0x0000000020000134                SystemCoreClock
 .data.uwTickPrio
                0x0000000020000138        0x4 ./Drivers/STM32F1xx_HAL_Driver/Src/stm32f1xx_hal.o
                0x0000000020000138                uwTickPrio
 .data.uwTickFreq
                0x000000002000013c        0x1 ./Drivers/STM32F1xx_HAL_Driver/Src/stm32f1xx_hal.o
                0x000000002000013c                uwTickFreq
 *(.RamFunc)
 *(.RamFunc*)
                0x0000000020000140                . = ALIGN (0x4)
 *fill*         0x000000002000013d        0x3 
                0x0000000020000140                _edata = .

.igot.plt       0x0000000020000140        0x0 load address 0x0000000008002940
 .igot.plt      0x0000000020000140        0x0 c:/st/stm32cubeide_1.7.0/stm32cubeide/plugins/com.st.stm32cube.ide.mcu.externaltools.gnu-tools-for-stm32.9-2020-q2-update.win32_2.0.0.202105311346/tools/bin/../lib/gcc/arm-none-eabi/9.3.1/thumb/v7-m/nofp/crtbegin.o
                0x0000000020000140                . = ALIGN (0x4)

.bss            0x0000000020000140       0xb8 load address 0x0000000008002940
                0x0000000020000140                _sbss = .
                0x0000000020000140                __bss_start__ = _sbss
 *(.bss)
 .bss           0x0000000020000140       0x1c c:/st/stm32cubeide_1.7.0/stm32cubeide/plugins/com.st.stm32cube.ide.mcu.externaltools.gnu-tools-for-stm32.9-2020-q2-update.win32_2.0.0.202105311346/tools/bin/../lib/gcc/arm-none-eabi/9.3.1/thumb/v7-m/nofp/crtbegin.o
 *(.bss*)
 .bss.button_flag_pressed_once
                0x000000002000015c        0xc ./Core/Src/button.o
                0x000000002000015c                button_flag_pressed_once
 .bss.button_flag_pressed_hold
                0x0000000020000168        0xc ./Core/Src/button.o
                0x0000000020000168                button_flag_pressed_hold
 .bss.en_pressed_once
                0x0000000020000174        0xc ./Core/Src/button.o
                0x0000000020000174                en_pressed_once
 .bss.trans     0x0000000020000180        0x4 ./Core/Src/control_led_matrix.o
                0x0000000020000180                trans
 .bss.state_led_matrix
                0x0000000020000184        0x4 ./Core/Src/display_led_matrix.o
                0x0000000020000184                state_led_matrix
 .bss.status    0x0000000020000188        0x4 ./Core/Src/global.o
                0x0000000020000188                status
 .bss.mode_char
                0x000000002000018c        0x4 ./Core/Src/global.o
                0x000000002000018c                mode_char
 .bss.mode_animation
                0x0000000020000190        0x4 ./Core/Src/global.o
                0x0000000020000190                mode_animation
 .bss.timer1_counter
                0x0000000020000194        0x4 ./Core/Src/software_timer.o
                0x0000000020000194                timer1_counter
 .bss.timer1_flag
                0x0000000020000198        0x4 ./Core/Src/software_timer.o
                0x0000000020000198                timer1_flag
 .bss.timer2_counter
                0x000000002000019c        0x4 ./Core/Src/software_timer.o
                0x000000002000019c                timer2_counter
 .bss.timer2_flag
                0x00000000200001a0        0x4 ./Core/Src/software_timer.o
                0x00000000200001a0                timer2_flag
 .bss.timer3_counter
                0x00000000200001a4        0x4 ./Core/Src/software_timer.o
                0x00000000200001a4                timer3_counter
 .bss.timer3_flag
                0x00000000200001a8        0x4 ./Core/Src/software_timer.o
                0x00000000200001a8                timer3_flag
 *(COMMON)
 COMMON         0x00000000200001ac       0x48 ./Core/Src/main.o
                0x00000000200001ac                htim2
 COMMON         0x00000000200001f4        0x4 ./Drivers/STM32F1xx_HAL_Driver/Src/stm32f1xx_hal.o
                0x00000000200001f4                uwTick
                0x00000000200001f8                . = ALIGN (0x4)
                0x00000000200001f8                _ebss = .
                0x00000000200001f8                __bss_end__ = _ebss

._user_heap_stack
                0x00000000200001f8      0x600 load address 0x0000000008002940
                0x00000000200001f8                . = ALIGN (0x8)
                [!provide]                        PROVIDE (end = .)
                0x00000000200001f8                PROVIDE (_end = .)
                0x00000000200003f8                . = (. + _Min_Heap_Size)
 *fill*         0x00000000200001f8      0x200 
                0x00000000200007f8                . = (. + _Min_Stack_Size)
 *fill*         0x00000000200003f8      0x400 
                0x00000000200007f8                . = ALIGN (0x8)

/DISCARD/
 libc.a(*)
 libm.a(*)
 libgcc.a(*)

.ARM.attributes
                0x0000000000000000       0x29
 *(.ARM.attributes)
 .ARM.attributes
                0x0000000000000000       0x1d c:/st/stm32cubeide_1.7.0/stm32cubeide/plugins/com.st.stm32cube.ide.mcu.externaltools.gnu-tools-for-stm32.9-2020-q2-update.win32_2.0.0.202105311346/tools/bin/../lib/gcc/arm-none-eabi/9.3.1/thumb/v7-m/nofp/crti.o
 .ARM.attributes
                0x000000000000001d       0x2d c:/st/stm32cubeide_1.7.0/stm32cubeide/plugins/com.st.stm32cube.ide.mcu.externaltools.gnu-tools-for-stm32.9-2020-q2-update.win32_2.0.0.202105311346/tools/bin/../lib/gcc/arm-none-eabi/9.3.1/thumb/v7-m/nofp/crtbegin.o
 .ARM.attributes
                0x000000000000004a       0x2d ./Core/Src/blink_led_mode.o
 .ARM.attributes
                0x0000000000000077       0x2d ./Core/Src/button.o
 .ARM.attributes
                0x00000000000000a4       0x2d ./Core/Src/control_led_matrix.o
 .ARM.attributes
                0x00000000000000d1       0x2d ./Core/Src/display_led_matrix.o
 .ARM.attributes
                0x00000000000000fe       0x33 ./Core/Src/global.o
 .ARM.attributes
                0x0000000000000131       0x2d ./Core/Src/led_matrix_driver.o
 .ARM.attributes
                0x000000000000015e       0x2d ./Core/Src/main.o
 .ARM.attributes
                0x000000000000018b       0x2d ./Core/Src/software_timer.o
 .ARM.attributes
                0x00000000000001b8       0x2d ./Core/Src/stm32f1xx_hal_msp.o
 .ARM.attributes
                0x00000000000001e5       0x2d ./Core/Src/stm32f1xx_it.o
 .ARM.attributes
                0x0000000000000212       0x2d ./Core/Src/system_stm32f1xx.o
 .ARM.attributes
                0x000000000000023f       0x21 ./Core/Startup/startup_stm32f103rbtx.o
 .ARM.attributes
                0x0000000000000260       0x2d ./Drivers/STM32F1xx_HAL_Driver/Src/stm32f1xx_hal.o
 .ARM.attributes
                0x000000000000028d       0x2d ./Drivers/STM32F1xx_HAL_Driver/Src/stm32f1xx_hal_cortex.o
 .ARM.attributes
                0x00000000000002ba       0x2d ./Drivers/STM32F1xx_HAL_Driver/Src/stm32f1xx_hal_gpio.o
 .ARM.attributes
                0x00000000000002e7       0x2d ./Drivers/STM32F1xx_HAL_Driver/Src/stm32f1xx_hal_rcc.o
 .ARM.attributes
                0x0000000000000314       0x2d ./Drivers/STM32F1xx_HAL_Driver/Src/stm32f1xx_hal_tim.o
 .ARM.attributes
                0x0000000000000341       0x2d ./Drivers/STM32F1xx_HAL_Driver/Src/stm32f1xx_hal_tim_ex.o
 .ARM.attributes
                0x000000000000036e       0x2d c:/st/stm32cubeide_1.7.0/stm32cubeide/plugins/com.st.stm32cube.ide.mcu.externaltools.gnu-tools-for-stm32.9-2020-q2-update.win32_2.0.0.202105311346/tools/bin/../lib/gcc/arm-none-eabi/9.3.1/../../../../arm-none-eabi/lib/thumb/v7-m/nofp\libc_nano.a(lib_a-init.o)
 .ARM.attributes
                0x000000000000039b       0x2d c:/st/stm32cubeide_1.7.0/stm32cubeide/plugins/com.st.stm32cube.ide.mcu.externaltools.gnu-tools-for-stm32.9-2020-q2-update.win32_2.0.0.202105311346/tools/bin/../lib/gcc/arm-none-eabi/9.3.1/../../../../arm-none-eabi/lib/thumb/v7-m/nofp\libc_nano.a(lib_a-memset.o)
 .ARM.attributes
                0x00000000000003c8       0x1d c:/st/stm32cubeide_1.7.0/stm32cubeide/plugins/com.st.stm32cube.ide.mcu.externaltools.gnu-tools-for-stm32.9-2020-q2-update.win32_2.0.0.202105311346/tools/bin/../lib/gcc/arm-none-eabi/9.3.1/thumb/v7-m/nofp/crtn.o
OUTPUT(led_matrix_final.elf elf32-littlearm)
LOAD linker stubs
LOAD c:/st/stm32cubeide_1.7.0/stm32cubeide/plugins/com.st.stm32cube.ide.mcu.externaltools.gnu-tools-for-stm32.9-2020-q2-update.win32_2.0.0.202105311346/tools/bin/../lib/gcc/arm-none-eabi/9.3.1/../../../../arm-none-eabi/lib/thumb/v7-m/nofp\libc.a
LOAD c:/st/stm32cubeide_1.7.0/stm32cubeide/plugins/com.st.stm32cube.ide.mcu.externaltools.gnu-tools-for-stm32.9-2020-q2-update.win32_2.0.0.202105311346/tools/bin/../lib/gcc/arm-none-eabi/9.3.1/../../../../arm-none-eabi/lib/thumb/v7-m/nofp\libm.a
LOAD c:/st/stm32cubeide_1.7.0/stm32cubeide/plugins/com.st.stm32cube.ide.mcu.externaltools.gnu-tools-for-stm32.9-2020-q2-update.win32_2.0.0.202105311346/tools/bin/../lib/gcc/arm-none-eabi/9.3.1/thumb/v7-m/nofp\libgcc.a

.debug_info     0x0000000000000000     0x951f
 .debug_info    0x0000000000000000      0x293 ./Core/Src/blink_led_mode.o
 .debug_info    0x0000000000000293      0x405 ./Core/Src/button.o
 .debug_info    0x0000000000000698      0x22e ./Core/Src/control_led_matrix.o
 .debug_info    0x00000000000008c6      0x2dc ./Core/Src/display_led_matrix.o
 .debug_info    0x0000000000000ba2       0x91 ./Core/Src/global.o
 .debug_info    0x0000000000000c33      0x275 ./Core/Src/led_matrix_driver.o
 .debug_info    0x0000000000000ea8      0xc05 ./Core/Src/main.o
 .debug_info    0x0000000000001aad      0x147 ./Core/Src/software_timer.o
 .debug_info    0x0000000000001bf4      0xa27 ./Core/Src/stm32f1xx_hal_msp.o
 .debug_info    0x000000000000261b      0x7b9 ./Core/Src/stm32f1xx_it.o
 .debug_info    0x0000000000002dd4      0x2be ./Core/Src/system_stm32f1xx.o
 .debug_info    0x0000000000003092       0x22 ./Core/Startup/startup_stm32f103rbtx.o
 .debug_info    0x00000000000030b4      0x76a ./Drivers/STM32F1xx_HAL_Driver/Src/stm32f1xx_hal.o
 .debug_info    0x000000000000381e      0xbdc ./Drivers/STM32F1xx_HAL_Driver/Src/stm32f1xx_hal_cortex.o
 .debug_info    0x00000000000043fa      0x701 ./Drivers/STM32F1xx_HAL_Driver/Src/stm32f1xx_hal_gpio.o
 .debug_info    0x0000000000004afb      0x893 ./Drivers/STM32F1xx_HAL_Driver/Src/stm32f1xx_hal_rcc.o
 .debug_info    0x000000000000538e     0x2c12 ./Drivers/STM32F1xx_HAL_Driver/Src/stm32f1xx_hal_tim.o
 .debug_info    0x0000000000007fa0     0x157f ./Drivers/STM32F1xx_HAL_Driver/Src/stm32f1xx_hal_tim_ex.o

.debug_abbrev   0x0000000000000000     0x1b6f
 .debug_abbrev  0x0000000000000000       0xff ./Core/Src/blink_led_mode.o
 .debug_abbrev  0x00000000000000ff      0x1a4 ./Core/Src/button.o
 .debug_abbrev  0x00000000000002a3       0xc9 ./Core/Src/control_led_matrix.o
 .debug_abbrev  0x000000000000036c       0xf6 ./Core/Src/display_led_matrix.o
 .debug_abbrev  0x0000000000000462       0x40 ./Core/Src/global.o
 .debug_abbrev  0x00000000000004a2      0x13f ./Core/Src/led_matrix_driver.o
 .debug_abbrev  0x00000000000005e1      0x22c ./Core/Src/main.o
 .debug_abbrev  0x000000000000080d       0xb6 ./Core/Src/software_timer.o
 .debug_abbrev  0x00000000000008c3      0x1b7 ./Core/Src/stm32f1xx_hal_msp.o
 .debug_abbrev  0x0000000000000a7a      0x176 ./Core/Src/stm32f1xx_it.o
 .debug_abbrev  0x0000000000000bf0      0x14e ./Core/Src/system_stm32f1xx.o
 .debug_abbrev  0x0000000000000d3e       0x12 ./Core/Startup/startup_stm32f103rbtx.o
 .debug_abbrev  0x0000000000000d50      0x1ed ./Drivers/STM32F1xx_HAL_Driver/Src/stm32f1xx_hal.o
 .debug_abbrev  0x0000000000000f3d      0x313 ./Drivers/STM32F1xx_HAL_Driver/Src/stm32f1xx_hal_cortex.o
 .debug_abbrev  0x0000000000001250      0x1e8 ./Drivers/STM32F1xx_HAL_Driver/Src/stm32f1xx_hal_gpio.o
 .debug_abbrev  0x0000000000001438      0x273 ./Drivers/STM32F1xx_HAL_Driver/Src/stm32f1xx_hal_rcc.o
 .debug_abbrev  0x00000000000016ab      0x25e ./Drivers/STM32F1xx_HAL_Driver/Src/stm32f1xx_hal_tim.o
 .debug_abbrev  0x0000000000001909      0x266 ./Drivers/STM32F1xx_HAL_Driver/Src/stm32f1xx_hal_tim_ex.o

.debug_aranges  0x0000000000000000      0xa70
 .debug_aranges
                0x0000000000000000       0x20 ./Core/Src/blink_led_mode.o
 .debug_aranges
                0x0000000000000020       0x50 ./Core/Src/button.o
 .debug_aranges
                0x0000000000000070       0x30 ./Core/Src/control_led_matrix.o
 .debug_aranges
                0x00000000000000a0       0x28 ./Core/Src/display_led_matrix.o
 .debug_aranges
                0x00000000000000c8       0x18 ./Core/Src/global.o
 .debug_aranges
                0x00000000000000e0       0x28 ./Core/Src/led_matrix_driver.o
 .debug_aranges
                0x0000000000000108       0x48 ./Core/Src/main.o
 .debug_aranges
                0x0000000000000150       0x38 ./Core/Src/software_timer.o
 .debug_aranges
                0x0000000000000188       0x30 ./Core/Src/stm32f1xx_hal_msp.o
 .debug_aranges
                0x00000000000001b8       0x68 ./Core/Src/stm32f1xx_it.o
 .debug_aranges
                0x0000000000000220       0x28 ./Core/Src/system_stm32f1xx.o
 .debug_aranges
                0x0000000000000248       0x28 ./Core/Startup/startup_stm32f103rbtx.o
 .debug_aranges
                0x0000000000000270       0xe0 ./Drivers/STM32F1xx_HAL_Driver/Src/stm32f1xx_hal.o
 .debug_aranges
                0x0000000000000350      0x100 ./Drivers/STM32F1xx_HAL_Driver/Src/stm32f1xx_hal_cortex.o
 .debug_aranges
                0x0000000000000450       0x58 ./Drivers/STM32F1xx_HAL_Driver/Src/stm32f1xx_hal_gpio.o
 .debug_aranges
                0x00000000000004a8       0x90 ./Drivers/STM32F1xx_HAL_Driver/Src/stm32f1xx_hal_rcc.o
 .debug_aranges
                0x0000000000000538      0x3d0 ./Drivers/STM32F1xx_HAL_Driver/Src/stm32f1xx_hal_tim.o
 .debug_aranges
                0x0000000000000908      0x168 ./Drivers/STM32F1xx_HAL_Driver/Src/stm32f1xx_hal_tim_ex.o

.debug_ranges   0x0000000000000000      0x950
 .debug_ranges  0x0000000000000000       0x10 ./Core/Src/blink_led_mode.o
 .debug_ranges  0x0000000000000010       0x40 ./Core/Src/button.o
 .debug_ranges  0x0000000000000050       0x20 ./Core/Src/control_led_matrix.o
 .debug_ranges  0x0000000000000070       0x18 ./Core/Src/display_led_matrix.o
 .debug_ranges  0x0000000000000088       0x18 ./Core/Src/led_matrix_driver.o
 .debug_ranges  0x00000000000000a0       0x38 ./Core/Src/main.o
 .debug_ranges  0x00000000000000d8       0x28 ./Core/Src/software_timer.o
 .debug_ranges  0x0000000000000100       0x20 ./Core/Src/stm32f1xx_hal_msp.o
 .debug_ranges  0x0000000000000120       0x58 ./Core/Src/stm32f1xx_it.o
 .debug_ranges  0x0000000000000178       0x18 ./Core/Src/system_stm32f1xx.o
 .debug_ranges  0x0000000000000190       0x20 ./Core/Startup/startup_stm32f103rbtx.o
 .debug_ranges  0x00000000000001b0       0xd0 ./Drivers/STM32F1xx_HAL_Driver/Src/stm32f1xx_hal.o
 .debug_ranges  0x0000000000000280       0xf0 ./Drivers/STM32F1xx_HAL_Driver/Src/stm32f1xx_hal_cortex.o
 .debug_ranges  0x0000000000000370       0x48 ./Drivers/STM32F1xx_HAL_Driver/Src/stm32f1xx_hal_gpio.o
 .debug_ranges  0x00000000000003b8       0x80 ./Drivers/STM32F1xx_HAL_Driver/Src/stm32f1xx_hal_rcc.o
 .debug_ranges  0x0000000000000438      0x3c0 ./Drivers/STM32F1xx_HAL_Driver/Src/stm32f1xx_hal_tim.o
 .debug_ranges  0x00000000000007f8      0x158 ./Drivers/STM32F1xx_HAL_Driver/Src/stm32f1xx_hal_tim_ex.o

.debug_macro    0x0000000000000000    0x17116
 .debug_macro   0x0000000000000000      0x1c5 ./Core/Src/blink_led_mode.o
 .debug_macro   0x00000000000001c5      0xa9c ./Core/Src/blink_led_mode.o
 .debug_macro   0x0000000000000c61      0x215 ./Core/Src/blink_led_mode.o
 .debug_macro   0x0000000000000e76       0x2e ./Core/Src/blink_led_mode.o
 .debug_macro   0x0000000000000ea4       0x22 ./Core/Src/blink_led_mode.o
 .debug_macro   0x0000000000000ec6       0x22 ./Core/Src/blink_led_mode.o
 .debug_macro   0x0000000000000ee8       0x8e ./Core/Src/blink_led_mode.o
 .debug_macro   0x0000000000000f76       0x51 ./Core/Src/blink_led_mode.o
 .debug_macro   0x0000000000000fc7      0x103 ./Core/Src/blink_led_mode.o
 .debug_macro   0x00000000000010ca       0x6a ./Core/Src/blink_led_mode.o
 .debug_macro   0x0000000000001134      0x1df ./Core/Src/blink_led_mode.o
 .debug_macro   0x0000000000001313       0x1c ./Core/Src/blink_led_mode.o
 .debug_macro   0x000000000000132f       0x22 ./Core/Src/blink_led_mode.o
 .debug_macro   0x0000000000001351       0xc3 ./Core/Src/blink_led_mode.o
 .debug_macro   0x0000000000001414      0xd23 ./Core/Src/blink_led_mode.o
 .debug_macro   0x0000000000002137     0xe09e ./Core/Src/blink_led_mode.o
 .debug_macro   0x00000000000101d5       0x6d ./Core/Src/blink_led_mode.o
 .debug_macro   0x0000000000010242     0x348d ./Core/Src/blink_led_mode.o
 .debug_macro   0x00000000000136cf      0x174 ./Core/Src/blink_led_mode.o
 .debug_macro   0x0000000000013843       0x5c ./Core/Src/blink_led_mode.o
 .debug_macro   0x000000000001389f      0x5bc ./Core/Src/blink_led_mode.o
 .debug_macro   0x0000000000013e5b      0x289 ./Core/Src/blink_led_mode.o
 .debug_macro   0x00000000000140e4      0x1cb ./Core/Src/blink_led_mode.o
 .debug_macro   0x00000000000142af      0x114 ./Core/Src/blink_led_mode.o
 .debug_macro   0x00000000000143c3      0x1b2 ./Core/Src/blink_led_mode.o
 .debug_macro   0x0000000000014575       0x27 ./Core/Src/blink_led_mode.o
 .debug_macro   0x000000000001459c      0x136 ./Core/Src/blink_led_mode.o
 .debug_macro   0x00000000000146d2      0x1bc ./Core/Src/blink_led_mode.o
 .debug_macro   0x000000000001488e       0x34 ./Core/Src/blink_led_mode.o
 .debug_macro   0x00000000000148c2       0x3c ./Core/Src/blink_led_mode.o
 .debug_macro   0x00000000000148fe       0x57 ./Core/Src/blink_led_mode.o
 .debug_macro   0x0000000000014955       0x87 ./Core/Src/blink_led_mode.o
 .debug_macro   0x00000000000149dc      0x240 ./Core/Src/blink_led_mode.o
 .debug_macro   0x0000000000014c1c      0x140 ./Core/Src/blink_led_mode.o
 .debug_macro   0x0000000000014d5c      0x8ed ./Core/Src/blink_led_mode.o
 .debug_macro   0x0000000000015649       0x83 ./Core/Src/blink_led_mode.o
 .debug_macro   0x00000000000156cc      0x100 ./Core/Src/blink_led_mode.o
 .debug_macro   0x00000000000157cc       0x76 ./Core/Src/blink_led_mode.o
 .debug_macro   0x0000000000015842      0x1c1 ./Core/Src/button.o
 .debug_macro   0x0000000000015a03       0x16 ./Core/Src/button.o
 .debug_macro   0x0000000000015a19      0x1ec ./Core/Src/control_led_matrix.o
 .debug_macro   0x0000000000015c05       0x1c ./Core/Src/control_led_matrix.o
 .debug_macro   0x0000000000015c21      0x1e7 ./Core/Src/display_led_matrix.o
 .debug_macro   0x0000000000015e08       0x1a ./Core/Src/global.o
 .debug_macro   0x0000000000015e22      0x1b2 ./Core/Src/led_matrix_driver.o
 .debug_macro   0x0000000000015fd4      0x1fc ./Core/Src/main.o
 .debug_macro   0x00000000000161d0       0x1b ./Core/Src/software_timer.o
 .debug_macro   0x00000000000161eb      0x1a8 ./Core/Src/stm32f1xx_hal_msp.o
 .debug_macro   0x0000000000016393      0x1b2 ./Core/Src/stm32f1xx_it.o
 .debug_macro   0x0000000000016545      0x199 ./Core/Src/system_stm32f1xx.o
 .debug_macro   0x00000000000166de      0x1bd ./Drivers/STM32F1xx_HAL_Driver/Src/stm32f1xx_hal.o
 .debug_macro   0x000000000001689b      0x199 ./Drivers/STM32F1xx_HAL_Driver/Src/stm32f1xx_hal_cortex.o
 .debug_macro   0x0000000000016a34      0x204 ./Drivers/STM32F1xx_HAL_Driver/Src/stm32f1xx_hal_gpio.o
 .debug_macro   0x0000000000016c38      0x1ab ./Drivers/STM32F1xx_HAL_Driver/Src/stm32f1xx_hal_rcc.o
 .debug_macro   0x0000000000016de3      0x19a ./Drivers/STM32F1xx_HAL_Driver/Src/stm32f1xx_hal_tim.o
 .debug_macro   0x0000000000016f7d      0x199 ./Drivers/STM32F1xx_HAL_Driver/Src/stm32f1xx_hal_tim_ex.o

.debug_line     0x0000000000000000     0xbad2
 .debug_line    0x0000000000000000      0x6d4 ./Core/Src/blink_led_mode.o
 .debug_line    0x00000000000006d4      0x7ee ./Core/Src/button.o
 .debug_line    0x0000000000000ec2      0x81c ./Core/Src/control_led_matrix.o
 .debug_line    0x00000000000016de      0x759 ./Core/Src/display_led_matrix.o
 .debug_line    0x0000000000001e37       0x4d ./Core/Src/global.o
 .debug_line    0x0000000000001e84      0x739 ./Core/Src/led_matrix_driver.o
 .debug_line    0x00000000000025bd      0x80c ./Core/Src/main.o
 .debug_line    0x0000000000002dc9       0xfe ./Core/Src/software_timer.o
 .debug_line    0x0000000000002ec7      0x6a1 ./Core/Src/stm32f1xx_hal_msp.o
 .debug_line    0x0000000000003568      0x73f ./Core/Src/stm32f1xx_it.o
 .debug_line    0x0000000000003ca7      0x6e3 ./Core/Src/system_stm32f1xx.o
 .debug_line    0x000000000000438a       0x86 ./Core/Startup/startup_stm32f103rbtx.o
 .debug_line    0x0000000000004410      0x910 ./Drivers/STM32F1xx_HAL_Driver/Src/stm32f1xx_hal.o
 .debug_line    0x0000000000004d20      0xaf8 ./Drivers/STM32F1xx_HAL_Driver/Src/stm32f1xx_hal_cortex.o
 .debug_line    0x0000000000005818      0x9a9 ./Drivers/STM32F1xx_HAL_Driver/Src/stm32f1xx_hal_gpio.o
 .debug_line    0x00000000000061c1      0xd1c ./Drivers/STM32F1xx_HAL_Driver/Src/stm32f1xx_hal_rcc.o
 .debug_line    0x0000000000006edd     0x338f ./Drivers/STM32F1xx_HAL_Driver/Src/stm32f1xx_hal_tim.o
 .debug_line    0x000000000000a26c     0x1866 ./Drivers/STM32F1xx_HAL_Driver/Src/stm32f1xx_hal_tim_ex.o

.debug_str      0x0000000000000000    0x84908
 .debug_str     0x0000000000000000    0x81bf2 ./Core/Src/blink_led_mode.o
                                      0x81f36 (size before relaxing)
 .debug_str     0x0000000000081bf2      0x173 ./Core/Src/button.o
                                      0x81f80 (size before relaxing)
 .debug_str     0x0000000000081d65       0xa8 ./Core/Src/control_led_matrix.o
                                      0x81fd5 (size before relaxing)
 .debug_str     0x0000000000081e0d       0xc2 ./Core/Src/display_led_matrix.o
                                      0x81fb9 (size before relaxing)
 .debug_str     0x0000000000081ecf       0x15 ./Core/Src/global.o
                                       0x2e63 (size before relaxing)
 .debug_str     0x0000000000081ee4       0x3f ./Core/Src/led_matrix_driver.o
                                      0x81e15 (size before relaxing)
 .debug_str     0x0000000000081f23      0x6df ./Core/Src/main.o
                                      0x82753 (size before relaxing)
 .debug_str     0x0000000000082602       0x8a ./Core/Src/software_timer.o
                                       0x2e17 (size before relaxing)
 .debug_str     0x000000000008268c      0x2f4 ./Core/Src/stm32f1xx_hal_msp.o
                                      0x825ea (size before relaxing)
 .debug_str     0x0000000000082980       0xcd ./Core/Src/stm32f1xx_it.o
                                      0x82312 (size before relaxing)
 .debug_str     0x0000000000082a4d       0x52 ./Core/Src/system_stm32f1xx.o
                                      0x81a61 (size before relaxing)
 .debug_str     0x0000000000082a9f       0x36 ./Core/Startup/startup_stm32f103rbtx.o
                                         0x65 (size before relaxing)
 .debug_str     0x0000000000082ad5      0x304 ./Drivers/STM32F1xx_HAL_Driver/Src/stm32f1xx_hal.o
                                      0x820f2 (size before relaxing)
 .debug_str     0x0000000000082dd9      0x300 ./Drivers/STM32F1xx_HAL_Driver/Src/stm32f1xx_hal_cortex.o
                                      0x820fa (size before relaxing)
 .debug_str     0x00000000000830d9      0x324 ./Drivers/STM32F1xx_HAL_Driver/Src/stm32f1xx_hal_gpio.o
                                      0x81e25 (size before relaxing)
 .debug_str     0x00000000000833fd      0x24f ./Drivers/STM32F1xx_HAL_Driver/Src/stm32f1xx_hal_rcc.o
                                      0x81e5e (size before relaxing)
 .debug_str     0x000000000008364c      0xdce ./Drivers/STM32F1xx_HAL_Driver/Src/stm32f1xx_hal_tim.o
                                      0x82e37 (size before relaxing)
 .debug_str     0x000000000008441a      0x4ee ./Drivers/STM32F1xx_HAL_Driver/Src/stm32f1xx_hal_tim_ex.o
                                      0x825e8 (size before relaxing)

.comment        0x0000000000000000       0x53
 .comment       0x0000000000000000       0x53 ./Core/Src/blink_led_mode.o
                                         0x54 (size before relaxing)
 .comment       0x0000000000000053       0x54 ./Core/Src/button.o
 .comment       0x0000000000000053       0x54 ./Core/Src/control_led_matrix.o
 .comment       0x0000000000000053       0x54 ./Core/Src/display_led_matrix.o
 .comment       0x0000000000000053       0x54 ./Core/Src/global.o
 .comment       0x0000000000000053       0x54 ./Core/Src/led_matrix_driver.o
 .comment       0x0000000000000053       0x54 ./Core/Src/main.o
 .comment       0x0000000000000053       0x54 ./Core/Src/software_timer.o
 .comment       0x0000000000000053       0x54 ./Core/Src/stm32f1xx_hal_msp.o
 .comment       0x0000000000000053       0x54 ./Core/Src/stm32f1xx_it.o
 .comment       0x0000000000000053       0x54 ./Core/Src/system_stm32f1xx.o
 .comment       0x0000000000000053       0x54 ./Drivers/STM32F1xx_HAL_Driver/Src/stm32f1xx_hal.o
 .comment       0x0000000000000053       0x54 ./Drivers/STM32F1xx_HAL_Driver/Src/stm32f1xx_hal_cortex.o
 .comment       0x0000000000000053       0x54 ./Drivers/STM32F1xx_HAL_Driver/Src/stm32f1xx_hal_gpio.o
 .comment       0x0000000000000053       0x54 ./Drivers/STM32F1xx_HAL_Driver/Src/stm32f1xx_hal_rcc.o
 .comment       0x0000000000000053       0x54 ./Drivers/STM32F1xx_HAL_Driver/Src/stm32f1xx_hal_tim.o
 .comment       0x0000000000000053       0x54 ./Drivers/STM32F1xx_HAL_Driver/Src/stm32f1xx_hal_tim_ex.o

.debug_frame    0x0000000000000000     0x28d4
 .debug_frame   0x0000000000000000       0x2c ./Core/Src/blink_led_mode.o
 .debug_frame   0x000000000000002c      0x120 ./Core/Src/button.o
 .debug_frame   0x000000000000014c       0x64 ./Core/Src/control_led_matrix.o
 .debug_frame   0x00000000000001b0       0x54 ./Core/Src/display_led_matrix.o
 .debug_frame   0x0000000000000204       0x5c ./Core/Src/led_matrix_driver.o
 .debug_frame   0x0000000000000260       0xd4 ./Core/Src/main.o
 .debug_frame   0x0000000000000334       0xa8 ./Core/Src/software_timer.o
 .debug_frame   0x00000000000003dc       0x80 ./Core/Src/stm32f1xx_hal_msp.o
 .debug_frame   0x000000000000045c      0x120 ./Core/Src/stm32f1xx_it.o
 .debug_frame   0x000000000000057c       0x58 ./Core/Src/system_stm32f1xx.o
 .debug_frame   0x00000000000005d4      0x334 ./Drivers/STM32F1xx_HAL_Driver/Src/stm32f1xx_hal.o
 .debug_frame   0x0000000000000908      0x428 ./Drivers/STM32F1xx_HAL_Driver/Src/stm32f1xx_hal_cortex.o
 .debug_frame   0x0000000000000d30      0x14c ./Drivers/STM32F1xx_HAL_Driver/Src/stm32f1xx_hal_gpio.o
 .debug_frame   0x0000000000000e7c      0x218 ./Drivers/STM32F1xx_HAL_Driver/Src/stm32f1xx_hal_rcc.o
 .debug_frame   0x0000000000001094     0x11bc ./Drivers/STM32F1xx_HAL_Driver/Src/stm32f1xx_hal_tim.o
 .debug_frame   0x0000000000002250      0x638 ./Drivers/STM32F1xx_HAL_Driver/Src/stm32f1xx_hal_tim_ex.o
 .debug_frame   0x0000000000002888       0x2c c:/st/stm32cubeide_1.7.0/stm32cubeide/plugins/com.st.stm32cube.ide.mcu.externaltools.gnu-tools-for-stm32.9-2020-q2-update.win32_2.0.0.202105311346/tools/bin/../lib/gcc/arm-none-eabi/9.3.1/../../../../arm-none-eabi/lib/thumb/v7-m/nofp\libc_nano.a(lib_a-init.o)
 .debug_frame   0x00000000000028b4       0x20 c:/st/stm32cubeide_1.7.0/stm32cubeide/plugins/com.st.stm32cube.ide.mcu.externaltools.gnu-tools-for-stm32.9-2020-q2-update.win32_2.0.0.202105311346/tools/bin/../lib/gcc/arm-none-eabi/9.3.1/../../../../arm-none-eabi/lib/thumb/v7-m/nofp\libc_nano.a(lib_a-memset.o)
