Archive member included to satisfy reference by file (symbol)

c:/st/stm32cubeide_1.7.0/stm32cubeide/plugins/com.st.stm32cube.ide.mcu.externaltools.gnu-tools-for-stm32.9-2020-q2-update.win32_2.0.0.202105311346/tools/bin/../lib/gcc/arm-none-eabi/9.3.1/../../../../arm-none-eabi/lib/thumb/v7-m/nofp\libc_nano.a(lib_a-errno.o)
                              ./Core/Src/syscalls.o (__errno)
c:/st/stm32cubeide_1.7.0/stm32cubeide/plugins/com.st.stm32cube.ide.mcu.externaltools.gnu-tools-for-stm32.9-2020-q2-update.win32_2.0.0.202105311346/tools/bin/../lib/gcc/arm-none-eabi/9.3.1/../../../../arm-none-eabi/lib/thumb/v7-m/nofp\libc_nano.a(lib_a-exit.o)
                              c:/st/stm32cubeide_1.7.0/stm32cubeide/plugins/com.st.stm32cube.ide.mcu.externaltools.gnu-tools-for-stm32.9-2020-q2-update.win32_2.0.0.202105311346/tools/bin/../lib/gcc/arm-none-eabi/9.3.1/../../../../arm-none-eabi/lib/thumb/v7-m/nofp/crt0.o (exit)
c:/st/stm32cubeide_1.7.0/stm32cubeide/plugins/com.st.stm32cube.ide.mcu.externaltools.gnu-tools-for-stm32.9-2020-q2-update.win32_2.0.0.202105311346/tools/bin/../lib/gcc/arm-none-eabi/9.3.1/../../../../arm-none-eabi/lib/thumb/v7-m/nofp\libc_nano.a(lib_a-impure.o)
                              c:/st/stm32cubeide_1.7.0/stm32cubeide/plugins/com.st.stm32cube.ide.mcu.externaltools.gnu-tools-for-stm32.9-2020-q2-update.win32_2.0.0.202105311346/tools/bin/../lib/gcc/arm-none-eabi/9.3.1/../../../../arm-none-eabi/lib/thumb/v7-m/nofp\libc_nano.a(lib_a-exit.o) (_global_impure_ptr)
c:/st/stm32cubeide_1.7.0/stm32cubeide/plugins/com.st.stm32cube.ide.mcu.externaltools.gnu-tools-for-stm32.9-2020-q2-update.win32_2.0.0.202105311346/tools/bin/../lib/gcc/arm-none-eabi/9.3.1/../../../../arm-none-eabi/lib/thumb/v7-m/nofp\libc_nano.a(lib_a-init.o)
                              c:/st/stm32cubeide_1.7.0/stm32cubeide/plugins/com.st.stm32cube.ide.mcu.externaltools.gnu-tools-for-stm32.9-2020-q2-update.win32_2.0.0.202105311346/tools/bin/../lib/gcc/arm-none-eabi/9.3.1/../../../../arm-none-eabi/lib/thumb/v7-m/nofp/crt0.o (__libc_init_array)
c:/st/stm32cubeide_1.7.0/stm32cubeide/plugins/com.st.stm32cube.ide.mcu.externaltools.gnu-tools-for-stm32.9-2020-q2-update.win32_2.0.0.202105311346/tools/bin/../lib/gcc/arm-none-eabi/9.3.1/../../../../arm-none-eabi/lib/thumb/v7-m/nofp\libc_nano.a(lib_a-memset.o)
                              c:/st/stm32cubeide_1.7.0/stm32cubeide/plugins/com.st.stm32cube.ide.mcu.externaltools.gnu-tools-for-stm32.9-2020-q2-update.win32_2.0.0.202105311346/tools/bin/../lib/gcc/arm-none-eabi/9.3.1/../../../../arm-none-eabi/lib/thumb/v7-m/nofp/crt0.o (memset)

Allocating common symbols
Common symbol       size              file

uwTick              0x4               ./Drivers/STM32F1xx_HAL_Driver/Src/stm32f1xx_hal.o
pFlash              0x20              ./Drivers/STM32F1xx_HAL_Driver/Src/stm32f1xx_hal_flash.o
htim2               0x48              ./Core/Src/main.o

Discarded input sections

 .text          0x0000000000000000        0x0 c:/st/stm32cubeide_1.7.0/stm32cubeide/plugins/com.st.stm32cube.ide.mcu.externaltools.gnu-tools-for-stm32.9-2020-q2-update.win32_2.0.0.202105311346/tools/bin/../lib/gcc/arm-none-eabi/9.3.1/thumb/v7-m/nofp/crti.o
 .data          0x0000000000000000        0x0 c:/st/stm32cubeide_1.7.0/stm32cubeide/plugins/com.st.stm32cube.ide.mcu.externaltools.gnu-tools-for-stm32.9-2020-q2-update.win32_2.0.0.202105311346/tools/bin/../lib/gcc/arm-none-eabi/9.3.1/thumb/v7-m/nofp/crti.o
 .bss           0x0000000000000000        0x0 c:/st/stm32cubeide_1.7.0/stm32cubeide/plugins/com.st.stm32cube.ide.mcu.externaltools.gnu-tools-for-stm32.9-2020-q2-update.win32_2.0.0.202105311346/tools/bin/../lib/gcc/arm-none-eabi/9.3.1/thumb/v7-m/nofp/crti.o
 .data          0x0000000000000000        0x4 c:/st/stm32cubeide_1.7.0/stm32cubeide/plugins/com.st.stm32cube.ide.mcu.externaltools.gnu-tools-for-stm32.9-2020-q2-update.win32_2.0.0.202105311346/tools/bin/../lib/gcc/arm-none-eabi/9.3.1/thumb/v7-m/nofp/crtbegin.o
 .text          0x0000000000000000       0x7c c:/st/stm32cubeide_1.7.0/stm32cubeide/plugins/com.st.stm32cube.ide.mcu.externaltools.gnu-tools-for-stm32.9-2020-q2-update.win32_2.0.0.202105311346/tools/bin/../lib/gcc/arm-none-eabi/9.3.1/../../../../arm-none-eabi/lib/thumb/v7-m/nofp/crt0.o
 .data          0x0000000000000000        0x0 c:/st/stm32cubeide_1.7.0/stm32cubeide/plugins/com.st.stm32cube.ide.mcu.externaltools.gnu-tools-for-stm32.9-2020-q2-update.win32_2.0.0.202105311346/tools/bin/../lib/gcc/arm-none-eabi/9.3.1/../../../../arm-none-eabi/lib/thumb/v7-m/nofp/crt0.o
 .bss           0x0000000000000000        0x0 c:/st/stm32cubeide_1.7.0/stm32cubeide/plugins/com.st.stm32cube.ide.mcu.externaltools.gnu-tools-for-stm32.9-2020-q2-update.win32_2.0.0.202105311346/tools/bin/../lib/gcc/arm-none-eabi/9.3.1/../../../../arm-none-eabi/lib/thumb/v7-m/nofp/crt0.o
[...]
Memory Configuration

Name             Origin             Length             Attributes
RAM              0x0000000020000000 0x0000000000005000 xrw
FLASH            0x0000000008000000 0x0000000000020000 xr
*default*        0x0000000000000000 0xffffffffffffffff

Linker script and memory map

LOAD c:/st/stm32cubeide_1.7.0/stm32cubeide/plugins/com.st.stm32cube.ide.mcu.externaltools.gnu-tools-for-stm32.9-2020-q2-update.win32_2.0.0.202105311346/tools/bin/../lib/gcc/arm-none-eabi/9.3.1/thumb/v7-m/nofp/crti.o
LOAD c:/st/stm32cubeide_1.7.0/stm32cubeide/plugins/com.st.stm32cube.ide.mcu.externaltools.gnu-tools-for-stm32.9-2020-q2-update.win32_2.0.0.202105311346/tools/bin/../lib/gcc/arm-none-eabi/9.3.1/thumb/v7-m/nofp/crtbegin.o
LOAD c:/st/stm32cubeide_1.7.0/stm32cubeide/plugins/com.st.stm32cube.ide.mcu.externaltools.gnu-tools-for-stm32.9-2020-q2-update.win32_2.0.0.202105311346/tools/bin/../lib/gcc/arm-none-eabi/9.3.1/../../../../arm-none-eabi/lib/thumb/v7-m/nofp/crt0.o
LOAD ./Core/Src/blink_led_mode.o
LOAD ./Core/Src/button.o
LOAD ./Core/Src/control_led_matrix.o
LOAD ./Core/Src/display_led_matrix.o
LOAD ./Core/Src/global.o
LOAD ./Core/Src/main.o
LOAD ./Core/Src/software_timer.o
LOAD ./Core/Src/stm32f1xx_hal_msp.o
LOAD ./Core/Src/stm32f1xx_it.o
LOAD ./Core/Src/syscalls.o
LOAD ./Core/Src/sysmem.o
LOAD ./Core/Src/system_stm32f1xx.o
LOAD ./Core/Startup/startup_stm32f103rbtx.o
LOAD ./Drivers/STM32F1xx_HAL_Driver/Src/stm32f1xx_hal.o
LOAD ./Drivers/STM32F1xx_HAL_Driver/Src/stm32f1xx_hal_cortex.o
LOAD ./Drivers/STM32F1xx_HAL_Driver/Src/stm32f1xx_hal_dma.o
LOAD ./Drivers/STM32F1xx_HAL_Driver/Src/stm32f1xx_hal_exti.o
LOAD ./Drivers/STM32F1xx_HAL_Driver/Src/stm32f1xx_hal_flash.o
LOAD ./Drivers/STM32F1xx_HAL_Driver/Src/stm32f1xx_hal_flash_ex.o
LOAD ./Drivers/STM32F1xx_HAL_Driver/Src/stm32f1xx_hal_gpio.o
LOAD ./Drivers/STM32F1xx_HAL_Driver/Src/stm32f1xx_hal_gpio_ex.o
LOAD ./Drivers/STM32F1xx_HAL_Driver/Src/stm32f1xx_hal_pwr.o
LOAD ./Drivers/STM32F1xx_HAL_Driver/Src/stm32f1xx_hal_rcc.o
LOAD ./Drivers/STM32F1xx_HAL_Driver/Src/stm32f1xx_hal_rcc_ex.o
LOAD ./Drivers/STM32F1xx_HAL_Driver/Src/stm32f1xx_hal_tim.o
LOAD ./Drivers/STM32F1xx_HAL_Driver/Src/stm32f1xx_hal_tim_ex.o
START GROUP
LOAD c:/st/stm32cubeide_1.7.0/stm32cubeide/plugins/com.st.stm32cube.ide.mcu.externaltools.gnu-tools-for-stm32.9-2020-q2-update.win32_2.0.0.202105311346/tools/bin/../lib/gcc/arm-none-eabi/9.3.1/../../../../arm-none-eabi/lib/thumb/v7-m/nofp\libc_nano.a
LOAD c:/st/stm32cubeide_1.7.0/stm32cubeide/plugins/com.st.stm32cube.ide.mcu.externaltools.gnu-tools-for-stm32.9-2020-q2-update.win32_2.0.0.202105311346/tools/bin/../lib/gcc/arm-none-eabi/9.3.1/../../../../arm-none-eabi/lib/thumb/v7-m/nofp\libm.a
END GROUP
START GROUP
LOAD c:/st/stm32cubeide_1.7.0/stm32cubeide/plugins/com.st.stm32cube.ide.mcu.externaltools.gnu-tools-for-stm32.9-2020-q2-update.win32_2.0.0.202105311346/tools/bin/../lib/gcc/arm-none-eabi/9.3.1/thumb/v7-m/nofp\libgcc.a
LOAD c:/st/stm32cubeide_1.7.0/stm32cubeide/plugins/com.st.stm32cube.ide.mcu.externaltools.gnu-tools-for-stm32.9-2020-q2-update.win32_2.0.0.202105311346/tools/bin/../lib/gcc/arm-none-eabi/9.3.1/../../../../arm-none-eabi/lib/thumb/v7-m/nofp\libc_nano.a
END GROUP
START GROUP
LOAD c:/st/stm32cubeide_1.7.0/stm32cubeide/plugins/com.st.stm32cube.ide.mcu.externaltools.gnu-tools-for-stm32.9-2020-q2-update.win32_2.0.0.202105311346/tools/bin/../lib/gcc/arm-none-eabi/9.3.1/thumb/v7-m/nofp\libgcc.a
LOAD c:/st/stm32cubeide_1.7.0/stm32cubeide/plugins/com.st.stm32cube.ide.mcu.externaltools.gnu-tools-for-stm32.9-2020-q2-update.win32_2.0.0.202105311346/tools/bin/../lib/gcc/arm-none-eabi/9.3.1/../../../../arm-none-eabi/lib/thumb/v7-m/nofp\libc_nano.a
LOAD c:/st/stm32cubeide_1.7.0/stm32cubeide/plugins/com.st.stm32cube.ide.mcu.externaltools.gnu-tools-for-stm32.9-2020-q2-update.win32_2.0.0.202105311346/tools/bin/../lib/gcc/arm-none-eabi/9.3.1/../../../../arm-none-eabi/lib/thumb/v7-m/nofp\libnosys.a
END GROUP
START GROUP
LOAD c:/st/stm32cubeide_1.7.0/stm32cubeide/plugins/com.st.stm32cube.ide.mcu.externaltools.gnu-tools-for-stm32.9-2020-q2-update.win32_2.0.0.202105311346/tools/bin/../lib/gcc/arm-none-eabi/9.3.1/thumb/v7-m/nofp\libgcc.a
LOAD c:/st/stm32cubeide_1.7.0/stm32cubeide/plugins/com.st.stm32cube.ide.mcu.externaltools.gnu-tools-for-stm32.9-2020-q2-update.win32_2.0.0.202105311346/tools/bin/../lib/gcc/arm-none-eabi/9.3.1/../../../../arm-none-eabi/lib/thumb/v7-m/nofp\libc_nano.a
LOAD c:/st/stm32cubeide_1.7.0/stm32cubeide/plugins/com.st.stm32cube.ide.mcu.externaltools.gnu-tools-for-stm32.9-2020-q2-update.win32_2.0.0.202105311346/tools/bin/../lib/gcc/arm-none-eabi/9.3.1/../../../../arm-none-eabi/lib/thumb/v7-m/nofp\libnosys.a
END GROUP
LOAD c:/st/stm32cubeide_1.7.0/stm32cubeide/plugins/com.st.stm32cube.ide.mcu.externaltools.gnu-tools-for-stm32.9-2020-q2-update.win32_2.0.0.202105311346/tools/bin/../lib/gcc/arm-none-eabi/9.3.1/thumb/v7-m/nofp/crtend.o
LOAD c:/st/stm32cubeide_1.7.0/stm32cubeide/plugins/com.st.stm32cube.ide.mcu.externaltools.gnu-tools-for-stm32.9-2020-q2-update.win32_2.0.0.202105311346/tools/bin/../lib/gcc/arm-none-eabi/9.3.1/thumb/v7-m/nofp/crtn.o
                0x0000000020005000                _estack = (ORIGIN (RAM) + LENGTH (RAM))
                0x0000000000000200                _Min_Heap_Size = 0x200
                0x0000000000000400                _Min_Stack_Size = 0x400

.isr_vector     0x0000000008000000      0x10c
                0x0000000008000000                . = ALIGN (0x4)
 *(.isr_vector)
 .isr_vector    0x0000000008000000      0x10c ./Core/Startup/startup_stm32f103rbtx.o
                0x0000000008000000                g_pfnVectors
                0x000000000800010c                . = ALIGN (0x4)

.text           0x000000000800010c     0x28f0
                0x000000000800010c                . = ALIGN (0x4)
 *(.text)
 .text          0x000000000800010c       0x40 c:/st/stm32cubeide_1.7.0/stm32cubeide/plugins/com.st.stm32cube.ide.mcu.externaltools.gnu-tools-for-stm32.9-2020-q2-update.win32_2.0.0.202105311346/tools/bin/../lib/gcc/arm-none-eabi/9.3.1/thumb/v7-m/nofp/crtbegin.o
 *(.text*)
 .text.blink_led_mode
                0x000000000800014c      0x158 ./Core/Src/blink_led_mode.o
                0x000000000800014c                blink_led_mode
 .text.reset_all_button
                0x00000000080002a4       0x40 ./Core/Src/button.o
                0x00000000080002a4                reset_all_button
 .text.key_n_process_pressed_once
                0x00000000080002e4       0x20 ./Core/Src/button.o
                0x00000000080002e4                key_n_process_pressed_once
 .text.key_n_process_pressed_hold
                0x0000000008000304       0x20 ./Core/Src/button.o
                0x0000000008000304                key_n_process_pressed_hold
 .text.is_button_pressed_once
                0x0000000008000324       0x34 ./Core/Src/button.o
                0x0000000008000324                is_button_pressed_once
 .text.is_button_pressed_hold
                0x0000000008000358       0x34 ./Core/Src/button.o
                0x0000000008000358                is_button_pressed_hold
 .text.get_key_input
                0x000000000800038c      0x180 ./Core/Src/button.o
                0x000000000800038c                get_key_input
 .text.get_key_input_all
                0x000000000800050c       0x28 ./Core/Src/button.o
                0x000000000800050c                get_key_input_all
 .text.scan_matrix
                0x0000000008000534       0x78 ./Core/Src/control_led_matrix.o
                0x0000000008000534                scan_matrix
 .text.set_state
                0x00000000080005ac       0x2c ./Core/Src/control_led_matrix.o
                0x00000000080005ac                set_state
 .text.controlLedMatrix
                0x00000000080005d8      0x1ec ./Core/Src/control_led_matrix.o
                0x00000000080005d8                controlLedMatrix
 .text.writeByte
                0x00000000080007c4       0xc4 ./Core/Src/display_led_matrix.o
                0x00000000080007c4                writeByte
 .text.displayLedMatrix_red
                0x0000000008000888      0x178 ./Core/Src/display_led_matrix.o
                0x0000000008000888                displayLedMatrix_red
 .text.displayLedMatrix_green
                0x0000000008000a00      0x178 ./Core/Src/display_led_matrix.o
                0x0000000008000a00                displayLedMatrix_green
 .text.set_state_matrix
                0x0000000008000b78      0x184 ./Core/Src/display_led_matrix.o
                0x0000000008000b78                set_state_matrix
 .text.displayLedMatrix
                0x0000000008000cfc      0x17c ./Core/Src/display_led_matrix.o
                0x0000000008000cfc                displayLedMatrix
 .text.main     0x0000000008000e78       0x24 ./Core/Src/main.o
                0x0000000008000e78                main
 .text.SystemClock_Config
                0x0000000008000e9c       0x76 ./Core/Src/main.o
                0x0000000008000e9c                SystemClock_Config
 *fill*         0x0000000008000f12        0x2 
 .text.MX_TIM2_Init
                0x0000000008000f14       0x98 ./Core/Src/main.o
 .text.MX_GPIO_Init
                0x0000000008000fac      0x108 ./Core/Src/main.o
 .text.HAL_TIM_PeriodElapsedCallback
                0x00000000080010b4       0x18 ./Core/Src/main.o
                0x00000000080010b4                HAL_TIM_PeriodElapsedCallback
 .text.Error_Handler
                0x00000000080010cc        0xa ./Core/Src/main.o
                0x00000000080010cc                Error_Handler
 *fill*         0x00000000080010d6        0x2 
 .text.setTimer1
                0x00000000080010d8       0x34 ./Core/Src/software_timer.o
                0x00000000080010d8                setTimer1
 .text.setTimer2
                0x000000000800110c       0x34 ./Core/Src/software_timer.o
                0x000000000800110c                setTimer2
 .text.setTimer3
                0x0000000008001140       0x34 ./Core/Src/software_timer.o
                0x0000000008001140                setTimer3
 .text.timerRun
                0x0000000008001174       0x84 ./Core/Src/software_timer.o
                0x0000000008001174                timerRun
 .text.HAL_MspInit
                0x00000000080011f8       0x64 ./Core/Src/stm32f1xx_hal_msp.o
                0x00000000080011f8                HAL_MspInit
 .text.HAL_TIM_Base_MspInit
                0x000000000800125c       0x48 ./Core/Src/stm32f1xx_hal_msp.o
                0x000000000800125c                HAL_TIM_Base_MspInit
 .text.NMI_Handler
                0x00000000080012a4        0x6 ./Core/Src/stm32f1xx_it.o
                0x00000000080012a4                NMI_Handler
 .text.HardFault_Handler
                0x00000000080012aa        0x6 ./Core/Src/stm32f1xx_it.o
                0x00000000080012aa                HardFault_Handler
 .text.MemManage_Handler
                0x00000000080012b0        0x6 ./Core/Src/stm32f1xx_it.o
                0x00000000080012b0                MemManage_Handler
 .text.BusFault_Handler
                0x00000000080012b6        0x6 ./Core/Src/stm32f1xx_it.o
                0x00000000080012b6                BusFault_Handler
 .text.UsageFault_Handler
                0x00000000080012bc        0x6 ./Core/Src/stm32f1xx_it.o
                0x00000000080012bc                UsageFault_Handler
 .text.SVC_Handler
                0x00000000080012c2        0xc ./Core/Src/stm32f1xx_it.o
                0x00000000080012c2                SVC_Handler
 .text.DebugMon_Handler
                0x00000000080012ce        0xc ./Core/Src/stm32f1xx_it.o
                0x00000000080012ce                DebugMon_Handler
 .text.PendSV_Handler
                0x00000000080012da        0xc ./Core/Src/stm32f1xx_it.o
                0x00000000080012da                PendSV_Handler
 .text.SysTick_Handler
                0x00000000080012e6        0xc ./Core/Src/stm32f1xx_it.o
                0x00000000080012e6                SysTick_Handler
 *fill*         0x00000000080012f2        0x2 
 .text.TIM2_IRQHandler
                0x00000000080012f4       0x14 ./Core/Src/stm32f1xx_it.o
                0x00000000080012f4                TIM2_IRQHandler
 .text.SystemInit
                0x0000000008001308        0xc ./Core/Src/system_stm32f1xx.o
                0x0000000008001308                SystemInit
 .text.Reset_Handler
                0x0000000008001314       0x48 ./Core/Startup/startup_stm32f103rbtx.o
                0x0000000008001314                Reset_Handler
 .text.Default_Handler
                0x000000000800135c        0x2 ./Core/Startup/startup_stm32f103rbtx.o
                0x000000000800135c                RTC_Alarm_IRQHandler
                0x000000000800135c                EXTI2_IRQHandler
                0x000000000800135c                TIM1_CC_IRQHandler
                0x000000000800135c                PVD_IRQHandler
                0x000000000800135c                EXTI3_IRQHandler
                0x000000000800135c                EXTI0_IRQHandler
                0x000000000800135c                I2C2_EV_IRQHandler
                0x000000000800135c                ADC1_2_IRQHandler
                0x000000000800135c                SPI1_IRQHandler
                0x000000000800135c                TAMPER_IRQHandler
                0x000000000800135c                DMA1_Channel4_IRQHandler
                0x000000000800135c                USART3_IRQHandler
                0x000000000800135c                RTC_IRQHandler
                0x000000000800135c                DMA1_Channel7_IRQHandler
                0x000000000800135c                CAN1_RX1_IRQHandler
                0x000000000800135c                TIM4_IRQHandler
                0x000000000800135c                I2C1_EV_IRQHandler
                0x000000000800135c                DMA1_Channel6_IRQHandler
                0x000000000800135c                TIM3_IRQHandler
                0x000000000800135c                RCC_IRQHandler
                0x000000000800135c                TIM1_TRG_COM_IRQHandler
                0x000000000800135c                DMA1_Channel1_IRQHandler
                0x000000000800135c                Default_Handler
                0x000000000800135c                EXTI15_10_IRQHandler
                0x000000000800135c                EXTI9_5_IRQHandler
                0x000000000800135c                SPI2_IRQHandler
                0x000000000800135c                DMA1_Channel5_IRQHandler
                0x000000000800135c                EXTI4_IRQHandler
                0x000000000800135c                USB_LP_CAN1_RX0_IRQHandler
                0x000000000800135c                USB_HP_CAN1_TX_IRQHandler
                0x000000000800135c                DMA1_Channel3_IRQHandler
                0x000000000800135c                TIM1_UP_IRQHandler
                0x000000000800135c                WWDG_IRQHandler
                0x000000000800135c                TIM1_BRK_IRQHandler
                0x000000000800135c                EXTI1_IRQHandler
                0x000000000800135c                USART2_IRQHandler
                0x000000000800135c                I2C2_ER_IRQHandler
                0x000000000800135c                DMA1_Channel2_IRQHandler
                0x000000000800135c                CAN1_SCE_IRQHandler
                0x000000000800135c                FLASH_IRQHandler
                0x000000000800135c                USART1_IRQHandler
                0x000000000800135c                I2C1_ER_IRQHandler
                0x000000000800135c                USBWakeUp_IRQHandler
 *fill*         0x000000000800135e        0x2 
 .text.HAL_Init
                0x0000000008001360       0x2c ./Drivers/STM32F1xx_HAL_Driver/Src/stm32f1xx_hal.o
                0x0000000008001360                HAL_Init
 .text.HAL_InitTick
                0x000000000800138c       0x60 ./Drivers/STM32F1xx_HAL_Driver/Src/stm32f1xx_hal.o
                0x000000000800138c                HAL_InitTick
 .text.HAL_IncTick
                0x00000000080013ec       0x24 ./Drivers/STM32F1xx_HAL_Driver/Src/stm32f1xx_hal.o
                0x00000000080013ec                HAL_IncTick
 .text.HAL_GetTick
                0x0000000008001410       0x14 ./Drivers/STM32F1xx_HAL_Driver/Src/stm32f1xx_hal.o
                0x0000000008001410                HAL_GetTick
 .text.__NVIC_SetPriorityGrouping
                0x0000000008001424       0x48 ./Drivers/STM32F1xx_HAL_Driver/Src/stm32f1xx_hal_cortex.o
 .text.__NVIC_GetPriorityGrouping
                0x000000000800146c       0x1c ./Drivers/STM32F1xx_HAL_Driver/Src/stm32f1xx_hal_cortex.o
 .text.__NVIC_EnableIRQ
                0x0000000008001488       0x38 ./Drivers/STM32F1xx_HAL_Driver/Src/stm32f1xx_hal_cortex.o
 .text.__NVIC_SetPriority
                0x00000000080014c0       0x54 ./Drivers/STM32F1xx_HAL_Driver/Src/stm32f1xx_hal_cortex.o
 .text.NVIC_EncodePriority
                0x0000000008001514       0x64 ./Drivers/STM32F1xx_HAL_Driver/Src/stm32f1xx_hal_cortex.o
 .text.SysTick_Config
                0x0000000008001578       0x44 ./Drivers/STM32F1xx_HAL_Driver/Src/stm32f1xx_hal_cortex.o
 .text.HAL_NVIC_SetPriorityGrouping
                0x00000000080015bc       0x16 ./Drivers/STM32F1xx_HAL_Driver/Src/stm32f1xx_hal_cortex.o
                0x00000000080015bc                HAL_NVIC_SetPriorityGrouping
 .text.HAL_NVIC_SetPriority
                0x00000000080015d2       0x38 ./Drivers/STM32F1xx_HAL_Driver/Src/stm32f1xx_hal_cortex.o
                0x00000000080015d2                HAL_NVIC_SetPriority
 .text.HAL_NVIC_EnableIRQ
                0x000000000800160a       0x1c ./Drivers/STM32F1xx_HAL_Driver/Src/stm32f1xx_hal_cortex.o
                0x000000000800160a                HAL_NVIC_EnableIRQ
 .text.HAL_SYSTICK_Config
                0x0000000008001626       0x18 ./Drivers/STM32F1xx_HAL_Driver/Src/stm32f1xx_hal_cortex.o
                0x0000000008001626                HAL_SYSTICK_Config
 *fill*         0x000000000800163e        0x2 
 .text.HAL_GPIO_Init
                0x0000000008001640      0x308 ./Drivers/STM32F1xx_HAL_Driver/Src/stm32f1xx_hal_gpio.o
                0x0000000008001640                HAL_GPIO_Init
 .text.HAL_GPIO_ReadPin
                0x0000000008001948       0x2e ./Drivers/STM32F1xx_HAL_Driver/Src/stm32f1xx_hal_gpio.o
                0x0000000008001948                HAL_GPIO_ReadPin
 .text.HAL_GPIO_WritePin
                0x0000000008001976       0x30 ./Drivers/STM32F1xx_HAL_Driver/Src/stm32f1xx_hal_gpio.o
                0x0000000008001976                HAL_GPIO_WritePin
 .text.HAL_GPIO_TogglePin
                0x00000000080019a6       0x32 ./Drivers/STM32F1xx_HAL_Driver/Src/stm32f1xx_hal_gpio.o
                0x00000000080019a6                HAL_GPIO_TogglePin
 .text.HAL_RCC_OscConfig
                0x00000000080019d8      0x500 ./Drivers/STM32F1xx_HAL_Driver/Src/stm32f1xx_hal_rcc.o
                0x00000000080019d8                HAL_RCC_OscConfig
 .text.HAL_RCC_ClockConfig
                0x0000000008001ed8      0x1d4 ./Drivers/STM32F1xx_HAL_Driver/Src/stm32f1xx_hal_rcc.o
                0x0000000008001ed8                HAL_RCC_ClockConfig
 .text.HAL_RCC_GetSysClockFreq
                0x00000000080020ac       0xa8 ./Drivers/STM32F1xx_HAL_Driver/Src/stm32f1xx_hal_rcc.o
                0x00000000080020ac                HAL_RCC_GetSysClockFreq
 .text.RCC_Delay
                0x0000000008002154       0x3c ./Drivers/STM32F1xx_HAL_Driver/Src/stm32f1xx_hal_rcc.o
 .text.HAL_TIM_Base_Init
                0x0000000008002190       0x9e ./Drivers/STM32F1xx_HAL_Driver/Src/stm32f1xx_hal_tim.o
                0x0000000008002190                HAL_TIM_Base_Init
 *fill*         0x000000000800222e        0x2 
 .text.HAL_TIM_Base_Start_IT
                0x0000000008002230       0xa4 ./Drivers/STM32F1xx_HAL_Driver/Src/stm32f1xx_hal_tim.o
                0x0000000008002230                HAL_TIM_Base_Start_IT
 .text.HAL_TIM_IRQHandler
                0x00000000080022d4      0x210 ./Drivers/STM32F1xx_HAL_Driver/Src/stm32f1xx_hal_tim.o
                0x00000000080022d4                HAL_TIM_IRQHandler
 .text.HAL_TIM_ConfigClockSource
                0x00000000080024e4      0x18e ./Drivers/STM32F1xx_HAL_Driver/Src/stm32f1xx_hal_tim.o
                0x00000000080024e4                HAL_TIM_ConfigClockSource
 .text.HAL_TIM_OC_DelayElapsedCallback
                0x0000000008002672       0x12 ./Drivers/STM32F1xx_HAL_Driver/Src/stm32f1xx_hal_tim.o
                0x0000000008002672                HAL_TIM_OC_DelayElapsedCallback
 .text.HAL_TIM_IC_CaptureCallback
                0x0000000008002684       0x12 ./Drivers/STM32F1xx_HAL_Driver/Src/stm32f1xx_hal_tim.o
                0x0000000008002684                HAL_TIM_IC_CaptureCallback
 .text.HAL_TIM_PWM_PulseFinishedCallback
                0x0000000008002696       0x12 ./Drivers/STM32F1xx_HAL_Driver/Src/stm32f1xx_hal_tim.o
                0x0000000008002696                HAL_TIM_PWM_PulseFinishedCallback
 .text.HAL_TIM_TriggerCallback
                0x00000000080026a8       0x12 ./Drivers/STM32F1xx_HAL_Driver/Src/stm32f1xx_hal_tim.o
                0x00000000080026a8                HAL_TIM_TriggerCallback
 *fill*         0x00000000080026ba        0x2 
 .text.TIM_Base_SetConfig
                0x00000000080026bc       0xc4 ./Drivers/STM32F1xx_HAL_Driver/Src/stm32f1xx_hal_tim.o
                0x00000000080026bc                TIM_Base_SetConfig
 .text.TIM_TI1_ConfigInputStage
                0x0000000008002780       0x5c ./Drivers/STM32F1xx_HAL_Driver/Src/stm32f1xx_hal_tim.o
 .text.TIM_TI2_ConfigInputStage
                0x00000000080027dc       0x5e ./Drivers/STM32F1xx_HAL_Driver/Src/stm32f1xx_hal_tim.o
 .text.TIM_ITRx_SetConfig
                0x000000000800283a       0x34 ./Drivers/STM32F1xx_HAL_Driver/Src/stm32f1xx_hal_tim.o
 .text.TIM_ETR_SetConfig
                0x000000000800286e       0x3e ./Drivers/STM32F1xx_HAL_Driver/Src/stm32f1xx_hal_tim.o
                0x000000000800286e                TIM_ETR_SetConfig
 .text.HAL_TIMEx_MasterConfigSynchronization
                0x00000000080028ac       0xbc ./Drivers/STM32F1xx_HAL_Driver/Src/stm32f1xx_hal_tim_ex.o
                0x00000000080028ac                HAL_TIMEx_MasterConfigSynchronization
 .text.HAL_TIMEx_CommutCallback
                0x0000000008002968       0x12 ./Drivers/STM32F1xx_HAL_Driver/Src/stm32f1xx_hal_tim_ex.o
                0x0000000008002968                HAL_TIMEx_CommutCallback
 .text.HAL_TIMEx_BreakCallback
                0x000000000800297a       0x12 ./Drivers/STM32F1xx_HAL_Driver/Src/stm32f1xx_hal_tim_ex.o
                0x000000000800297a                HAL_TIMEx_BreakCallback
 .text.__libc_init_array
                0x000000000800298c       0x48 c:/st/stm32cubeide_1.7.0/stm32cubeide/plugins/com.st.stm32cube.ide.mcu.externaltools.gnu-tools-for-stm32.9-2020-q2-update.win32_2.0.0.202105311346/tools/bin/../lib/gcc/arm-none-eabi/9.3.1/../../../../arm-none-eabi/lib/thumb/v7-m/nofp\libc_nano.a(lib_a-init.o)
                0x000000000800298c                __libc_init_array
 .text.memset   0x00000000080029d4       0x10 c:/st/stm32cubeide_1.7.0/stm32cubeide/plugins/com.st.stm32cube.ide.mcu.externaltools.gnu-tools-for-stm32.9-2020-q2-update.win32_2.0.0.202105311346/tools/bin/../lib/gcc/arm-none-eabi/9.3.1/../../../../arm-none-eabi/lib/thumb/v7-m/nofp\libc_nano.a(lib_a-memset.o)
                0x00000000080029d4                memset
 *(.glue_7)
 .glue_7        0x00000000080029e4        0x0 linker stubs
 *(.glue_7t)
 .glue_7t       0x00000000080029e4        0x0 linker stubs
 *(.eh_frame)
 .eh_frame      0x00000000080029e4        0x0 c:/st/stm32cubeide_1.7.0/stm32cubeide/plugins/com.st.stm32cube.ide.mcu.externaltools.gnu-tools-for-stm32.9-2020-q2-update.win32_2.0.0.202105311346/tools/bin/../lib/gcc/arm-none-eabi/9.3.1/thumb/v7-m/nofp/crtbegin.o
 *(.init)
 .init          0x00000000080029e4        0x4 c:/st/stm32cubeide_1.7.0/stm32cubeide/plugins/com.st.stm32cube.ide.mcu.externaltools.gnu-tools-for-stm32.9-2020-q2-update.win32_2.0.0.202105311346/tools/bin/../lib/gcc/arm-none-eabi/9.3.1/thumb/v7-m/nofp/crti.o
                0x00000000080029e4                _init
 .init          0x00000000080029e8        0x8 c:/st/stm32cubeide_1.7.0/stm32cubeide/plugins/com.st.stm32cube.ide.mcu.externaltools.gnu-tools-for-stm32.9-2020-q2-update.win32_2.0.0.202105311346/tools/bin/../lib/gcc/arm-none-eabi/9.3.1/thumb/v7-m/nofp/crtn.o
 *(.fini)
 .fini          0x00000000080029f0        0x4 c:/st/stm32cubeide_1.7.0/stm32cubeide/plugins/com.st.stm32cube.ide.mcu.externaltools.gnu-tools-for-stm32.9-2020-q2-update.win32_2.0.0.202105311346/tools/bin/../lib/gcc/arm-none-eabi/9.3.1/thumb/v7-m/nofp/crti.o
                0x00000000080029f0                _fini
 .fini          0x00000000080029f4        0x8 c:/st/stm32cubeide_1.7.0/stm32cubeide/plugins/com.st.stm32cube.ide.mcu.externaltools.gnu-tools-for-stm32.9-2020-q2-update.win32_2.0.0.202105311346/tools/bin/../lib/gcc/arm-none-eabi/9.3.1/thumb/v7-m/nofp/crtn.o
                0x00000000080029fc                . = ALIGN (0x4)
                0x00000000080029fc                _etext = .

.vfp11_veneer   0x00000000080029fc        0x0
 .vfp11_veneer  0x00000000080029fc        0x0 linker stubs

.v4_bx          0x00000000080029fc        0x0
 .v4_bx         0x00000000080029fc        0x0 linker stubs

.iplt           0x00000000080029fc        0x0
 .iplt          0x00000000080029fc        0x0 c:/st/stm32cubeide_1.7.0/stm32cubeide/plugins/com.st.stm32cube.ide.mcu.externaltools.gnu-tools-for-stm32.9-2020-q2-update.win32_2.0.0.202105311346/tools/bin/../lib/gcc/arm-none-eabi/9.3.1/thumb/v7-m/nofp/crtbegin.o

.rodata         0x00000000080029fc       0x24
                0x00000000080029fc                . = ALIGN (0x4)
 *(.rodata)
 *(.rodata*)
 .rodata.AHBPrescTable
                0x00000000080029fc       0x10 ./Core/Src/system_stm32f1xx.o
                0x00000000080029fc                AHBPrescTable
 .rodata.aPLLMULFactorTable.6037
                0x0000000008002a0c       0x10 ./Drivers/STM32F1xx_HAL_Driver/Src/stm32f1xx_hal_rcc.o
 .rodata.aPredivFactorTable.6038
                0x0000000008002a1c        0x2 ./Drivers/STM32F1xx_HAL_Driver/Src/stm32f1xx_hal_rcc.o
                0x0000000008002a20                . = ALIGN (0x4)
 *fill*         0x0000000008002a1e        0x2 

.rel.dyn        0x0000000008002a20        0x0
 .rel.iplt      0x0000000008002a20        0x0 c:/st/stm32cubeide_1.7.0/stm32cubeide/plugins/com.st.stm32cube.ide.mcu.externaltools.gnu-tools-for-stm32.9-2020-q2-update.win32_2.0.0.202105311346/tools/bin/../lib/gcc/arm-none-eabi/9.3.1/thumb/v7-m/nofp/crtbegin.o

.ARM.extab      0x0000000008002a20        0x0
                0x0000000008002a20                . = ALIGN (0x4)
 *(.ARM.extab* .gnu.linkonce.armextab.*)
                0x0000000008002a20                . = ALIGN (0x4)

.ARM            0x0000000008002a20        0x0
                0x0000000008002a20                . = ALIGN (0x4)
                0x0000000008002a20                __exidx_start = .
 *(.ARM.exidx*)
                0x0000000008002a20                __exidx_end = .
                0x0000000008002a20                . = ALIGN (0x4)

.preinit_array  0x0000000008002a20        0x0
                0x0000000008002a20                . = ALIGN (0x4)
                0x0000000008002a20                PROVIDE (__preinit_array_start = .)
 *(.preinit_array*)
                0x0000000008002a20                PROVIDE (__preinit_array_end = .)
                0x0000000008002a20                . = ALIGN (0x4)

.init_array     0x0000000008002a20        0x4
                0x0000000008002a20                . = ALIGN (0x4)
                0x0000000008002a20                PROVIDE (__init_array_start = .)
 *(SORT_BY_NAME(.init_array.*))
 *(.init_array*)
 .init_array    0x0000000008002a20        0x4 c:/st/stm32cubeide_1.7.0/stm32cubeide/plugins/com.st.stm32cube.ide.mcu.externaltools.gnu-tools-for-stm32.9-2020-q2-update.win32_2.0.0.202105311346/tools/bin/../lib/gcc/arm-none-eabi/9.3.1/thumb/v7-m/nofp/crtbegin.o
                0x0000000008002a24                PROVIDE (__init_array_end = .)
                0x0000000008002a24                . = ALIGN (0x4)

.fini_array     0x0000000008002a24        0x4
                0x0000000008002a24                . = ALIGN (0x4)
                [!provide]                        PROVIDE (__fini_array_start = .)
 *(SORT_BY_NAME(.fini_array.*))
 *(.fini_array*)
 .fini_array    0x0000000008002a24        0x4 c:/st/stm32cubeide_1.7.0/stm32cubeide/plugins/com.st.stm32cube.ide.mcu.externaltools.gnu-tools-for-stm32.9-2020-q2-update.win32_2.0.0.202105311346/tools/bin/../lib/gcc/arm-none-eabi/9.3.1/thumb/v7-m/nofp/crtbegin.o
                [!provide]                        PROVIDE (__fini_array_end = .)
                0x0000000008002a28                . = ALIGN (0x4)
                0x0000000008002a28                _sidata = LOADADDR (.data)

.data           0x0000000020000000      0x170 load address 0x0000000008002a28
                0x0000000020000000                . = ALIGN (0x4)
                0x0000000020000000                _sdata = .
 *(.data)
 *(.data*)
 .data.keyReg0  0x0000000020000000        0xc ./Core/Src/button.o
                0x0000000020000000                keyReg0
 .data.keyReg1  0x000000002000000c        0xc ./Core/Src/button.o
                0x000000002000000c                keyReg1
 .data.keyReg2  0x0000000020000018        0xc ./Core/Src/button.o
                0x0000000020000018                keyReg2
 .data.keyReg3  0x0000000020000024        0xc ./Core/Src/button.o
                0x0000000020000024                keyReg3
 .data.time_for_key_press
                0x0000000020000030        0xc ./Core/Src/button.o
                0x0000000020000030                time_for_key_press
 .data.mode_char
                0x000000002000003c        0x4 ./Core/Src/display_led_matrix.o
                0x000000002000003c                mode_char
 .data.mode_animation
                0x0000000020000040        0x4 ./Core/Src/display_led_matrix.o
                0x0000000020000040                mode_animation
 .data.mode_color
                0x0000000020000044        0x4 ./Core/Src/display_led_matrix.o
                0x0000000020000044                mode_color
 .data.cot      0x0000000020000048       0x10 ./Core/Src/display_led_matrix.o
                0x0000000020000048                cot
 .data.hang     0x0000000020000058       0x10 ./Core/Src/display_led_matrix.o
                0x0000000020000058                hang
 .data.hang_green
                0x0000000020000068       0x10 ./Core/Src/display_led_matrix.o
                0x0000000020000068                hang_green
 .data.a_stay   0x0000000020000078        0x8 ./Core/Src/display_led_matrix.o
                0x0000000020000078                a_stay
 .data.a_run    0x0000000020000080       0x68 ./Core/Src/display_led_matrix.o
                0x0000000020000080                a_run
 .data.b_stay   0x00000000200000e8        0x8 ./Core/Src/display_led_matrix.o
                0x00000000200000e8                b_stay
 .data.b_run    0x00000000200000f0       0x70 ./Core/Src/display_led_matrix.o
                0x00000000200000f0                b_run
 .data.DURATION_DIVIDE
                0x0000000020000160        0x4 ./Core/Src/software_timer.o
                0x0000000020000160                DURATION_DIVIDE
 .data.SystemCoreClock
                0x0000000020000164        0x4 ./Core/Src/system_stm32f1xx.o
                0x0000000020000164                SystemCoreClock
 .data.uwTickPrio
                0x0000000020000168        0x4 ./Drivers/STM32F1xx_HAL_Driver/Src/stm32f1xx_hal.o
                0x0000000020000168                uwTickPrio
 .data.uwTickFreq
                0x000000002000016c        0x1 ./Drivers/STM32F1xx_HAL_Driver/Src/stm32f1xx_hal.o
                0x000000002000016c                uwTickFreq
 *(.RamFunc)
 *(.RamFunc*)
                0x0000000020000170                . = ALIGN (0x4)
 *fill*         0x000000002000016d        0x3 
                0x0000000020000170                _edata = .

.igot.plt       0x0000000020000170        0x0 load address 0x0000000008002b98
 .igot.plt      0x0000000020000170        0x0 c:/st/stm32cubeide_1.7.0/stm32cubeide/plugins/com.st.stm32cube.ide.mcu.externaltools.gnu-tools-for-stm32.9-2020-q2-update.win32_2.0.0.202105311346/tools/bin/../lib/gcc/arm-none-eabi/9.3.1/thumb/v7-m/nofp/crtbegin.o
                0x0000000020000170                . = ALIGN (0x4)

.bss            0x0000000020000170       0xbc load address 0x0000000008002b98
                0x0000000020000170                _sbss = .
                0x0000000020000170                __bss_start__ = _sbss
 *(.bss)
 .bss           0x0000000020000170       0x1c c:/st/stm32cubeide_1.7.0/stm32cubeide/plugins/com.st.stm32cube.ide.mcu.externaltools.gnu-tools-for-stm32.9-2020-q2-update.win32_2.0.0.202105311346/tools/bin/../lib/gcc/arm-none-eabi/9.3.1/thumb/v7-m/nofp/crtbegin.o
 *(.bss*)
 .bss.button_flag_pressed_once
                0x000000002000018c        0xc ./Core/Src/button.o
                0x000000002000018c                button_flag_pressed_once
 .bss.button_flag_pressed_hold
                0x0000000020000198        0xc ./Core/Src/button.o
                0x0000000020000198                button_flag_pressed_hold
 .bss.en_pressed_once
                0x00000000200001a4        0xc ./Core/Src/button.o
                0x00000000200001a4                en_pressed_once
 .bss.index_led
                0x00000000200001b0        0x4 ./Core/Src/control_led_matrix.o
                0x00000000200001b0                index_led
 .bss.trans     0x00000000200001b4        0x4 ./Core/Src/control_led_matrix.o
                0x00000000200001b4                trans
 .bss.state_led_matrix
                0x00000000200001b8        0x4 ./Core/Src/display_led_matrix.o
                0x00000000200001b8                state_led_matrix
 .bss.matrix_off
                0x00000000200001bc        0x8 ./Core/Src/display_led_matrix.o
                0x00000000200001bc                matrix_off
 .bss.status    0x00000000200001c4        0x4 ./Core/Src/global.o
                0x00000000200001c4                status
 .bss.timer1_counter
                0x00000000200001c8        0x4 ./Core/Src/software_timer.o
                0x00000000200001c8                timer1_counter
 .bss.timer1_flag
                0x00000000200001cc        0x4 ./Core/Src/software_timer.o
                0x00000000200001cc                timer1_flag
 .bss.timer2_counter
                0x00000000200001d0        0x4 ./Core/Src/software_timer.o
                0x00000000200001d0                timer2_counter
 .bss.timer2_flag
                0x00000000200001d4        0x4 ./Core/Src/software_timer.o
                0x00000000200001d4                timer2_flag
 .bss.timer3_counter
                0x00000000200001d8        0x4 ./Core/Src/software_timer.o
                0x00000000200001d8                timer3_counter
 .bss.timer3_flag
                0x00000000200001dc        0x4 ./Core/Src/software_timer.o
                0x00000000200001dc                timer3_flag
 *(COMMON)
 COMMON         0x00000000200001e0       0x48 ./Core/Src/main.o
                0x00000000200001e0                htim2
 COMMON         0x0000000020000228        0x4 ./Drivers/STM32F1xx_HAL_Driver/Src/stm32f1xx_hal.o
                0x0000000020000228                uwTick
                0x000000002000022c                . = ALIGN (0x4)
                0x000000002000022c                _ebss = .
                0x000000002000022c                __bss_end__ = _ebss

._user_heap_stack
                0x000000002000022c      0x604 load address 0x0000000008002b98
                0x0000000020000230                . = ALIGN (0x8)
 *fill*         0x000000002000022c        0x4 
                [!provide]                        PROVIDE (end = .)
                0x0000000020000230                PROVIDE (_end = .)
                0x0000000020000430                . = (. + _Min_Heap_Size)
 *fill*         0x0000000020000230      0x200 
                0x0000000020000830                . = (. + _Min_Stack_Size)
 *fill*         0x0000000020000430      0x400 
                0x0000000020000830                . = ALIGN (0x8)

/DISCARD/
 libc.a(*)
 libm.a(*)
 libgcc.a(*)

.ARM.attributes
                0x0000000000000000       0x29
 *(.ARM.attributes)
 .ARM.attributes
                0x0000000000000000       0x1d c:/st/stm32cubeide_1.7.0/stm32cubeide/plugins/com.st.stm32cube.ide.mcu.externaltools.gnu-tools-for-stm32.9-2020-q2-update.win32_2.0.0.202105311346/tools/bin/../lib/gcc/arm-none-eabi/9.3.1/thumb/v7-m/nofp/crti.o
 .ARM.attributes
                0x000000000000001d       0x2d c:/st/stm32cubeide_1.7.0/stm32cubeide/plugins/com.st.stm32cube.ide.mcu.externaltools.gnu-tools-for-stm32.9-2020-q2-update.win32_2.0.0.202105311346/tools/bin/../lib/gcc/arm-none-eabi/9.3.1/thumb/v7-m/nofp/crtbegin.o
 .ARM.attributes
                0x000000000000004a       0x2d ./Core/Src/blink_led_mode.o
 .ARM.attributes
                0x0000000000000077       0x2d ./Core/Src/button.o
 .ARM.attributes
                0x00000000000000a4       0x2d ./Core/Src/control_led_matrix.o
 .ARM.attributes
                0x00000000000000d1       0x2d ./Core/Src/display_led_matrix.o
 .ARM.attributes
                0x00000000000000fe       0x33 ./Core/Src/global.o
 .ARM.attributes
                0x0000000000000131       0x2d ./Core/Src/main.o
 .ARM.attributes
                0x000000000000015e       0x2d ./Core/Src/software_timer.o
 .ARM.attributes
                0x000000000000018b       0x2d ./Core/Src/stm32f1xx_hal_msp.o
 .ARM.attributes
                0x00000000000001b8       0x2d ./Core/Src/stm32f1xx_it.o
 .ARM.attributes
                0x00000000000001e5       0x2d ./Core/Src/system_stm32f1xx.o
 .ARM.attributes
                0x0000000000000212       0x21 ./Core/Startup/startup_stm32f103rbtx.o
 .ARM.attributes
                0x0000000000000233       0x2d ./Drivers/STM32F1xx_HAL_Driver/Src/stm32f1xx_hal.o
 .ARM.attributes
                0x0000000000000260       0x2d ./Drivers/STM32F1xx_HAL_Driver/Src/stm32f1xx_hal_cortex.o
 .ARM.attributes
                0x000000000000028d       0x2d ./Drivers/STM32F1xx_HAL_Driver/Src/stm32f1xx_hal_gpio.o
 .ARM.attributes
                0x00000000000002ba       0x2d ./Drivers/STM32F1xx_HAL_Driver/Src/stm32f1xx_hal_rcc.o
 .ARM.attributes
                0x00000000000002e7       0x2d ./Drivers/STM32F1xx_HAL_Driver/Src/stm32f1xx_hal_tim.o
 .ARM.attributes
                0x0000000000000314       0x2d ./Drivers/STM32F1xx_HAL_Driver/Src/stm32f1xx_hal_tim_ex.o
 .ARM.attributes
                0x0000000000000341       0x2d c:/st/stm32cubeide_1.7.0/stm32cubeide/plugins/com.st.stm32cube.ide.mcu.externaltools.gnu-tools-for-stm32.9-2020-q2-update.win32_2.0.0.202105311346/tools/bin/../lib/gcc/arm-none-eabi/9.3.1/../../../../arm-none-eabi/lib/thumb/v7-m/nofp\libc_nano.a(lib_a-init.o)
 .ARM.attributes
                0x000000000000036e       0x2d c:/st/stm32cubeide_1.7.0/stm32cubeide/plugins/com.st.stm32cube.ide.mcu.externaltools.gnu-tools-for-stm32.9-2020-q2-update.win32_2.0.0.202105311346/tools/bin/../lib/gcc/arm-none-eabi/9.3.1/../../../../arm-none-eabi/lib/thumb/v7-m/nofp\libc_nano.a(lib_a-memset.o)
 .ARM.attributes
                0x000000000000039b       0x1d c:/st/stm32cubeide_1.7.0/stm32cubeide/plugins/com.st.stm32cube.ide.mcu.externaltools.gnu-tools-for-stm32.9-2020-q2-update.win32_2.0.0.202105311346/tools/bin/../lib/gcc/arm-none-eabi/9.3.1/thumb/v7-m/nofp/crtn.o
OUTPUT(led_matrix.elf elf32-littlearm)
LOAD linker stubs
LOAD c:/st/stm32cubeide_1.7.0/stm32cubeide/plugins/com.st.stm32cube.ide.mcu.externaltools.gnu-tools-for-stm32.9-2020-q2-update.win32_2.0.0.202105311346/tools/bin/../lib/gcc/arm-none-eabi/9.3.1/../../../../arm-none-eabi/lib/thumb/v7-m/nofp\libc.a
LOAD c:/st/stm32cubeide_1.7.0/stm32cubeide/plugins/com.st.stm32cube.ide.mcu.externaltools.gnu-tools-for-stm32.9-2020-q2-update.win32_2.0.0.202105311346/tools/bin/../lib/gcc/arm-none-eabi/9.3.1/../../../../arm-none-eabi/lib/thumb/v7-m/nofp\libm.a
LOAD c:/st/stm32cubeide_1.7.0/stm32cubeide/plugins/com.st.stm32cube.ide.mcu.externaltools.gnu-tools-for-stm32.9-2020-q2-update.win32_2.0.0.202105311346/tools/bin/../lib/gcc/arm-none-eabi/9.3.1/thumb/v7-m/nofp\libgcc.a

.debug_info     0x0000000000000000     0x9452
 .debug_info    0x0000000000000000      0x26f ./Core/Src/blink_led_mode.o
 .debug_info    0x000000000000026f      0x405 ./Core/Src/button.o
 .debug_info    0x0000000000000674      0x22e ./Core/Src/control_led_matrix.o
 .debug_info    0x00000000000008a2      0x4f4 ./Core/Src/display_led_matrix.o
 .debug_info    0x0000000000000d96       0x43 ./Core/Src/global.o
 .debug_info    0x0000000000000dd9      0xc07 ./Core/Src/main.o
 .debug_info    0x00000000000019e0      0x147 ./Core/Src/software_timer.o
 .debug_info    0x0000000000001b27      0xa27 ./Core/Src/stm32f1xx_hal_msp.o
 .debug_info    0x000000000000254e      0x7b9 ./Core/Src/stm32f1xx_it.o
 .debug_info    0x0000000000002d07      0x2be ./Core/Src/system_stm32f1xx.o
 .debug_info    0x0000000000002fc5       0x22 ./Core/Startup/startup_stm32f103rbtx.o
 .debug_info    0x0000000000002fe7      0x76a ./Drivers/STM32F1xx_HAL_Driver/Src/stm32f1xx_hal.o
 .debug_info    0x0000000000003751      0xbdc ./Drivers/STM32F1xx_HAL_Driver/Src/stm32f1xx_hal_cortex.o
 .debug_info    0x000000000000432d      0x701 ./Drivers/STM32F1xx_HAL_Driver/Src/stm32f1xx_hal_gpio.o
 .debug_info    0x0000000000004a2e      0x893 ./Drivers/STM32F1xx_HAL_Driver/Src/stm32f1xx_hal_rcc.o
 .debug_info    0x00000000000052c1     0x2c12 ./Drivers/STM32F1xx_HAL_Driver/Src/stm32f1xx_hal_tim.o
 .debug_info    0x0000000000007ed3     0x157f ./Drivers/STM32F1xx_HAL_Driver/Src/stm32f1xx_hal_tim_ex.o

.debug_abbrev   0x0000000000000000     0x1ab7
 .debug_abbrev  0x0000000000000000       0xff ./Core/Src/blink_led_mode.o
 .debug_abbrev  0x00000000000000ff      0x1a4 ./Core/Src/button.o
 .debug_abbrev  0x00000000000002a3       0xc9 ./Core/Src/control_led_matrix.o
 .debug_abbrev  0x000000000000036c      0x161 ./Core/Src/display_led_matrix.o
 .debug_abbrev  0x00000000000004cd       0x40 ./Core/Src/global.o
 .debug_abbrev  0x000000000000050d      0x248 ./Core/Src/main.o
 .debug_abbrev  0x0000000000000755       0xb6 ./Core/Src/software_timer.o
 .debug_abbrev  0x000000000000080b      0x1b7 ./Core/Src/stm32f1xx_hal_msp.o
 .debug_abbrev  0x00000000000009c2      0x176 ./Core/Src/stm32f1xx_it.o
 .debug_abbrev  0x0000000000000b38      0x14e ./Core/Src/system_stm32f1xx.o
 .debug_abbrev  0x0000000000000c86       0x12 ./Core/Startup/startup_stm32f103rbtx.o
 .debug_abbrev  0x0000000000000c98      0x1ed ./Drivers/STM32F1xx_HAL_Driver/Src/stm32f1xx_hal.o
 .debug_abbrev  0x0000000000000e85      0x313 ./Drivers/STM32F1xx_HAL_Driver/Src/stm32f1xx_hal_cortex.o
 .debug_abbrev  0x0000000000001198      0x1e8 ./Drivers/STM32F1xx_HAL_Driver/Src/stm32f1xx_hal_gpio.o
 .debug_abbrev  0x0000000000001380      0x273 ./Drivers/STM32F1xx_HAL_Driver/Src/stm32f1xx_hal_rcc.o
 .debug_abbrev  0x00000000000015f3      0x25e ./Drivers/STM32F1xx_HAL_Driver/Src/stm32f1xx_hal_tim.o
 .debug_abbrev  0x0000000000001851      0x266 ./Drivers/STM32F1xx_HAL_Driver/Src/stm32f1xx_hal_tim_ex.o

.debug_aranges  0x0000000000000000      0xa60
 .debug_aranges
                0x0000000000000000       0x20 ./Core/Src/blink_led_mode.o
 .debug_aranges
                0x0000000000000020       0x50 ./Core/Src/button.o
 .debug_aranges
                0x0000000000000070       0x30 ./Core/Src/control_led_matrix.o
 .debug_aranges
                0x00000000000000a0       0x40 ./Core/Src/display_led_matrix.o
 .debug_aranges
                0x00000000000000e0       0x18 ./Core/Src/global.o
 .debug_aranges
                0x00000000000000f8       0x48 ./Core/Src/main.o
 .debug_aranges
                0x0000000000000140       0x38 ./Core/Src/software_timer.o
 .debug_aranges
                0x0000000000000178       0x30 ./Core/Src/stm32f1xx_hal_msp.o
 .debug_aranges
                0x00000000000001a8       0x68 ./Core/Src/stm32f1xx_it.o
 .debug_aranges
                0x0000000000000210       0x28 ./Core/Src/system_stm32f1xx.o
 .debug_aranges
                0x0000000000000238       0x28 ./Core/Startup/startup_stm32f103rbtx.o
 .debug_aranges
                0x0000000000000260       0xe0 ./Drivers/STM32F1xx_HAL_Driver/Src/stm32f1xx_hal.o
 .debug_aranges
                0x0000000000000340      0x100 ./Drivers/STM32F1xx_HAL_Driver/Src/stm32f1xx_hal_cortex.o
 .debug_aranges
                0x0000000000000440       0x58 ./Drivers/STM32F1xx_HAL_Driver/Src/stm32f1xx_hal_gpio.o
 .debug_aranges
                0x0000000000000498       0x90 ./Drivers/STM32F1xx_HAL_Driver/Src/stm32f1xx_hal_rcc.o
 .debug_aranges
                0x0000000000000528      0x3d0 ./Drivers/STM32F1xx_HAL_Driver/Src/stm32f1xx_hal_tim.o
 .debug_aranges
                0x00000000000008f8      0x168 ./Drivers/STM32F1xx_HAL_Driver/Src/stm32f1xx_hal_tim_ex.o

.debug_ranges   0x0000000000000000      0x950
 .debug_ranges  0x0000000000000000       0x10 ./Core/Src/blink_led_mode.o
 .debug_ranges  0x0000000000000010       0x40 ./Core/Src/button.o
 .debug_ranges  0x0000000000000050       0x20 ./Core/Src/control_led_matrix.o
 .debug_ranges  0x0000000000000070       0x30 ./Core/Src/display_led_matrix.o
 .debug_ranges  0x00000000000000a0       0x38 ./Core/Src/main.o
 .debug_ranges  0x00000000000000d8       0x28 ./Core/Src/software_timer.o
 .debug_ranges  0x0000000000000100       0x20 ./Core/Src/stm32f1xx_hal_msp.o
 .debug_ranges  0x0000000000000120       0x58 ./Core/Src/stm32f1xx_it.o
 .debug_ranges  0x0000000000000178       0x18 ./Core/Src/system_stm32f1xx.o
 .debug_ranges  0x0000000000000190       0x20 ./Core/Startup/startup_stm32f103rbtx.o
 .debug_ranges  0x00000000000001b0       0xd0 ./Drivers/STM32F1xx_HAL_Driver/Src/stm32f1xx_hal.o
 .debug_ranges  0x0000000000000280       0xf0 ./Drivers/STM32F1xx_HAL_Driver/Src/stm32f1xx_hal_cortex.o
 .debug_ranges  0x0000000000000370       0x48 ./Drivers/STM32F1xx_HAL_Driver/Src/stm32f1xx_hal_gpio.o
 .debug_ranges  0x00000000000003b8       0x80 ./Drivers/STM32F1xx_HAL_Driver/Src/stm32f1xx_hal_rcc.o
 .debug_ranges  0x0000000000000438      0x3c0 ./Drivers/STM32F1xx_HAL_Driver/Src/stm32f1xx_hal_tim.o
 .debug_ranges  0x00000000000007f8      0x158 ./Drivers/STM32F1xx_HAL_Driver/Src/stm32f1xx_hal_tim_ex.o

.debug_macro    0x0000000000000000    0x16ff1
 .debug_macro   0x0000000000000000      0x1c5 ./Core/Src/blink_led_mode.o
 .debug_macro   0x00000000000001c5      0xa9c ./Core/Src/blink_led_mode.o
 .debug_macro   0x0000000000000c61      0x215 ./Core/Src/blink_led_mode.o
 .debug_macro   0x0000000000000e76       0x2e ./Core/Src/blink_led_mode.o
 .debug_macro   0x0000000000000ea4       0x22 ./Core/Src/blink_led_mode.o
 .debug_macro   0x0000000000000ec6       0x22 ./Core/Src/blink_led_mode.o
 .debug_macro   0x0000000000000ee8       0x8e ./Core/Src/blink_led_mode.o
 .debug_macro   0x0000000000000f76       0x51 ./Core/Src/blink_led_mode.o
 .debug_macro   0x0000000000000fc7      0x103 ./Core/Src/blink_led_mode.o
 .debug_macro   0x00000000000010ca       0x6a ./Core/Src/blink_led_mode.o
 .debug_macro   0x0000000000001134      0x1df ./Core/Src/blink_led_mode.o
 .debug_macro   0x0000000000001313       0x1c ./Core/Src/blink_led_mode.o
 .debug_macro   0x000000000000132f       0x22 ./Core/Src/blink_led_mode.o
 .debug_macro   0x0000000000001351       0xc3 ./Core/Src/blink_led_mode.o
 .debug_macro   0x0000000000001414      0xd23 ./Core/Src/blink_led_mode.o
 .debug_macro   0x0000000000002137     0xe09e ./Core/Src/blink_led_mode.o
 .debug_macro   0x00000000000101d5       0x6d ./Core/Src/blink_led_mode.o
 .debug_macro   0x0000000000010242     0x348d ./Core/Src/blink_led_mode.o
 .debug_macro   0x00000000000136cf      0x174 ./Core/Src/blink_led_mode.o
 .debug_macro   0x0000000000013843       0x5c ./Core/Src/blink_led_mode.o
 .debug_macro   0x000000000001389f      0x5bc ./Core/Src/blink_led_mode.o
 .debug_macro   0x0000000000013e5b      0x289 ./Core/Src/blink_led_mode.o
 .debug_macro   0x00000000000140e4      0x1cb ./Core/Src/blink_led_mode.o
 .debug_macro   0x00000000000142af      0x114 ./Core/Src/blink_led_mode.o
 .debug_macro   0x00000000000143c3      0x1b2 ./Core/Src/blink_led_mode.o
 .debug_macro   0x0000000000014575       0x27 ./Core/Src/blink_led_mode.o
 .debug_macro   0x000000000001459c      0x136 ./Core/Src/blink_led_mode.o
 .debug_macro   0x00000000000146d2      0x1bc ./Core/Src/blink_led_mode.o
 .debug_macro   0x000000000001488e       0x34 ./Core/Src/blink_led_mode.o
 .debug_macro   0x00000000000148c2       0x3c ./Core/Src/blink_led_mode.o
 .debug_macro   0x00000000000148fe       0x57 ./Core/Src/blink_led_mode.o
 .debug_macro   0x0000000000014955       0x87 ./Core/Src/blink_led_mode.o
 .debug_macro   0x00000000000149dc      0x240 ./Core/Src/blink_led_mode.o
 .debug_macro   0x0000000000014c1c      0x140 ./Core/Src/blink_led_mode.o
 .debug_macro   0x0000000000014d5c      0x8ed ./Core/Src/blink_led_mode.o
 .debug_macro   0x0000000000015649       0x83 ./Core/Src/blink_led_mode.o
 .debug_macro   0x00000000000156cc      0x16c ./Core/Src/blink_led_mode.o
 .debug_macro   0x0000000000015838       0x28 ./Core/Src/blink_led_mode.o
 .debug_macro   0x0000000000015860      0x1c1 ./Core/Src/button.o
 .debug_macro   0x0000000000015a21       0x16 ./Core/Src/button.o
 .debug_macro   0x0000000000015a37      0x1e7 ./Core/Src/control_led_matrix.o
 .debug_macro   0x0000000000015c1e       0x52 ./Core/Src/control_led_matrix.o
 .debug_macro   0x0000000000015c70       0x1c ./Core/Src/control_led_matrix.o
 .debug_macro   0x0000000000015c8c      0x212 ./Core/Src/display_led_matrix.o
 .debug_macro   0x0000000000015e9e       0x1a ./Core/Src/global.o
 .debug_macro   0x0000000000015eb8      0x1f3 ./Core/Src/main.o
 .debug_macro   0x00000000000160ab       0x1b ./Core/Src/software_timer.o
 .debug_macro   0x00000000000160c6      0x1a8 ./Core/Src/stm32f1xx_hal_msp.o
 .debug_macro   0x000000000001626e      0x1b2 ./Core/Src/stm32f1xx_it.o
 .debug_macro   0x0000000000016420      0x199 ./Core/Src/system_stm32f1xx.o
 .debug_macro   0x00000000000165b9      0x1bd ./Drivers/STM32F1xx_HAL_Driver/Src/stm32f1xx_hal.o
 .debug_macro   0x0000000000016776      0x199 ./Drivers/STM32F1xx_HAL_Driver/Src/stm32f1xx_hal_cortex.o
 .debug_macro   0x000000000001690f      0x204 ./Drivers/STM32F1xx_HAL_Driver/Src/stm32f1xx_hal_gpio.o
 .debug_macro   0x0000000000016b13      0x1ab ./Drivers/STM32F1xx_HAL_Driver/Src/stm32f1xx_hal_rcc.o
 .debug_macro   0x0000000000016cbe      0x19a ./Drivers/STM32F1xx_HAL_Driver/Src/stm32f1xx_hal_tim.o
 .debug_macro   0x0000000000016e58      0x199 ./Drivers/STM32F1xx_HAL_Driver/Src/stm32f1xx_hal_tim_ex.o

.debug_line     0x0000000000000000     0xb66c
 .debug_line    0x0000000000000000      0x6ef ./Core/Src/blink_led_mode.o
 .debug_line    0x00000000000006ef      0x7ee ./Core/Src/button.o
 .debug_line    0x0000000000000edd      0x858 ./Core/Src/control_led_matrix.o
 .debug_line    0x0000000000001735      0x9ea ./Core/Src/display_led_matrix.o
 .debug_line    0x000000000000211f       0x4d ./Core/Src/global.o
 .debug_line    0x000000000000216c      0x7f7 ./Core/Src/main.o
 .debug_line    0x0000000000002963       0xfe ./Core/Src/software_timer.o
 .debug_line    0x0000000000002a61      0x6a1 ./Core/Src/stm32f1xx_hal_msp.o
 .debug_line    0x0000000000003102      0x73f ./Core/Src/stm32f1xx_it.o
 .debug_line    0x0000000000003841      0x6e3 ./Core/Src/system_stm32f1xx.o
 .debug_line    0x0000000000003f24       0x86 ./Core/Startup/startup_stm32f103rbtx.o
 .debug_line    0x0000000000003faa      0x910 ./Drivers/STM32F1xx_HAL_Driver/Src/stm32f1xx_hal.o
 .debug_line    0x00000000000048ba      0xaf8 ./Drivers/STM32F1xx_HAL_Driver/Src/stm32f1xx_hal_cortex.o
 .debug_line    0x00000000000053b2      0x9a9 ./Drivers/STM32F1xx_HAL_Driver/Src/stm32f1xx_hal_gpio.o
 .debug_line    0x0000000000005d5b      0xd1c ./Drivers/STM32F1xx_HAL_Driver/Src/stm32f1xx_hal_rcc.o
 .debug_line    0x0000000000006a77     0x338f ./Drivers/STM32F1xx_HAL_Driver/Src/stm32f1xx_hal_tim.o
 .debug_line    0x0000000000009e06     0x1866 ./Drivers/STM32F1xx_HAL_Driver/Src/stm32f1xx_hal_tim_ex.o

.debug_str      0x0000000000000000    0x84a82
 .debug_str     0x0000000000000000    0x81c36 ./Core/Src/blink_led_mode.o
                                      0x82022 (size before relaxing)
 .debug_str     0x0000000000081c36      0x173 ./Core/Src/button.o
                                      0x82116 (size before relaxing)
 .debug_str     0x0000000000081da9      0x11e ./Core/Src/control_led_matrix.o
                                      0x82151 (size before relaxing)
 .debug_str     0x0000000000081ec7      0x1c1 ./Core/Src/display_led_matrix.o
                                      0x8225f (size before relaxing)
 .debug_str     0x0000000000082088       0x15 ./Core/Src/global.o
                                       0x2db4 (size before relaxing)
 .debug_str     0x000000000008209d      0x6df ./Core/Src/main.o
                                      0x828cf (size before relaxing)
 .debug_str     0x000000000008277c       0x8a ./Core/Src/software_timer.o
                                       0x2e12 (size before relaxing)
 .debug_str     0x0000000000082806      0x2f4 ./Core/Src/stm32f1xx_hal_msp.o
                                      0x82780 (size before relaxing)
 .debug_str     0x0000000000082afa       0xcd ./Core/Src/stm32f1xx_it.o
                                      0x824a8 (size before relaxing)
 .debug_str     0x0000000000082bc7       0x52 ./Core/Src/system_stm32f1xx.o
                                      0x81a5c (size before relaxing)
 .debug_str     0x0000000000082c19       0x36 ./Core/Startup/startup_stm32f103rbtx.o
                                         0x60 (size before relaxing)
 .debug_str     0x0000000000082c4f      0x304 ./Drivers/STM32F1xx_HAL_Driver/Src/stm32f1xx_hal.o
                                      0x820ed (size before relaxing)
 .debug_str     0x0000000000082f53      0x300 ./Drivers/STM32F1xx_HAL_Driver/Src/stm32f1xx_hal_cortex.o
                                      0x820f5 (size before relaxing)
 .debug_str     0x0000000000083253      0x324 ./Drivers/STM32F1xx_HAL_Driver/Src/stm32f1xx_hal_gpio.o
                                      0x81e20 (size before relaxing)
 .debug_str     0x0000000000083577      0x24f ./Drivers/STM32F1xx_HAL_Driver/Src/stm32f1xx_hal_rcc.o
                                      0x81e59 (size before relaxing)
 .debug_str     0x00000000000837c6      0xdce ./Drivers/STM32F1xx_HAL_Driver/Src/stm32f1xx_hal_tim.o
                                      0x82e32 (size before relaxing)
 .debug_str     0x0000000000084594      0x4ee ./Drivers/STM32F1xx_HAL_Driver/Src/stm32f1xx_hal_tim_ex.o
                                      0x825e3 (size before relaxing)

.comment        0x0000000000000000       0x53
 .comment       0x0000000000000000       0x53 ./Core/Src/blink_led_mode.o
                                         0x54 (size before relaxing)
 .comment       0x0000000000000053       0x54 ./Core/Src/button.o
 .comment       0x0000000000000053       0x54 ./Core/Src/control_led_matrix.o
 .comment       0x0000000000000053       0x54 ./Core/Src/display_led_matrix.o
 .comment       0x0000000000000053       0x54 ./Core/Src/global.o
 .comment       0x0000000000000053       0x54 ./Core/Src/main.o
 .comment       0x0000000000000053       0x54 ./Core/Src/software_timer.o
 .comment       0x0000000000000053       0x54 ./Core/Src/stm32f1xx_hal_msp.o
 .comment       0x0000000000000053       0x54 ./Core/Src/stm32f1xx_it.o
 .comment       0x0000000000000053       0x54 ./Core/Src/system_stm32f1xx.o
 .comment       0x0000000000000053       0x54 ./Drivers/STM32F1xx_HAL_Driver/Src/stm32f1xx_hal.o
 .comment       0x0000000000000053       0x54 ./Drivers/STM32F1xx_HAL_Driver/Src/stm32f1xx_hal_cortex.o
 .comment       0x0000000000000053       0x54 ./Drivers/STM32F1xx_HAL_Driver/Src/stm32f1xx_hal_gpio.o
 .comment       0x0000000000000053       0x54 ./Drivers/STM32F1xx_HAL_Driver/Src/stm32f1xx_hal_rcc.o
 .comment       0x0000000000000053       0x54 ./Drivers/STM32F1xx_HAL_Driver/Src/stm32f1xx_hal_tim.o
 .comment       0x0000000000000053       0x54 ./Drivers/STM32F1xx_HAL_Driver/Src/stm32f1xx_hal_tim_ex.o

.debug_frame    0x0000000000000000     0x28e4
 .debug_frame   0x0000000000000000       0x2c ./Core/Src/blink_led_mode.o
 .debug_frame   0x000000000000002c      0x120 ./Core/Src/button.o
 .debug_frame   0x000000000000014c       0x64 ./Core/Src/control_led_matrix.o
 .debug_frame   0x00000000000001b0       0xc0 ./Core/Src/display_led_matrix.o
 .debug_frame   0x0000000000000270       0xd4 ./Core/Src/main.o
 .debug_frame   0x0000000000000344       0xa8 ./Core/Src/software_timer.o
 .debug_frame   0x00000000000003ec       0x80 ./Core/Src/stm32f1xx_hal_msp.o
 .debug_frame   0x000000000000046c      0x120 ./Core/Src/stm32f1xx_it.o
 .debug_frame   0x000000000000058c       0x58 ./Core/Src/system_stm32f1xx.o
 .debug_frame   0x00000000000005e4      0x334 ./Drivers/STM32F1xx_HAL_Driver/Src/stm32f1xx_hal.o
 .debug_frame   0x0000000000000918      0x428 ./Drivers/STM32F1xx_HAL_Driver/Src/stm32f1xx_hal_cortex.o
 .debug_frame   0x0000000000000d40      0x14c ./Drivers/STM32F1xx_HAL_Driver/Src/stm32f1xx_hal_gpio.o
 .debug_frame   0x0000000000000e8c      0x218 ./Drivers/STM32F1xx_HAL_Driver/Src/stm32f1xx_hal_rcc.o
 .debug_frame   0x00000000000010a4     0x11bc ./Drivers/STM32F1xx_HAL_Driver/Src/stm32f1xx_hal_tim.o
 .debug_frame   0x0000000000002260      0x638 ./Drivers/STM32F1xx_HAL_Driver/Src/stm32f1xx_hal_tim_ex.o
 .debug_frame   0x0000000000002898       0x2c c:/st/stm32cubeide_1.7.0/stm32cubeide/plugins/com.st.stm32cube.ide.mcu.externaltools.gnu-tools-for-stm32.9-2020-q2-update.win32_2.0.0.202105311346/tools/bin/../lib/gcc/arm-none-eabi/9.3.1/../../../../arm-none-eabi/lib/thumb/v7-m/nofp\libc_nano.a(lib_a-init.o)
 .debug_frame   0x00000000000028c4       0x20 c:/st/stm32cubeide_1.7.0/stm32cubeide/plugins/com.st.stm32cube.ide.mcu.externaltools.gnu-tools-for-stm32.9-2020-q2-update.win32_2.0.0.202105311346/tools/bin/../lib/gcc/arm-none-eabi/9.3.1/../../../../arm-none-eabi/lib/thumb/v7-m/nofp\libc_nano.a(lib_a-memset.o)
